
 num     #instances         #bytes  class name
----------------------------------------------
   1:         62020       11330376  [C
   2:          3297       10818696  [I
   3:          2875        1808224  [B
   4:         54639        1311336  java.lang.String
   5:         11357         999416  java.lang.reflect.Method
   6:          7118         790320  java.lang.Class
   7:         20199         646368  java.util.concurrent.ConcurrentHashMap$Node
   8:          9315         457856  [Ljava.lang.Object;
   9:          9871         315872  java.lang.ref.WeakReference
  10:          9606         307392  java.util.HashMap$Node
  11:          7649         305960  java.util.LinkedHashMap$Entry
  12:          3471         291088  [Ljava.util.HashMap$Node;
  13:         12599         278840  [Ljava.lang.Class;
  14:         15031         240496  java.lang.Object
  15:          5131         205240  java.lang.ref.SoftReference
  16:          3638         203728  java.util.LinkedHashMap
  17:           115         174320  [Ljava.util.concurrent.ConcurrentHashMap$Node;
  18:          2532         141792  java.beans.MethodDescriptor
  19:          3969         135672  [Ljava.lang.String;
  20:          1872         134784  java.lang.reflect.Field
  21:          5563         133512  java.util.ArrayList
  22:          5450         130800  java.beans.MethodRef
  23:          2598         124704  org.springframework.core.ResolvableType
  24:          1365         109200  java.lang.reflect.Constructor
  25:          1630         104320  java.net.URL
  26:          1486          96360  [Ljava.lang.reflect.Method;
  27:          2272          90880  org.springframework.util.ConcurrentReferenceHashMap$Segment
  28:          2827          90464  java.util.ArrayList$Itr
  29:          2635          84320  java.util.concurrent.locks.ReentrantLock$NonfairSync
  30:          2433          77856  java.lang.ref.ReferenceQueue
  31:          2385          76592  [Lorg.springframework.util.ConcurrentReferenceHashMap$Reference;
  32:          1280          71680  java.lang.Class$ReflectionData
  33:          1762          70480  java.util.HashMap$KeyIterator
  34:           710          68160  org.springframework.beans.GenericTypeAwarePropertyDescriptor
  35:          1259          60432  java.util.HashMap
  36:          1423          56920  java.util.TreeMap$Entry
  37:          2272          54528  org.springframework.util.ConcurrentReferenceHashMap$ReferenceManager
  38:          2404          54000  [Ljava.lang.reflect.Type;
  39:           959          53704  java.lang.invoke.MemberName
  40:          2131          51144  sun.reflect.generics.tree.SimpleClassTypeSignature
  41:           883          49448  java.util.concurrent.ConcurrentHashMap$KeyIterator
  42:           684          49248  java.beans.PropertyDescriptor
  43:           731          46784  org.springframework.core.MethodParameter
  44:           957          45936  org.springframework.util.ConcurrentReferenceHashMap$SoftEntryReference
  45:           906          43488  org.apache.tomcat.util.modeler.AttributeInfo
  46:          1773          42552  java.util.Collections$UnmodifiableCollection$1
  47:          2131          39960  [Lsun.reflect.generics.tree.TypeArgument;
  48:          1247          39904  org.springframework.boot.loader.jar.StringSequence
  49:          2435          38960  java.lang.ref.ReferenceQueue$Lock
  50:          1609          38616  java.util.LinkedList$Node
  51:           941          37640  java.lang.invoke.MethodType
  52:           134          33712  [[C
  53:          1971          31536  sun.reflect.generics.tree.ClassTypeSignature
  54:           970          31040  java.lang.invoke.MethodType$ConcurrentWeakInternSet$WeakEntry
  55:           646          31008  java.util.zip.Inflater
  56:           422          30384  org.springframework.core.annotation.AnnotationAttributes
  57:          1247          29928  org.springframework.boot.loader.jar.JarURLConnection$JarEntryName
  58:           923          29536  java.util.LinkedList
  59:           715          28600  java.lang.ref.Finalizer
  60:           474          26544  java.lang.Package
  61:           302          24880  [S
  62:           493          23664  java.util.concurrent.locks.ReentrantReadWriteLock$NonfairSync
  63:           957          22968  org.springframework.util.ConcurrentReferenceHashMap$Entry
  64:           927          22248  sun.reflect.annotation.AnnotationInvocationHandler
  65:           905          21784  [Lorg.springframework.core.ResolvableType;
  66:           379          21224  jdk.internal.org.objectweb.asm.Item
  67:           120          20160  org.springframework.context.annotation.ConfigurationClassBeanDefinitionReader$ConfigurationClassBeanDefinition
  68:          1242          19872  org.springframework.core.ResolvableType$DefaultVariableResolver
  69:           403          19344  org.apache.tomcat.util.modeler.OperationInfo
  70:           236          18880  org.springframework.boot.loader.jar.JarURLConnection
  71:           804          18696  [Ljava.lang.reflect.Constructor;
  72:           845          17800  [Lsun.reflect.generics.tree.FieldTypeSignature;
  73:          1112          17792  java.util.LinkedHashSet
  74:           538          17216  javax.management.MBeanAttributeInfo
  75:           535          17120  java.lang.invoke.DirectMethodHandle
  76:           424          16960  java.util.WeakHashMap$Entry
  77:           645          16848  [Ljava.lang.CharSequence;
  78:          1042          16672  java.lang.Integer
  79:           259          16576  java.util.concurrent.ConcurrentHashMap
  80:           687          16488  java.lang.Class$AnnotationData
  81:           687          16488  sun.reflect.generics.reflectiveObjects.ParameterizedTypeImpl
  82:            80          16416  [Z
  83:           683          16392  sun.reflect.generics.factory.CoreReflectionFactory
  84:           338          16224  ch.qos.logback.classic.Logger
  85:           646          15504  java.util.zip.ZStreamRef
  86:           638          15312  java.util.jar.Attributes$Name
  87:           594          14256  sun.reflect.NativeConstructorAccessorImpl
  88:           427          13664  java.util.Hashtable$Entry
  89:           120          12736  [Ljava.beans.MethodDescriptor;
  90:            13          12560  [Ljdk.internal.org.objectweb.asm.Item;
  91:           309          12240  [Ljava.lang.reflect.Field;
  92:           303          12120  sun.reflect.generics.repository.MethodRepository
  93:           378          12096  java.lang.invoke.LambdaForm$Name
  94:           756          12096  java.util.LinkedHashMap$LinkedKeySet
  95:           684          12080  [Lsun.reflect.generics.tree.FormalTypeParameter;
  96:           200          12000  [Ljava.lang.ref.SoftReference;
  97:           375          12000  sun.reflect.generics.repository.ClassRepository
  98:           494          11856  java.util.concurrent.locks.ReentrantReadWriteLock
  99:           721          11536  java.util.LinkedHashMap$LinkedValues
 100:           142          11360  [Lorg.springframework.util.ConcurrentReferenceHashMap$Segment;
 101:           283          11320  javax.management.MBeanOperationInfo
 102:            69          11040  org.springframework.beans.factory.support.RootBeanDefinition
 103:           683          10928  org.springframework.core.annotation.AnnotationUtils$DefaultValueHolder
 104:           341          10912  sun.misc.FDBigInteger
 105:           129          10816  [Ljava.util.Hashtable$Entry;
 106:           323          10336  org.springframework.boot.context.properties.source.ConfigurationPropertyName
 107:           645          10320  java.util.LinkedHashMap$LinkedEntrySet
 108:           620           9920  sun.reflect.DelegatingConstructorAccessorImpl
 109:           309           9888  sun.reflect.generics.tree.MethodTypeSignature
 110:           170           9520  java.util.ResourceBundle$CacheKey
 111:           234           9448  [Ljava.beans.PropertyDescriptor;
 112:           389           9336  sun.reflect.generics.scope.ClassScope
 113:           291           9312  org.apache.tomcat.util.modeler.ParameterInfo
 114:            79           9008  [Ljava.util.WeakHashMap$Entry;
 115:           375           9000  sun.reflect.generics.tree.ClassSignature
 116:           281           8992  org.springframework.core.SerializableTypeWrapper$MethodParameterTypeProvider
 117:           403           8392  [Lorg.apache.tomcat.util.modeler.ParameterInfo;
 118:           375           7912  [Lsun.reflect.generics.tree.ClassTypeSignature;
 119:           494           7904  java.util.concurrent.locks.ReentrantReadWriteLock$ReadLock
 120:           494           7904  java.util.concurrent.locks.ReentrantReadWriteLock$Sync$ThreadLocalHoldCounter
 121:           494           7904  java.util.concurrent.locks.ReentrantReadWriteLock$WriteLock
 122:           321           7704  org.springframework.boot.context.properties.source.PropertyMapping
 123:           158           7584  java.util.ResourceBundle$BundleReference
 124:           397           7488  [Ljava.lang.reflect.TypeVariable;
 125:           156           7488  java.lang.invoke.LambdaForm
 126:           155           7440  java.util.logging.LogManager$LoggerWeakRef
 127:           303           7272  sun.reflect.generics.scope.MethodScope
 128:           162           7120  [Ljava.lang.invoke.LambdaForm$Name;
 129:           309           7120  [Lsun.reflect.generics.tree.TypeSignature;
 130:           219           7008  javax.management.MBeanParameterInfo
 131:           125           7000  java.lang.invoke.MethodTypeForm
 132:           218           6976  java.util.RegularEnumSet
 133:           275           6600  java.util.concurrent.CopyOnWriteArrayList
 134:           272           6528  org.springframework.beans.BeanMetadataAttribute
 135:            29           6496  jdk.internal.org.objectweb.asm.MethodWriter
 136:           262           6288  org.springframework.cglib.core.Signature
 137:           156           6240  java.util.HashMap$ValueIterator
 138:           259           6216  org.springframework.core.convert.converter.GenericConverter$ConvertiblePair
 139:           256           6144  java.lang.Long
 140:            16           6016  java.lang.Thread
 141:           186           5952  org.apache.logging.slf4j.SLF4JLogger
 142:           185           5920  sun.reflect.generics.reflectiveObjects.WildcardTypeImpl
 143:           120           5760  java.beans.BeanDescriptor
 144:            65           5720  org.springframework.beans.ExtendedBeanInfo$SimplePropertyDescriptor
 145:           357           5712  java.util.HashSet
 146:           142           5680  org.springframework.util.ConcurrentReferenceHashMap
 147:           170           5440  java.util.ResourceBundle$LoaderReference
 148:            75           5400  java.util.logging.Logger
 149:           330           5280  com.sun.proxy.$Proxy24
 150:           218           5232  java.lang.StringBuilder
 151:           109           5232  java.util.Hashtable
 152:           218           5232  org.springframework.beans.factory.annotation.InjectionMetadata
 153:           161           5152  org.springframework.asm.Type
 154:           208           4992  sun.reflect.NativeMethodAccessorImpl
 155:            75           4936  [Ljavax.management.MBeanAttributeInfo;
 156:           153           4896  sun.reflect.generics.reflectiveObjects.TypeVariableImpl
 157:           120           4800  java.beans.GenericBeanInfo
 158:           300           4800  org.apache.commons.logging.LogFactory$Log4jLog
 159:           299           4784  java.util.concurrent.locks.ReentrantLock
 160:           199           4776  org.springframework.boot.autoconfigure.condition.ConditionEvaluationReport$ConditionAndOutcome
 161:           199           4776  org.springframework.boot.autoconfigure.condition.ConditionOutcome
 162:           190           4560  sun.reflect.generics.tree.Wildcard
 163:           189           4536  javax.management.ImmutableDescriptor
 164:           188           4512  org.apache.logging.log4j.message.DefaultFlowMessageFactory
 165:           183           4392  org.hibernate.validator.internal.engine.constraintvalidation.ClassBasedValidatorDescriptor
 166:           180           4320  java.lang.invoke.LambdaForm$NamedFunction
 167:           107           4280  org.springframework.beans.factory.annotation.InitDestroyAnnotationBeanPostProcessor$LifecycleMetadata
 168:           176           4224  org.springframework.boot.web.server.MimeMappings$Mapping
 169:            75           4200  org.springframework.core.type.classreading.MethodMetadataReadingVisitor
 170:           168           4152  [Ljavax.management.MBeanParameterInfo;
 171:            37           4144  org.springframework.beans.factory.annotation.AnnotatedGenericBeanDefinition
 172:           172           4128  com.fasterxml.jackson.databind.type.ClassKey
 173:           128           4096  com.sun.jmx.mbeanserver.ConvertingMethod
 174:           256           4096  java.lang.Byte
 175:           256           4096  java.lang.Short
 176:           127           4064  com.sun.org.apache.xerces.internal.xni.QName
 177:           127           4064  java.util.logging.LogManager$LogNode
 178:           127           4064  org.springframework.boot.loader.data.RandomAccessDataFile
 179:           254           4064  org.springframework.core.convert.support.GenericConversionService$ConvertersForPair
 180:           166           3984  org.springframework.core.SerializableTypeWrapper$$Lambda$14/1496724653
 181:           120           3840  java.security.CodeSource
 182:            10           3840  org.apache.tomcat.util.threads.TaskThread
 183:            53           3816  sun.reflect.DelegatingClassLoader
 184:           119           3808  java.util.Vector
 185:           118           3776  java.lang.invoke.BoundMethodHandle$Species_L
 186:            94           3760  java.security.ProtectionDomain
 187:           235           3760  sun.reflect.DelegatingMethodAccessorImpl
 188:           155           3720  sun.reflect.generics.tree.FormalTypeParameter
 189:            92           3680  java.math.BigInteger
 190:           230           3680  java.util.Collections$UnmodifiableSet
 191:            76           3648  java.util.WeakHashMap
 192:            38           3648  org.springframework.boot.loader.jar.JarFile
 193:           224           3584  java.util.HashMap$KeySet
 194:            64           3584  org.apache.tomcat.util.modeler.ManagedBean
 195:            64           3584  org.hibernate.validator.internal.util.ConcurrentReferenceHashMap$Segment
 196:            74           3552  javax.management.MBeanInfo
 197:           147           3528  java.util.concurrent.CopyOnWriteArrayList$COWIterator
 198:           146           3504  org.apache.catalina.LifecycleEvent
 199:           106           3392  org.springframework.core.convert.support.GenericConversionService$ConverterAdapter
 200:            34           3264  sun.util.calendar.Gregorian$Date
 201:           155           3256  [Lorg.apache.catalina.Container;
 202:            29           3248  org.springframework.boot.loader.jar.JarEntry
 203:           199           3184  org.springframework.boot.autoconfigure.condition.ConditionMessage
 204:            35           3136  [Ljava.lang.invoke.MethodHandle;
 205:            78           3120  java.lang.ClassNotFoundException
 206:           114           3064  [Lorg.springframework.asm.Type;
 207:           127           3048  javax.management.ObjectName$Property
 208:            95           3040  org.springframework.cglib.proxy.MethodProxy
 209:           109           3008  [Ljavax.management.ObjectName$Property;
 210:           187           2992  org.apache.logging.log4j.message.ParameterizedMessageFactory
 211:           187           2992  sun.reflect.generics.tree.TypeVariableSignature
 212:            73           2920  java.io.ObjectStreamField
 213:            60           2880  java.util.TreeMap
 214:            45           2880  javax.management.openmbean.OpenMBeanAttributeInfoSupport
 215:           180           2880  org.springframework.core.SerializableTypeWrapper$TypeProxyInvocationHandler
 216:            69           2816  [Ljava.security.ProtectionDomain;
 217:           176           2816  org.springframework.boot.autoconfigure.condition.ConditionEvaluationReport$ConditionAndOutcomes
 218:           117           2808  org.springframework.beans.MutablePropertyValues
 219:           115           2760  org.springframework.beans.CachedIntrospectionResults
 220:            86           2752  java.lang.invoke.DirectMethodHandle$Special
 221:            38           2736  org.springframework.core.type.classreading.AnnotationMetadataReadingVisitor
 222:            64           2688  [Lorg.hibernate.validator.internal.util.ConcurrentReferenceHashMap$HashEntry;
 223:           168           2688  org.springframework.core.$Proxy5
 224:            67           2680  org.springframework.core.SerializableTypeWrapper$MethodInvokeTypeProvider
 225:           135           2536  [Lcom.sun.jmx.mbeanserver.MXBeanMapping;
 226:            65           2504  [Ljavax.management.MBeanOperationInfo;
 227:            52           2496  org.springframework.boot.loader.jar.ZipInflaterInputStream
 228:           102           2448  java.net.URLClassLoader$1
 229:            38           2432  org.springframework.boot.loader.jar.JarFileEntries$1
 230:            75           2400  sun.reflect.UnsafeStaticObjectFieldAccessorImpl
 231:            32           2304  java.util.regex.Pattern
 232:            41           2296  sun.util.calendar.ZoneInfo
 233:            55           2200  javax.management.ObjectName
 234:            44           2112  sun.util.locale.LocaleObjectCache$CacheEntry
 235:           128           2048  java.lang.Character
 236:            63           2016  java.lang.reflect.WeakCache$CacheValue
 237:            84           2016  java.util.regex.Pattern$1
 238:            12           2016  jdk.internal.org.objectweb.asm.ClassWriter
 239:           126           2016  org.springframework.util.LinkedMultiValueMap
 240:            49           1960  java.lang.reflect.Parameter
 241:            30           1920  jdk.internal.org.objectweb.asm.Label
 242:            33           1848  java.util.concurrent.ConcurrentHashMap$ValueIterator
 243:            57           1824  java.lang.ThreadLocal$ThreadLocalMap$Entry
 244:            38           1824  org.springframework.boot.loader.jar.JarFileEntries
 245:            54           1728  org.springframework.cglib.proxy.MethodProxy$FastClassInfo
 246:            52           1664  java.lang.reflect.Proxy$Key1
 247:            52           1664  sun.reflect.annotation.AnnotationType
 248:            68           1632  java.security.Provider$ServiceKey
 249:            68           1632  java.util.regex.Pattern$GroupHead
 250:            68           1632  java.util.regex.Pattern$GroupTail
 251:            67           1608  jdk.internal.org.objectweb.asm.ByteVector
 252:            40           1600  java.security.AccessControlContext
 253:            40           1600  sun.management.DiagnosticCommandArgumentInfo
 254:            49           1568  java.util.regex.Pattern$Branch
 255:            78           1552  [Ljava.lang.reflect.Parameter;
 256:            97           1552  java.util.HashMap$Values
 257:             1           1544  [[B
 258:            95           1520  java.security.ProtectionDomain$Key
 259:            27           1512  java.security.Provider$Service
 260:            63           1512  java.time.LocalDateTime
 261:            27           1512  org.apache.tomcat.util.res.StringManager$1
 262:            94           1504  [Ljava.security.Principal;
 263:            12           1504  [Lorg.springframework.boot.context.properties.source.PropertyMapping;
 264:            37           1480  org.springframework.cglib.proxy.Enhancer$EnhancerKey$$KeyFactoryByCGLIB$$4ce19e8f
 265:            46           1472  java.util.zip.ZipCoder
 266:            30           1440  java.time.temporal.ValueRange
 267:            15           1432  [J
 268:            49           1424  [Ljava.util.regex.Pattern$Node;
 269:            59           1416  java.util.regex.Pattern$Single
 270:            88           1408  com.sun.proxy.$Proxy33
 271:            58           1392  java.util.Collections$UnmodifiableRandomAccessList
 272:            51           1384  [Ljava.lang.annotation.ElementType;
 273:             1           1376  [Lsun.misc.FDBigInteger;
 274:            57           1368  java.util.Collections$SingletonList
 275:            55           1320  java.time.LocalDate
 276:            55           1320  org.springframework.boot.context.properties.ConfigurationBeanFactoryMetadata$FactoryMetadata
 277:            41           1312  org.springframework.cglib.proxy.MethodProxy$CreateInfo
 278:            54           1296  com.sun.jmx.mbeanserver.NamedObject
 279:            53           1272  java.time.LocalTime
 280:            39           1248  java.util.Collections$SynchronizedMap
 281:            52           1248  java.util.regex.Pattern$BitClass
 282:            52           1248  org.springframework.boot.loader.data.RandomAccessDataFile$DataInputStream
 283:            31           1240  sun.nio.cs.UTF_8$Decoder
 284:            51           1224  org.springframework.core.convert.TypeDescriptor
 285:            51           1224  org.springframework.core.convert.TypeDescriptor$AnnotatedElementAdapter
 286:            38           1216  java.security.Permissions
 287:            30           1200  java.time.temporal.ChronoField
 288:            38           1184  [Ljava.math.BigInteger;
 289:            74           1184  java.util.jar.Attributes
 290:            37           1184  sun.reflect.UnsafeObjectFieldAccessorImpl
 291:            49           1176  org.springframework.boot.autoconfigure.condition.OnClassCondition
 292:            73           1168  com.sun.proxy.$Proxy9
 293:            29           1160  java.util.PropertyResourceBundle
 294:             8           1152  java.text.DecimalFormat
 295:            36           1152  java.util.regex.Pattern$Curly
 296:            36           1152  org.springframework.cglib.core.WeakCacheKey
 297:            36           1152  org.springframework.cglib.proxy.Enhancer$EnhancerFactoryData
 298:            11           1144  java.lang.invoke.InnerClassLambdaMetafactory
 299:            11           1144  org.springframework.beans.factory.support.GenericBeanDefinition
 300:            37           1120  [Ljava.time.format.DateTimeFormatterBuilder$DateTimePrinterParser;
 301:            35           1120  java.io.FilePermission
 302:            46           1104  java.util.ArrayDeque
 303:            34           1088  org.springframework.boot.loader.jar.AsciiBytes
 304:            34           1088  org.springframework.format.support.FormattingConversionService$AnnotationParserConverter
 305:            34           1088  org.springframework.format.support.FormattingConversionService$AnnotationPrinterConverter
 306:            27           1080  org.springframework.boot.loader.jar.CentralDirectoryFileHeader
 307:            19           1064  sun.misc.URLClassPath$JarLoader
 308:             1           1040  [Ljava.lang.Byte;
 309:             1           1040  [Ljava.lang.Integer;
 310:             1           1040  [Ljava.lang.Long;
 311:             1           1040  [Ljava.lang.Short;
 312:             1           1040  [Lsun.text.normalizer.UnicodeSet;
 313:            64           1024  [Lorg.apache.tomcat.util.modeler.NotificationInfo;
 314:             6           1008  [Ljava.net.URL;
 315:            42           1008  java.util.regex.Pattern$Slice
 316:            25           1000  java.time.format.DateTimeFormatter
 317:            62            992  org.apache.juli.logging.DirectJDKLog
 318:            41            984  org.springframework.core.io.ClassPathResource
 319:            47            960  [Ljava.lang.annotation.Annotation;
 320:            30            960  java.security.Provider$EngineDescription
 321:            40            960  java.util.Arrays$ArrayList
 322:            24            960  org.apache.tomcat.util.modeler.BaseModelMBean
 323:            24            960  org.springframework.core.annotation.AnnotationUtils$AliasDescriptor
 324:            40            960  org.springframework.http.MediaType
 325:            29            928  java.io.File
 326:            29            928  java.util.TreeMap$KeyIterator
 327:            29            928  org.springframework.format.support.FormattingConversionService$PrinterConverter
 328:            38            912  org.springframework.boot.loader.jar.Handler
 329:            19            912  sun.management.DiagnosticCommandInfo
 330:            28            896  com.fasterxml.jackson.databind.DeserializationFeature
 331:            37            888  java.time.format.DateTimeFormatterBuilder$CompositePrinterParser
 332:            37            888  java.util.jar.Manifest
 333:            37            888  sun.misc.URLClassPath$Loader
 334:            22            880  org.springframework.util.ConcurrentReferenceHashMap$Segment$1
 335:            36            864  com.sun.org.apache.xerces.internal.util.XMLStringBuffer
 336:            36            864  java.io.FilePermissionCollection
 337:            54            864  java.lang.ThreadLocal
 338:            15            840  javax.management.openmbean.ArrayType
 339:            21            840  sun.util.locale.BaseLocale$Key
 340:            26            832  com.fasterxml.jackson.databind.MapperFeature
 341:            26            832  java.time.format.DateTimeFormatterBuilder$NumberPrinterParser
 342:            26            832  org.hibernate.validator.internal.engine.valueextraction.ValueExtractorDescriptor
 343:            20            800  com.sun.jmx.mbeanserver.MXBeanSupport
 344:            25            800  java.net.InetAddress$InetAddressHolder
 345:            20            800  org.apache.tomcat.util.collections.ManagedConcurrentWeakHashMap$Key
 346:            33            792  java.io.ExpiringCache$Entry
 347:            33            792  java.util.Date
 348:            33            792  java.util.regex.Pattern$Ctype
 349:            33            792  org.springframework.context.event.GenericApplicationListenerAdapter
 350:            43            784  [Ljavax.management.MBeanNotificationInfo;
 351:            49            784  com.sun.proxy.$Proxy0
 352:            49            784  com.sun.proxy.$Proxy3
 353:            14            784  java.lang.invoke.LambdaFormEditor$Transform
 354:             7            784  java.util.GregorianCalendar
 355:            49            784  java.util.regex.Pattern$BranchConn
 356:            14            784  jdk.internal.org.objectweb.asm.AnnotationWriter
 357:             8            768  [Lcom.sun.org.apache.xerces.internal.xni.QName;
 358:            32            768  com.sun.jmx.mbeanserver.DefaultMXBeanMappingFactory$IdentityMapping
 359:            16            768  com.sun.org.apache.xerces.internal.util.XMLAttributesImpl$Attribute
 360:            16            768  java.util.Properties
 361:            24            768  sun.misc.URLClassPath$Loader$1
 362:            48            768  sun.reflect.generics.tree.ArrayTypeSignature
 363:            47            752  com.sun.proxy.$Proxy2
 364:            31            744  com.sun.org.apache.xerces.internal.xni.XMLString
 365:            31            744  java.util.regex.Pattern$Ques
 366:            23            736  com.fasterxml.jackson.databind.SerializationFeature
 367:            23            736  java.util.Collections$UnmodifiableMap
 368:            24            728  [Ljava.io.ObjectStreamField;
 369:            18            720  java.lang.invoke.MethodHandleImpl$IntrinsicMethodHandle
 370:            15            720  java.lang.management.PlatformComponent
 371:            30            720  java.net.URLClassLoader$2
 372:            18            720  org.hibernate.validator.internal.metadata.aggregated.CascadingMetaDataBuilder
 373:            30            720  org.jboss.logging.Log4j2Logger
 374:            18            720  sun.reflect.UnsafeQualifiedStaticObjectFieldAccessorImpl
 375:            22            704  org.springframework.util.ConcurrentReferenceHashMap$1
 376:            29            696  org.springframework.format.support.FormattingConversionService$ParserConverter
 377:             3            688  [Ljava.lang.ThreadLocal$ThreadLocalMap$Entry;
 378:            43            688  org.springframework.beans.factory.support.ConstructorResolver$AutowiredArgumentMarker
 379:            21            672  com.sun.jmx.mbeanserver.WeakIdentityHashMap$IdentityWeakReference
 380:            28            672  java.security.Provider$UString
 381:            21            672  java.util.Locale
 382:            21            672  java.util.PropertyPermission
 383:             6            672  sun.nio.ch.SocketChannelImpl
 384:            21            672  sun.util.locale.BaseLocale
 385:             6            664  [D
 386:            41            656  org.springframework.expression.common.LiteralExpression
 387:            27            648  java.time.ZoneRegion
 388:            27            648  org.apache.tomcat.util.res.StringManager
 389:            16            640  java.util.IdentityHashMap
 390:            39            632  [Ljavax.management.MBeanConstructorInfo;
 391:             3            624  [Ljava.lang.invoke.LambdaForm;
 392:            13            624  com.fasterxml.jackson.databind.type.SimpleType
 393:            26            624  java.lang.invoke.MethodHandles$Lookup
 394:            39            624  java.util.HashMap$EntrySet
 395:            39            624  java.util.concurrent.atomic.AtomicInteger
 396:            26            624  org.hibernate.validator.internal.engine.valueextraction.ValueExtractorDescriptor$Key
 397:            19            608  sun.management.DiagnosticCommandImpl$Wrapper
 398:            15            600  java.io.FileDescriptor
 399:            25            600  java.util.concurrent.atomic.AtomicLong
 400:            25            600  org.springframework.core.type.StandardAnnotationMetadata
 401:            25            600  sun.nio.cs.CharsetMapping$Entry
 402:            24            592  [Lorg.springframework.util.ConcurrentReferenceHashMap$TaskOption;
 403:            37            592  com.sun.proxy.$Proxy18
 404:            37            592  org.springframework.boot.loader.jar.JarFile$$Lambda$1/1389133897
 405:             4            576  [Lcom.fasterxml.jackson.core.sym.CharsToNameCanonicalizer$Bucket;
 406:            18            576  java.lang.invoke.SimpleMethodHandle
 407:            36            576  java.util.TreeMap$KeySet
 408:            12            576  java.util.concurrent.ThreadPoolExecutor$Worker
 409:            12            576  org.hibernate.validator.internal.metadata.raw.ConstrainedExecutable
 410:            24            576  org.springframework.core.annotation.AnnotationUtils$AnnotationCacheKey
 411:            24            576  org.springframework.web.util.UrlPathHelper
 412:            12            576  sun.util.locale.provider.LocaleResources$ResourceReference
 413:            14            560  ch.qos.logback.core.status.InfoStatus
 414:            35            560  java.util.TreeSet
 415:             2            560  java.util.concurrent.ConcurrentHashMap$CounterCell
 416:            14            560  javax.management.openmbean.SimpleType
 417:            35            560  org.springframework.boot.autoconfigure.condition.OnBeanCondition
 418:            35            560  org.springframework.context.annotation.ConfigurationClassEnhancer$BeanFactoryAwareGeneratorStrategy
 419:            10            560  sun.invoke.util.Wrapper
 420:            23            552  com.sun.jmx.mbeanserver.PerInterface$MethodAndSig
 421:            23            552  org.yaml.snakeyaml.tokens.Token$ID
 422:            17            544  com.sun.org.apache.xerces.internal.util.AugmentationsImpl$SmallContainer
 423:            34            544  com.sun.proxy.$Proxy34
 424:             1            536  org.springframework.boot.web.embedded.tomcat.TomcatEmbeddedContext
 425:             1            528  [Ljava.lang.Character;
 426:            13            520  java.util.EnumMap
 427:            13            520  org.springframework.util.AntPathMatcher
 428:             8            512  java.text.DateFormatSymbols
 429:             8            512  java.text.DecimalFormatSymbols
 430:            16            512  java.time.temporal.ChronoUnit
 431:            16            512  java.util.LinkedHashMap$LinkedKeyIterator
 432:             8            512  jdk.internal.org.objectweb.asm.FieldWriter
 433:             9            504  com.fasterxml.jackson.databind.cfg.BaseSettings
 434:            21            504  java.time.Duration
 435:            21            504  java.util.AbstractMap$SimpleImmutableEntry
 436:            21            504  java.util.Locale$LocaleKey
 437:            21            504  java.util.concurrent.ConcurrentHashMap$KeySetView
 438:             9            504  javax.management.openmbean.CompositeType
 439:             9            504  sun.nio.cs.UTF_8$Encoder
 440:            19            488  [Lsun.management.DiagnosticCommandArgumentInfo;
 441:            12            480  com.sun.jmx.mbeanserver.PerInterface
 442:             6            480  com.sun.org.apache.xalan.internal.xsltc.trax.TransformerFactoryImpl
 443:            20            480  java.net.InetSocketAddress$InetSocketAddressHolder
 444:             4            480  java.net.SocksSocketImpl
 445:            10            480  java.nio.HeapByteBuffer
 446:            20            480  java.util.concurrent.locks.AbstractQueuedSynchronizer$ConditionObject
 447:            15            480  java.util.concurrent.locks.AbstractQueuedSynchronizer$Node
 448:            20            480  java.util.regex.Pattern$Start
 449:             2            480  org.apache.catalina.core.StandardWrapper
 450:            30            480  org.apache.logging.log4j.message.MessageFormatMessageFactory
 451:            29            464  org.apache.catalina.webresources.Cache$EvictionOrder
 452:            29            464  org.hibernate.validator.internal.util.logging.Log_$logger
 453:             6            456  [Lsun.invoke.util.Wrapper;
 454:            19            456  java.lang.invoke.Invokers
 455:            19            456  java.net.Inet4Address
 456:            19            456  sun.nio.ch.SocketOptionRegistry$RegistryKey
 457:            14            448  [Ljava.lang.ref.WeakReference;
 458:            14            448  com.fasterxml.jackson.core.JsonParser$Feature
 459:             7            448  java.nio.DirectByteBuffer
 460:             8            448  javax.management.openmbean.OpenMBeanParameterInfoSupport
 461:            14            448  org.springframework.boot.context.properties.bind.JavaBeanBinder$BeanProperty
 462:             1            432  [[[C
 463:            18            432  java.text.DateFormat$Field
 464:            18            432  org.springframework.beans.factory.config.ConstructorArgumentValues
 465:            18            432  sun.misc.MetaIndex
 466:             1            424  [Lcom.sun.org.apache.xerces.internal.util.SymbolTable$Entry;
 467:            26            416  com.sun.proxy.$Proxy37
 468:            13            416  org.apache.catalina.util.ManifestResource
 469:            26            416  sun.reflect.BootstrapConstructorAccessorImpl
 470:            17            408  com.sun.org.apache.xerces.internal.util.SymbolTable$Entry
 471:            17            408  org.springframework.boot.ansi.AnsiColor
 472:            17            408  org.springframework.boot.autoconfigure.web.servlet.WebMvcAutoConfiguration$EnableWebMvcConfiguration$$EnhancerBySpringCGLIB$$16691f9a$$FastClassBySpringCGLIB$$7cd98ae3
 473:            10            400  java.lang.invoke.DirectMethodHandle$Accessor
 474:             1            392  org.apache.tomcat.util.net.NioBlockingSelector$BlockPoller
 475:            24            384  com.sun.proxy.$Proxy23
 476:             1            384  java.lang.ref.Finalizer$FinalizerThread
 477:             6            384  java.text.SimpleDateFormat
 478:             6            384  java.util.jar.JarFile
 479:             1            384  java.util.logging.LogManager$Cleaner
 480:            12            384  org.apache.catalina.LifecycleState
 481:             1            384  org.springframework.boot.web.embedded.tomcat.TomcatWebServer$1
 482:             1            384  org.springframework.context.support.AbstractApplicationContext$1
 483:            16            384  sun.nio.ch.OptionKey
 484:             4            384  sun.nio.ch.ServerSocketChannelImpl
 485:             3            384  sun.nio.ch.WindowsSelectorImpl
 486:             7            376  [Lcom.sun.org.apache.xalan.internal.utils.XMLSecurityManager$State;
 487:             1            376  java.lang.ref.Reference$ReferenceHandler
 488:             9            360  com.sun.org.apache.xalan.internal.utils.XMLSecurityManager$Limit
 489:             9            360  com.sun.org.apache.xerces.internal.utils.XMLSecurityManager$Limit
 490:             5            360  java.util.concurrent.ThreadPoolExecutor
 491:            15            360  java.util.regex.Pattern$5
 492:            15            360  javax.management.StandardMBean
 493:            15            360  javax.websocket.CloseReason$CloseCodes
 494:             9            360  org.springframework.beans.factory.support.DisposableBeanAdapter
 495:             1            352  com.sun.org.apache.xerces.internal.impl.XMLNSDocumentScannerImpl
 496:             4            352  java.net.DualStackPlainSocketImpl
 497:            11            352  java.util.AbstractList$Itr
 498:             4            352  org.apache.catalina.webresources.CachedResource
 499:             1            344  com.sun.org.apache.xerces.internal.impl.XMLDocumentScannerImpl
 500:            14            336  ch.qos.logback.core.spi.ContextAwareBase
 501:             7            336  com.sun.jmx.mbeanserver.DefaultMXBeanMappingFactory$CompositeMapping
 502:            14            336  java.lang.invoke.LambdaFormEditor$Transform$Kind
 503:            14            336  java.lang.reflect.Proxy$KeyX
 504:             6            336  java.nio.DirectLongBufferU
 505:            14            336  org.springframework.context.support.MessageSourceAccessor
 506:            14            336  org.yaml.snakeyaml.nodes.Tag
 507:             6            336  sun.management.MemoryPoolImpl
 508:            13            328  [Lcom.sun.org.apache.xalan.internal.utils.FeaturePropertyBase$State;
 509:            16            328  [Ljava.lang.management.PlatformComponent;
 510:             4            320  [Lorg.hibernate.validator.internal.util.ConcurrentReferenceHashMap$Segment;
 511:            10            320  com.fasterxml.jackson.core.JsonGenerator$Feature
 512:             4            320  com.fasterxml.jackson.databind.DeserializationConfig
 513:             4            320  com.fasterxml.jackson.databind.SerializationConfig
 514:            10            320  java.lang.OutOfMemoryError
 515:            10            320  java.lang.reflect.WeakCache$CacheKey
 516:            20            320  java.net.InetSocketAddress
 517:             8            320  java.text.DigitList
 518:            20            320  java.time.format.DateTimeFormatterBuilder$CharLiteralPrinterParser
 519:            10            320  java.util.ResourceBundle$Control$1
 520:            10            320  jdk.internal.org.objectweb.asm.Type
 521:             8            320  sun.reflect.UnsafeQualifiedStaticIntegerFieldAccessorImpl
 522:            10            320  sun.security.jca.ProviderConfig
 523:            13            312  java.lang.RuntimePermission
 524:            13            312  java.lang.management.ManagementPermission
 525:            13            312  org.springframework.util.AntPathMatcher$PathSeparatorPatternCache
 526:             3            312  org.springframework.web.servlet.resource.ResourceHttpRequestHandler
 527:             4            304  [Ljava.lang.Thread;
 528:            19            304  com.sun.proxy.$Proxy1
 529:            12            288  ch.qos.logback.core.pattern.LiteralConverter
 530:             9            288  com.fasterxml.classmate.types.ResolvedPrimitiveType
 531:             4            288  com.fasterxml.jackson.databind.deser.DefaultDeserializationContext$Impl
 532:             4            288  com.fasterxml.jackson.databind.ser.DefaultSerializerProvider$Impl
 533:            18            288  com.fasterxml.jackson.databind.ser.std.ToStringSerializer
 534:            12            288  java.beans.PropertyChangeSupport
 535:            18            288  java.lang.Boolean
 536:            12            288  java.util.Collections$SetFromMap
 537:            12            288  java.util.Collections$SynchronizedSet
 538:             6            288  java.util.concurrent.LinkedBlockingQueue
 539:             3            288  java.util.jar.JarFile$JarFileEntry
 540:             9            288  java.util.logging.Level
 541:            12            288  java.util.regex.Pattern$Dollar
 542:            12            288  org.springframework.beans.factory.config.BeanExpressionContext
 543:             9            288  org.springframework.boot.context.properties.source.SpringIterableConfigurationPropertySource
 544:             9            288  org.springframework.context.event.AbstractApplicationEventMulticaster$ListenerRetriever
 545:            12            288  org.springframework.format.datetime.standard.TemporalAccessorParser
 546:            12            288  org.springframework.web.servlet.config.annotation.WebMvcConfigurationSupport$$FastClassBySpringCGLIB$$69f69f7c
 547:             9            280  [Ljava.lang.invoke.LambdaForm$BasicType;
 548:             7            280  org.springframework.boot.logging.logback.ColorConverter
 549:            17            272  com.sun.org.apache.xerces.internal.util.AugmentationsImpl
 550:            11            264  [Lorg.springframework.boot.context.properties.source.PropertyMapper;
 551:            11            264  java.lang.invoke.ConstantCallSite
 552:            11            264  java.lang.invoke.InfoFromMemberName
 553:            11            264  java.lang.invoke.InnerClassLambdaMetafactory$ForwardingMethodGenerator
 554:            11            264  java.net.StandardSocketOptions$StdSocketOption
 555:            11            264  org.springframework.core.convert.support.GenericConversionService$ConverterFactoryAdapter
 556:            11            264  sun.reflect.annotation.TypeAnnotation$TypeAnnotationTarget
 557:             2            256  [Lcom.fasterxml.jackson.databind.DeserializationFeature;
 558:             4            256  com.fasterxml.jackson.core.sym.ByteQuadsCanonicalizer
 559:             4            256  com.fasterxml.jackson.core.sym.CharsToNameCanonicalizer
 560:             4            256  com.fasterxml.jackson.databind.ObjectMapper
 561:             4            256  com.fasterxml.jackson.databind.introspect.AnnotatedClass
 562:             4            256  com.fasterxml.jackson.datatype.jsr310.JavaTimeModule
 563:             4            256  java.security.SecureRandom
 564:             8            256  javax.management.MBeanNotificationInfo
 565:             8            256  org.springframework.core.annotation.DefaultAnnotationAttributeExtractor
 566:             4            256  org.springframework.web.method.HandlerMethod$HandlerMethodParameter
 567:             8            256  sun.misc.ProxyGenerator$PrimitiveTypeInfo
 568:             4            256  sun.nio.cs.ext.DoubleByte$Encoder
 569:             2            240  [Lcom.fasterxml.jackson.databind.MapperFeature;
 570:             6            240  [Ljava.lang.invoke.BoundMethodHandle$SpeciesData;
 571:             2            240  [Lsun.nio.cs.CharsetMapping$Entry;
 572:            10            240  com.fasterxml.classmate.util.ClassKey
 573:            10            240  com.fasterxml.jackson.annotation.JsonFormat$Shape
 574:            10            240  com.fasterxml.jackson.databind.util.LRUMap
 575:            10            240  com.sun.org.apache.xerces.internal.impl.XMLScanner$NameType
 576:            10            240  java.lang.annotation.ElementType
 577:             6            240  java.lang.invoke.DirectMethodHandle$Constructor
 578:             6            240  java.lang.reflect.Proxy$Key2
 579:            10            240  java.security.CryptoPrimitive
 580:            15            240  java.util.concurrent.atomic.AtomicReference
 581:             5            240  org.apache.tomcat.util.descriptor.web.FilterDef
 582:            10            240  org.springframework.boot.autoconfigure.cache.CacheType
 583:            10            240  org.springframework.util.MimeType
 584:             6            240  org.springframework.web.accept.PathExtensionContentNegotiationStrategy
 585:            10            240  org.yaml.snakeyaml.events.Event$ID
 586:             6            240  sun.management.MemoryPoolImpl$CollectionSensor
 587:             6            240  sun.management.MemoryPoolImpl$PoolSensor
 588:             5            240  sun.misc.URLClassPath
 589:             2            224  [Lcom.fasterxml.jackson.databind.SerializationFeature;
 590:             4            224  com.fasterxml.jackson.databind.MappingJsonFactory
 591:            14            224  com.sun.proxy.$Proxy50
 592:             7            224  java.util.Stack
 593:             7            224  org.apache.tomcat.util.digester.ObjectCreateRule
 594:             7            224  org.apache.tomcat.util.digester.SetNextRule
 595:            14            224  org.springframework.core.convert.support.ObjectToStringConverter
 596:             4            224  org.springframework.web.method.HandlerMethod
 597:             4            224  sun.security.provider.SHA
 598:             7            216  [Ljava.lang.Boolean;
 599:             9            216  java.nio.file.attribute.PosixFilePermission
 600:             9            216  java.util.logging.Level$KnownLevel
 601:             1            216  org.springframework.beans.factory.support.DefaultListableBeanFactory
 602:             9            216  org.springframework.boot.context.properties.source.SpringIterableConfigurationPropertySource$Cache
 603:             9            216  sun.util.logging.PlatformLogger$Level
 604:             9            208  [Lcom.fasterxml.jackson.databind.ser.Serializers;
 605:             7            208  [Ljava.lang.invoke.LambdaForm$NamedFunction;
 606:            13            208  java.util.regex.Pattern$Begin
 607:            13            208  sun.reflect.generics.reflectiveObjects.GenericArrayTypeImpl
 608:             2            200  [Ljava.text.DateFormat$Field;
 609:             5            200  com.fasterxml.jackson.core.util.DefaultPrettyPrinter
 610:             1            200  com.sun.org.apache.xerces.internal.impl.XMLDTDScannerImpl
 611:             5            200  java.lang.invoke.BoundMethodHandle$SpeciesData
 612:             5            200  java.lang.invoke.MethodHandleImpl$AsVarargsCollector
 613:             5            200  java.util.stream.StreamOpFlag
 614:             5            200  org.apache.catalina.core.ApplicationFilterConfig
 615:             5            200  org.apache.tomcat.util.descriptor.web.FilterMap
 616:             4            192  com.fasterxml.jackson.databind.introspect.BasicBeanDescription
 617:             8            192  com.fasterxml.jackson.databind.module.SimpleSerializers
 618:             6            192  com.sun.org.apache.xalan.internal.utils.XMLSecurityManager
 619:             1            192  com.sun.org.apache.xerces.internal.parsers.XIncludeAwareParserConfiguration
 620:            12            192  com.sun.proxy.$Proxy32
 621:            12            192  com.sun.proxy.$Proxy4
 622:            12            192  java.beans.PropertyChangeSupport$PropertyChangeListenerMap
 623:             6            192  java.lang.invoke.LambdaForm$BasicType
 624:             8            192  java.lang.invoke.MethodHandleImpl$Intrinsic
 625:             8            192  java.math.RoundingMode
 626:             6            192  java.net.Inet6Address
 627:             6            192  java.net.Inet6Address$Inet6AddressHolder
 628:             6            192  java.time.format.TextStyle
 629:             4            192  org.apache.catalina.util.Extension
 630:             8            192  org.apache.logging.log4j.Level
 631:             8            192  org.apache.logging.log4j.spi.StandardLevel
 632:             1            192  org.apache.tomcat.util.net.NioEndpoint
 633:             4            192  org.hibernate.validator.internal.metadata.raw.ConstrainedParameter
 634:             4            192  org.hibernate.validator.internal.util.ConcurrentReferenceHashMap
 635:             3            192  org.springframework.beans.factory.support.DefaultListableBeanFactory$NestedDependencyDescriptor
 636:            12            192  org.springframework.core.SerializableTypeWrapper$$Lambda$15/721748895
 637:             8            192  org.springframework.core.annotation.SynthesizedAnnotationInvocationHandler
 638:            12            192  org.springframework.format.datetime.standard.TemporalAccessorPrinter
 639:             8            192  org.springframework.http.HttpMethod
 640:             6            192  org.springframework.http.converter.ResourceHttpMessageConverter
 641:             3            192  org.springframework.util.LinkedCaseInsensitiveMap$1
 642:             8            192  org.springframework.web.bind.annotation.RequestMethod
 643:             8            192  org.yaml.snakeyaml.scanner.Constant
 644:             6            192  sun.reflect.generics.repository.ConstructorRepository
 645:             1            176  com.sun.org.apache.xerces.internal.impl.dtd.XMLDTDValidator
 646:             1            176  com.sun.org.apache.xerces.internal.impl.dtd.XMLNSDTDValidator
 647:            11            176  java.util.concurrent.atomic.AtomicBoolean
 648:             2            176  org.apache.catalina.deploy.NamingResourcesImpl
 649:            11            176  org.springframework.boot.context.properties.source.SpringConfigurationPropertySource$DelegatingPropertyMapper
 650:             2            168  [Ljava.time.LocalDateTime;
 651:             1            168  [[Ljava.math.BigInteger;
 652:             7            168  ch.qos.logback.classic.Level
 653:             7            168  com.fasterxml.jackson.annotation.JsonInclude$Include
 654:             7            168  com.sun.management.VMOption$Origin
 655:             7            168  com.sun.org.apache.xerces.internal.util.FeatureState
 656:             7            168  java.net.NetPermission
 657:             7            168  java.time.ZoneOffset
 658:             7            168  java.util.concurrent.LinkedBlockingQueue$Node
 659:             3            168  javax.management.openmbean.OpenMBeanOperationInfoSupport
 660:             1            168  org.apache.catalina.core.StandardHost
 661:             7            168  org.apache.tomcat.util.digester.SetPropertiesRule
 662:             7            168  org.springframework.boot.logging.LogLevel
 663:             7            168  org.springframework.cglib.proxy.CallbackInfo
 664:             7            168  org.springframework.context.event.AbstractApplicationEventMulticaster$ListenerCacheKey
 665:             3            168  org.springframework.core.env.PropertySourcesPropertyResolver
 666:             7            168  org.springframework.web.cors.UrlBasedCorsConfigurationSource
 667:             7            168  org.springframework.web.servlet.mvc.method.annotation.RequestResponseBodyAdviceChain
 668:             3            168  sun.nio.ch.SinkChannelImpl
 669:             3            168  sun.nio.ch.SourceChannelImpl
 670:             5            160  [Lorg.springframework.web.bind.annotation.RequestMethod;
 671:             4            160  com.fasterxml.jackson.core.Base64Variant
 672:             4            160  com.fasterxml.jackson.core.Version
 673:             4            160  com.fasterxml.jackson.core.sym.ByteQuadsCanonicalizer$TableInfo
 674:             5            160  com.fasterxml.jackson.databind.cfg.DeserializerFactoryConfig
 675:             5            160  com.fasterxml.jackson.databind.type.TypeFactory
 676:             4            160  com.sun.org.apache.xerces.internal.impl.dtd.XMLSimpleType
 677:             4            160  java.lang.ClassLoader$NativeLibrary
 678:            10            160  java.nio.channels.spi.AbstractInterruptibleChannel$1
 679:            10            160  java.util.Formatter$Flags
 680:             5            160  java.util.regex.Pattern$3
 681:             5            160  javax.management.StandardEmitterMBean
 682:             5            160  org.apache.catalina.core.StandardPipeline
 683:             2            160  org.apache.catalina.core.StandardWrapperValve
 684:             4            160  org.apache.catalina.mbeans.ContainerMBean
 685:            10            160  org.apache.tomcat.util.threads.TaskThread$WrappingRunnable
 686:             4            160  org.springframework.beans.factory.config.ConstructorArgumentValues$ValueHolder
 687:            10            160  org.springframework.boot.autoconfigure.condition.OnPropertyCondition
 688:            10            160  org.springframework.core.$Proxy6
 689:             4            160  org.springframework.http.converter.json.MappingJackson2HttpMessageConverter
 690:             2            160  org.springframework.web.servlet.handler.SimpleUrlHandlerMapping
 691:             1            160  org.springframework.web.servlet.mvc.method.annotation.RequestMappingHandlerAdapter
 692:             2            160  sun.net.www.protocol.jar.URLJarFile
 693:             5            160  sun.util.locale.provider.LocaleProviderAdapter$Type
 694:             2            152  [[Ljava.lang.String;
 695:             1            152  org.apache.catalina.session.StandardManager
 696:             1            152  org.springframework.boot.web.servlet.context.AnnotationConfigServletWebServerApplicationContext
 697:             2            144  [Lcom.fasterxml.jackson.core.JsonParser$Feature;
 698:             5            144  [Ljava.net.InetAddress;
 699:             3            144  [Lsun.nio.ch.SelectionKeyImpl;
 700:             6            144  com.fasterxml.jackson.annotation.JsonAutoDetect$Visibility
 701:             6            144  com.fasterxml.jackson.core.JsonParser$NumberType
 702:             3            144  com.fasterxml.jackson.datatype.jsr310.deser.InstantDeserializer
 703:             6            144  com.sun.org.apache.xalan.internal.utils.FeatureManager
 704:             6            144  com.sun.org.apache.xalan.internal.utils.XMLSecurityPropertyManager
 705:             6            144  com.sun.org.apache.xerces.internal.util.Status
 706:             9            144  com.sun.proxy.$Proxy21
 707:             9            144  java.lang.reflect.Proxy$1
 708:             6            144  java.time.format.DateTimeFormatterBuilder$LocalizedPrinterParser
 709:             6            144  java.util.BitSet
 710:             6            144  java.util.concurrent.ConcurrentLinkedQueue$Node
 711:             6            144  java.util.regex.Pattern$SingleI
 712:             6            144  javax.validation.executable.ExecutableType
 713:             6            144  org.apache.logging.log4j.MarkerManager$Log4jMarker
 714:             9            144  org.hibernate.validator.internal.engine.valueextraction.ArrayElement
 715:             6            144  org.jboss.logging.Logger$Level
 716:             9            144  org.springframework.boot.autoconfigure.condition.OnWebApplicationCondition
 717:             9            144  org.springframework.boot.context.properties.source.SpringIterableConfigurationPropertySource$CacheKey
 718:             6            144  org.springframework.boot.loader.LaunchedURLClassLoader$$Lambda$7/548246552
 719:             1            144  org.springframework.boot.web.embedded.tomcat.TomcatEmbeddedWebappClassLoader
 720:             1            144  org.springframework.boot.web.embedded.tomcat.TomcatServletWebServerFactory
 721:             9            144  org.springframework.web.context.request.RequestScope
 722:             3            144  org.springframework.web.servlet.mvc.method.RequestMappingInfo
 723:             6            144  sun.misc.PerfCounter
 724:             3            144  sun.nio.ch.WindowsSelectorImpl$FdMap
 725:             3            144  sun.nio.cs.StreamEncoder
 726:             6            144  sun.reflect.generics.scope.ConstructorScope
 727:             6            144  sun.security.util.DisabledAlgorithmConstraints$Constraint$Operator
 728:             1            136  [Ljava.time.temporal.ChronoField;
 729:             1            136  org.apache.coyote.http11.Http11NioProtocol
 730:             6            128  [Lcom.fasterxml.jackson.databind.deser.Deserializers;
 731:             4            128  com.fasterxml.jackson.core.sym.CharsToNameCanonicalizer$TableInfo
 732:             4            128  com.fasterxml.jackson.databind.cfg.ConfigOverrides
 733:             4            128  com.sun.jmx.mbeanserver.DefaultMXBeanMappingFactory$ArrayMapping
 734:             1            128  com.sun.org.apache.xerces.internal.impl.XMLEntityManager
 735:             4            128  com.sun.org.apache.xerces.internal.util.XMLResourceIdentifierImpl
 736:             8            128  com.sun.proxy.$Proxy35
 737:             8            128  com.sun.proxy.$Proxy36
 738:             8            128  com.sun.proxy.$Proxy43
 739:             2            128  java.io.ExpiringCache$1
 740:             4            128  java.security.MessageDigest$Delegate
 741:             2            128  java.util.stream.ReferencePipeline$3
 742:             1            128  org.apache.catalina.core.StandardEngine
 743:             4            128  org.apache.tomcat.util.collections.SynchronizedStack
 744:             2            128  org.springframework.beans.factory.config.DependencyDescriptor
 745:             4            128  org.springframework.http.converter.StringHttpMessageConverter
 746:             4            128  org.springframework.util.PropertyPlaceholderHelper
 747:             4            128  org.springframework.web.method.annotation.RequestParamMethodArgumentResolver
 748:             2            128  org.springframework.web.servlet.config.annotation.WebMvcConfigurationSupport$EmptyHandlerMapping
 749:             4            128  sun.nio.ch.ServerSocketAdaptor
 750:             2            128  sun.nio.cs.ext.DoubleByte$Encoder_DBCSONLY
 751:             4            128  sun.security.provider.SecureRandom
 752:             5            120  [Lcom.fasterxml.jackson.databind.deser.KeyDeserializers;
 753:             3            120  [Lorg.springframework.http.HttpMethod;
 754:             5            120  ch.qos.logback.core.pattern.parser.TokenStream$TokenizerState
 755:             5            120  ch.qos.logback.core.subst.Token$Type
 756:             5            120  com.fasterxml.jackson.annotation.Nulls
 757:             5            120  com.fasterxml.jackson.core.util.DefaultIndenter
 758:             5            120  com.fasterxml.jackson.databind.cfg.SerializerFactoryConfig
 759:             5            120  com.sun.org.apache.xalan.internal.utils.FeaturePropertyBase$State
 760:             5            120  com.sun.org.apache.xalan.internal.utils.XMLSecurityManager$State
 761:             3            120  com.sun.org.apache.xerces.internal.impl.dtd.XMLEntityDecl
 762:             1            120  com.sun.org.apache.xerces.internal.jaxp.SAXParserImpl$JAXPSAXParser
 763:             5            120  com.sun.org.apache.xerces.internal.util.PropertyState
 764:             5            120  com.sun.org.apache.xerces.internal.utils.XMLSecurityManager$State
 765:             5            120  com.sun.org.apache.xerces.internal.utils.XMLSecurityPropertyManager$State
 766:             3            120  java.lang.invoke.BoundMethodHandle$Species_LL
 767:             5            120  java.lang.invoke.InnerClassLambdaMetafactory$1
 768:             5            120  java.time.format.SignStyle
 769:             3            120  java.util.Collections$SingletonMap
 770:             5            120  java.util.concurrent.atomic.AtomicMarkableReference$Pair
 771:             5            120  java.util.stream.StreamOpFlag$Type
 772:             5            120  javax.servlet.DispatcherType
 773:             1            120  org.apache.catalina.connector.Connector
 774:             5            120  org.apache.catalina.core.ContainerBase$StartStopThreadFactory
 775:             5            120  org.hibernate.validator.internal.metadata.raw.ConstrainedElement$ConstrainedElementKind
 776:             3            120  org.springframework.beans.factory.annotation.AutowiredAnnotationBeanPostProcessor$AutowiredMethodElement
 777:             5            120  org.springframework.boot.ansi.AnsiStyle
 778:             5            120  org.springframework.boot.autoconfigure.web.servlet.WebMvcAutoConfiguration$EnableWebMvcConfiguration$$FastClassBySpringCGLIB$$982f18bb
 779:             5            120  org.springframework.boot.web.servlet.DispatcherType
 780:             5            120  org.springframework.context.annotation.FilterType
 781:             5            120  org.springframework.core.io.DefaultResourceLoader
 782:             5            120  org.springframework.http.HttpStatus$Series
 783:             3            120  org.springframework.http.converter.xml.Jaxb2RootElementHttpMessageConverter
 784:             5            120  org.springframework.web.accept.ContentNegotiationManager
 785:             3            120  org.springframework.web.accept.ServletPathExtensionContentNegotiationStrategy
 786:             5            120  org.springframework.web.servlet.mvc.condition.ProducesRequestCondition
 787:             3            120  org.springframework.web.servlet.mvc.method.annotation.HttpEntityMethodProcessor
 788:             3            120  org.springframework.web.servlet.mvc.method.annotation.RequestResponseBodyMethodProcessor
 789:             5            120  org.yaml.snakeyaml.DumperOptions$ScalarStyle
 790:             3            120  sun.misc.FloatingDecimal$BinaryToASCIIBuffer
 791:             5            120  sun.misc.FloatingDecimal$PreparedASCIIToBinaryBuffer
 792:             3            120  sun.nio.ch.SocketAdaptor
 793:             5            120  sun.nio.fs.WindowsPathType
 794:             5            120  sun.util.resources.ParallelListResourceBundle$KeySet
 795:             2            112  [Lcom.fasterxml.jackson.core.JsonGenerator$Feature;
 796:             5            112  [Lcom.fasterxml.jackson.databind.deser.ValueInstantiators;
 797:             3            112  [Lcom.sun.org.apache.xerces.internal.util.XMLAttributesImpl$Attribute;
 798:             2            112  [Ljava.lang.invoke.MethodType;
 799:             2            112  [Ljava.security.CryptoPrimitive;
 800:             1            112  [Ljava.time.LocalTime;
 801:             2            112  [Ljava.time.ZoneOffset;
 802:             2            112  [Lorg.springframework.boot.autoconfigure.cache.CacheType;
 803:             1            112  [Lorg.yaml.snakeyaml.tokens.Token$ID;
 804:             2            112  com.sun.org.apache.xerces.internal.util.XMLAttributesIteratorImpl
 805:             7            112  com.sun.proxy.$Proxy38
 806:             7            112  com.sun.proxy.$Proxy49
 807:             2            112  java.net.SocketPermission
 808:             1            112  org.apache.catalina.core.StandardServer
 809:             1            112  org.apache.tomcat.util.digester.Digester
 810:             1            112  org.springframework.context.annotation.ScannedGenericBeanDefinition
 811:             2            112  org.springframework.core.ResolvableType$1
 812:             7            112  org.springframework.web.cors.DefaultCorsProcessor
 813:             1            112  org.springframework.web.servlet.DispatcherServlet
 814:             2            112  sun.nio.cs.ext.DoubleByte$Decoder_DBCSONLY
 815:             3            104  [Lorg.springframework.core.io.Resource;
 816:             1            104  ch.qos.logback.classic.LoggerContext
 817:             1            104  org.apache.tomcat.util.net.SocketProperties
 818:             1            104  org.springframework.web.servlet.view.InternalResourceViewResolver
 819:             4             96  [Lcom.fasterxml.jackson.databind.type.TypeModifier;
 820:             2             96  [Lcom.sun.org.apache.xerces.internal.utils.XMLSecurityManager$State;
 821:             4             96  [Ljava.net.InetSocketAddress;
 822:             4             96  [Lorg.apache.logging.log4j.Marker;
 823:             2             96  [Lorg.apache.logging.log4j.spi.StandardLevel;
 824:             2             96  [Lorg.springframework.boot.logging.LogLevel;
 825:             4             96  ch.qos.logback.core.pattern.parser.Token
 826:             4             96  ch.qos.logback.core.subst.Token
 827:             4             96  com.fasterxml.jackson.annotation.JsonCreator$Mode
 828:             4             96  com.fasterxml.jackson.core.JsonFactory$Feature
 829:             4             96  com.fasterxml.jackson.databind.deser.DeserializerCache
 830:             4             96  com.fasterxml.jackson.databind.introspect.SimpleMixInResolver
 831:             4             96  com.fasterxml.jackson.databind.module.SimpleDeserializers
 832:             4             96  com.fasterxml.jackson.databind.ser.SerializerCache
 833:             3             96  com.sun.jmx.mbeanserver.DefaultMXBeanMappingFactory$EnumMapping
 834:             3             96  com.sun.org.apache.xalan.internal.utils.XMLSecurityManager$NameMap
 835:             2             96  com.sun.org.apache.xerces.internal.impl.XMLDocumentFragmentScannerImpl$ElementStack
 836:             1             96  com.sun.org.apache.xerces.internal.impl.dtd.XMLDTDProcessor
 837:             3             96  com.sun.org.apache.xerces.internal.utils.XMLSecurityManager$NameMap
 838:             6             96  com.sun.proxy.$Proxy44
 839:             3             96  java.io.FileOutputStream
 840:             2             96  java.lang.ThreadGroup
 841:             4             96  java.text.Normalizer$Form
 842:             4             96  java.time.format.DateTimeFormatterBuilder$OffsetIdPrinterParser
 843:             4             96  java.time.format.DateTimeFormatterBuilder$SettingsParser
 844:             4             96  java.time.format.FormatStyle
 845:             2             96  java.util.Hashtable$Enumerator
 846:             2             96  java.util.Properties$LineReader
 847:             4             96  java.util.concurrent.ConcurrentLinkedQueue
 848:             3             96  java.util.logging.LogManager$LoggerContext$1
 849:             4             96  java.util.regex.Pattern$7
 850:             4             96  java.util.regex.Pattern$CharProperty$1
 851:             4             96  java.util.regex.Pattern$SliceI
 852:             4             96  java.util.stream.StreamShape
 853:             4             96  javax.management.NotificationBroadcasterSupport
 854:             2             96  javax.management.openmbean.TabularType
 855:             2             96  jdk.internal.org.objectweb.asm.Frame
 856:             1             96  org.apache.catalina.authenticator.NonLoginAuthenticator
 857:             2             96  org.apache.catalina.mbeans.NamingResourcesMBean
 858:             4             96  org.apache.catalina.webresources.EmptyResource
 859:             4             96  org.apache.commons.logging.LogFactory$LogApi
 860:             3             96  org.apache.tomcat.util.buf.UDecoder$DecodeException
 861:             3             96  org.apache.tomcat.util.collections.SynchronizedQueue
 862:             4             96  org.apache.tomcat.util.digester.ArrayStack
 863:             4             96  org.apache.tomcat.util.net.AbstractEndpoint$Acceptor$AcceptorState
 864:             2             96  org.apache.tomcat.util.net.NioEndpoint$Poller
 865:             1             96  org.apache.tomcat.util.threads.ThreadPoolExecutor
 866:             1             96  org.apache.tomcat.websocket.server.WsServerContainer
 867:             4             96  org.springframework.beans.ExtendedBeanInfo
 868:             2             96  org.springframework.beans.PropertyValue
 869:             3             96  org.springframework.beans.factory.support.DefaultListableBeanFactory$DependencyObjectProvider
 870:             4             96  org.springframework.boot.autoconfigure.jmx.JmxAutoConfiguration$$EnhancerBySpringCGLIB$$2ae73e36$$FastClassBySpringCGLIB$$474f1258
 871:             4             96  org.springframework.boot.autoconfigure.jmx.JmxAutoConfiguration$$FastClassBySpringCGLIB$$e2017fd7
 872:             4             96  org.springframework.context.annotation.ScopedProxyMode
 873:             6             96  org.springframework.core.DefaultParameterNameDiscoverer
 874:             6             96  org.springframework.core.LocalVariableTableParameterNameDiscoverer
 875:             6             96  org.springframework.core.StandardReflectionParameterNameDiscoverer
 876:             4             96  org.springframework.http.converter.ResourceRegionHttpMessageConverter
 877:             1             96  org.springframework.http.converter.json.Jackson2ObjectMapperBuilder
 878:             3             96  org.springframework.http.converter.xml.SourceHttpMessageConverter
 879:             4             96  org.springframework.util.ConcurrentReferenceHashMap$TaskOption
 880:             4             96  org.springframework.web.method.annotation.ModelAttributeMethodProcessor
 881:             3             96  org.springframework.web.servlet.handler.AbstractHandlerMethodMapping$MappingRegistration
 882:             3             96  org.springframework.web.servlet.mvc.condition.PatternsRequestCondition
 883:             3             96  org.springframework.web.servlet.resource.PathResourceResolver
 884:             4             96  org.yaml.snakeyaml.nodes.NodeId
 885:             2             96  sun.management.GarbageCollectorImpl
 886:             1             96  sun.misc.Launcher$AppClassLoader
 887:             3             96  sun.nio.ch.AllocatedNativeObject
 888:             3             96  sun.nio.ch.PollArrayWrapper
 889:             3             96  sun.nio.ch.WindowsSelectorImpl$SubSelector
 890:             1             96  sun.security.jca.ProviderList$1
 891:             1             96  sun.security.provider.Sun
 892:             2             96  sun.text.normalizer.CharTrie
 893:             3             96  sun.util.locale.provider.LocaleResources
 894:             3             96  sun.util.locale.provider.LocaleServiceProviderPool
 895:             2             88  [Ljava.nio.file.attribute.PosixFilePermission;
 896:             1             88  [Lorg.springframework.boot.ansi.AnsiColor;
 897:             4             88  [Lorg.springframework.core.MethodParameter;
 898:             1             88  org.springframework.boot.autoconfigure.web.ServerProperties$Tomcat
 899:             1             88  org.springframework.boot.autoconfigure.web.servlet.WebMvcAutoConfiguration$EnableWebMvcConfiguration$$EnhancerBySpringCGLIB$$16691f9a
 900:             1             88  org.springframework.boot.loader.LaunchedURLClassLoader
 901:             1             88  org.springframework.jmx.export.annotation.AnnotationMBeanExporter
 902:             1             88  org.springframework.web.servlet.mvc.method.annotation.RequestMappingHandlerMapping
 903:             1             88  sun.misc.Launcher$ExtClassLoader
 904:             1             88  sun.nio.cs.CharsetMapping
 905:             2             80  [F
 906:             1             80  [Ljava.nio.ByteBuffer;
 907:             1             80  [Ljava.time.temporal.ChronoUnit;
 908:             2             80  [Ljava.util.stream.StreamOpFlag$Type;
 909:             2             80  [Ljavax.servlet.DispatcherType;
 910:             2             80  [Ljavax.validation.executable.ExecutableType;
 911:             1             80  [Ljavax.websocket.CloseReason$CloseCodes;
 912:             2             80  [Lorg.springframework.context.annotation.FilterType;
 913:             2             80  [Lorg.springframework.http.HttpStatus$Series;
 914:             2             80  [[S
 915:             5             80  com.fasterxml.jackson.databind.deser.BeanDeserializerFactory
 916:             5             80  com.fasterxml.jackson.databind.ser.BeanSerializerFactory
 917:             5             80  com.fasterxml.jackson.databind.type.TypeParser
 918:             2             80  com.sun.jmx.mbeanserver.DefaultMXBeanMappingFactory$TabularMapping
 919:             2             80  com.sun.org.apache.xerces.internal.impl.XMLDocumentFragmentScannerImpl$ElementStack2
 920:             2             80  com.sun.org.apache.xerces.internal.impl.dtd.XMLDTDDescription
 921:             2             80  com.sun.org.apache.xerces.internal.impl.validation.ValidationState
 922:             5             80  com.sun.proxy.$Proxy56
 923:             2             80  com.sun.xml.internal.stream.util.BufferAllocator
 924:             2             80  java.io.BufferedWriter
 925:             2             80  java.io.ExpiringCache
 926:             5             80  java.lang.invoke.LambdaFormEditor
 927:             5             80  java.util.EnumMap$EntrySet
 928:             5             80  java.util.Hashtable$EntrySet
 929:             2             80  java.util.Locale$Category
 930:             5             80  java.util.concurrent.atomic.AtomicMarkableReference
 931:             2             80  java.util.regex.Pattern$Loop
 932:             1             80  org.apache.catalina.startup.Tomcat$1
 933:             1             80  org.apache.catalina.webresources.StandardRoot
 934:             2             80  org.hibernate.validator.internal.metadata.core.AnnotationProcessingOptionsImpl
 935:             2             80  org.springframework.context.event.SimpleApplicationEventMulticaster
 936:             1             80  org.springframework.context.support.PropertySourcesPlaceholderConfigurer
 937:             5             80  org.springframework.web.accept.HeaderContentNegotiationStrategy
 938:             1             80  org.springframework.web.servlet.handler.BeanNameUrlHandlerMapping
 939:             1             80  org.springframework.web.servlet.mvc.method.annotation.ExceptionHandlerExceptionResolver
 940:             2             80  sun.management.MemoryManagerImpl
 941:             2             80  sun.misc.Cleaner
 942:             1             72  [Ljava.lang.invoke.LambdaFormEditor$Transform$Kind;
 943:             1             72  [Ljavax.management.openmbean.SimpleType;
 944:             3             72  [Ljavax.validation.constraintvalidation.ValidationTarget;
 945:             2             72  [Lsun.security.jca.ProviderConfig;
 946:             1             72  ch.qos.logback.core.ConsoleAppender
 947:             3             72  ch.qos.logback.core.pattern.FormatInfo
 948:             3             72  ch.qos.logback.core.spi.FilterReply
 949:             3             72  ch.qos.logback.core.subst.Tokenizer$TokenizerState
 950:             3             72  com.fasterxml.jackson.databind.PropertyName
 951:             3             72  com.fasterxml.jackson.databind.ser.std.NumberSerializer
 952:             3             72  com.fasterxml.jackson.datatype.jsr310.deser.JSR310StringParsableDeserializer
 953:             1             72  com.fasterxml.jackson.module.paramnames.ParameterNamesModule
 954:             3             72  java.lang.StringBuffer
 955:             3             72  java.lang.ThreadLocal$ThreadLocalMap
 956:             3             72  java.lang.annotation.RetentionPolicy
 957:             3             72  java.security.SecurityPermission
 958:             3             72  java.time.format.ResolverStyle
 959:             3             72  java.util.Currency
 960:             1             72  java.util.ResourceBundle$RBClassLoader
 961:             3             72  java.util.logging.LogManager$5
 962:             1             72  java.util.logging.LogManager$RootLogger
 963:             3             72  java.util.regex.Pattern$Prolog
 964:             3             72  java.util.stream.Collector$Characteristics
 965:             3             72  java.util.stream.MatchOps$MatchKind
 966:             3             72  javax.servlet.SessionTrackingMode
 967:             1             72  org.apache.catalina.core.StandardService
 968:             3             72  org.apache.tomcat.util.net.AbstractEndpoint$BindState
 969:             3             72  org.hibernate.validator.internal.metadata.raw.ConfigurationSource
 970:             3             72  org.hibernate.validator.internal.util.ConcurrentReferenceHashMap$ReferenceType
 971:             3             72  org.hibernate.validator.resourceloading.PlatformResourceBundleLocator
 972:             3             72  org.springframework.beans.factory.annotation.Autowire
 973:             3             72  org.springframework.beans.factory.config.EmbeddedValueResolver
 974:             3             72  org.springframework.beans.factory.config.YamlProcessor$ResolutionMethod
 975:             3             72  org.springframework.boot.Banner$Mode
 976:             1             72  org.springframework.boot.SpringApplication
 977:             3             72  org.springframework.boot.WebApplicationType
 978:             3             72  org.springframework.boot.ansi.AnsiOutput$Enabled
 979:             3             72  org.springframework.boot.autoconfigure.condition.ConditionalOnWebApplication$Type
 980:             3             72  org.springframework.boot.autoconfigure.condition.SearchStrategy
 981:             3             72  org.springframework.boot.autoconfigure.web.ErrorProperties$IncludeStacktrace
 982:             1             72  org.springframework.boot.autoconfigure.web.ServerProperties
 983:             3             72  org.springframework.boot.autoconfigure.web.servlet.WebMvcAutoConfiguration$WebMvcAutoConfigurationAdapter$$EnhancerBySpringCGLIB$$b86cea7f$$FastClassBySpringCGLIB$$cd2acce7
 984:             3             72  org.springframework.boot.autoconfigure.web.servlet.WebMvcAutoConfiguration$WebMvcAutoConfigurationAdapter$$FastClassBySpringCGLIB$$99958c00
 985:             1             72  org.springframework.boot.autoconfigure.web.servlet.WelcomePageHandlerMapping
 986:             3             72  org.springframework.boot.autoconfigure.web.servlet.error.ErrorMvcAutoConfiguration$$EnhancerBySpringCGLIB$$d727d49f$$FastClassBySpringCGLIB$$dff3df8e
 987:             3             72  org.springframework.boot.autoconfigure.web.servlet.error.ErrorMvcAutoConfiguration$$FastClassBySpringCGLIB$$75715220
 988:             3             72  org.springframework.boot.context.properties.source.ConfigurationPropertyState
 989:             1             72  org.springframework.boot.jackson.JsonComponentModule
 990:             3             72  org.springframework.boot.loader.jar.JarFile$JarFileType
 991:             3             72  org.springframework.boot.origin.TextResourceOrigin
 992:             3             72  org.springframework.boot.origin.TextResourceOrigin$Location
 993:             3             72  org.springframework.context.annotation.AnnotationScopeMetadataResolver
 994:             1             72  org.springframework.context.annotation.ClassPathBeanDefinitionScanner
 995:             3             72  org.springframework.core.NamedThreadLocal
 996:             3             72  org.springframework.core.env.MapPropertySource
 997:             3             72  org.springframework.core.env.MutablePropertySources
 998:             3             72  org.springframework.core.env.PropertySource$StubPropertySource
 999:             3             72  org.springframework.expression.spel.SpelCompilerMode
1000:             3             72  org.springframework.format.datetime.standard.DateTimeFormatterRegistrar$Type
1001:             3             72  org.springframework.http.converter.ByteArrayHttpMessageConverter
1002:             3             72  org.springframework.jmx.support.RegistrationPolicy
1003:             3             72  org.springframework.util.LinkedCaseInsensitiveMap
1004:             3             72  org.springframework.web.method.support.HandlerMethodArgumentResolverComposite
1005:             3             72  org.springframework.web.servlet.mvc.method.annotation.RequestAttributeMethodArgumentResolver
1006:             3             72  org.springframework.web.servlet.mvc.method.annotation.SessionAttributeMethodArgumentResolver
1007:             3             72  org.yaml.snakeyaml.DumperOptions$FlowStyle
1008:             3             72  org.yaml.snakeyaml.DumperOptions$LineBreak
1009:             3             72  org.yaml.snakeyaml.introspector.BeanAccess
1010:             3             72  sun.misc.FloatingDecimal$ExceptionalBinaryToASCIIBuffer
1011:             3             72  sun.nio.ch.PipeImpl
1012:             3             72  sun.nio.ch.PipeImpl$Initializer
1013:             3             72  sun.nio.ch.WindowsSelectorImpl$FinishLock
1014:             3             72  sun.nio.ch.WindowsSelectorImpl$StartLock
1015:             3             72  sun.security.provider.PolicyFile$PolicyEntry
1016:             1             72  sun.util.locale.provider.JRELocaleProviderAdapter
1017:             2             64  [Lcom.sun.org.apache.xerces.internal.impl.XMLEntityManager$CharacterBuffer;
1018:             2             64  [Lcom.sun.org.apache.xerces.internal.utils.XMLSecurityPropertyManager$State;
1019:             2             64  [Ljava.lang.annotation.RetentionPolicy;
1020:             2             64  [Ljava.lang.invoke.LambdaFormEditor$Transform;
1021:             2             64  [Ljava.util.stream.Collector$Characteristics;
1022:             2             64  [Ljavax.servlet.SessionTrackingMode;
1023:             1             64  [Lorg.apache.catalina.LifecycleState;
1024:             4             64  [Lorg.apache.catalina.Session;
1025:             2             64  [Lorg.springframework.beans.factory.annotation.Autowire;
1026:             2             64  [Lorg.springframework.boot.autoconfigure.condition.ConditionalOnWebApplication$Type;
1027:             2             64  [Lorg.springframework.boot.autoconfigure.condition.SearchStrategy;
1028:             2             64  [Lorg.springframework.context.annotation.ScopedProxyMode;
1029:             2             64  [Lorg.springframework.format.datetime.standard.DateTimeFormatterRegistrar$Type;
1030:             2             64  [Lorg.yaml.snakeyaml.nodes.NodeId;
1031:             1             64  [Lsun.reflect.annotation.TypeAnnotation$TypeAnnotationTarget;
1032:             1             64  ch.qos.logback.classic.PatternLayout
1033:             2             64  ch.qos.logback.core.joran.spi.ConsoleTarget
1034:             2             64  ch.qos.logback.core.util.COWArrayList
1035:             2             64  ch.qos.logback.core.util.CachingDateFormatter
1036:             1             64  com.fasterxml.classmate.util.ResolvedTypeCache$CacheMap
1037:             2             64  com.fasterxml.jackson.core.io.SerializedString
1038:             4             64  com.fasterxml.jackson.databind.introspect.BasicClassIntrospector
1039:             4             64  com.fasterxml.jackson.databind.jsontype.impl.StdSubtypeResolver
1040:             4             64  com.fasterxml.jackson.databind.module.SimpleKeyDeserializers
1041:             2             64  com.fasterxml.jackson.databind.ser.std.NumberSerializers$DoubleSerializer
1042:             2             64  com.fasterxml.jackson.databind.ser.std.NumberSerializers$IntegerSerializer
1043:             2             64  com.fasterxml.jackson.databind.ser.std.NumberSerializers$LongSerializer
1044:             4             64  com.fasterxml.jackson.databind.util.RootNameLookup
1045:             4             64  com.fasterxml.jackson.datatype.jdk8.Jdk8Deserializers
1046:             4             64  com.fasterxml.jackson.datatype.jdk8.Jdk8Serializers
1047:             4             64  com.fasterxml.jackson.datatype.jdk8.Jdk8TypeModifier
1048:             4             64  com.fasterxml.jackson.datatype.jsr310.JavaTimeModule$1
1049:             2             64  com.sun.jmx.mbeanserver.DefaultMXBeanMappingFactory$CollectionMapping
1050:             2             64  com.sun.org.apache.xalan.internal.utils.XMLSecurityPropertyManager$Property
1051:             1             64  com.sun.org.apache.xerces.internal.impl.XMLEntityScanner
1052:             2             64  com.sun.org.apache.xerces.internal.impl.dtd.XMLElementDecl
1053:             2             64  com.sun.org.apache.xerces.internal.utils.XMLSecurityPropertyManager$Property
1054:             4             64  com.sun.proxy.$Proxy12
1055:             4             64  com.sun.proxy.$Proxy29
1056:             4             64  com.sun.proxy.$Proxy40
1057:             4             64  com.sun.proxy.$Proxy41
1058:             4             64  com.sun.proxy.$Proxy48
1059:             4             64  com.sun.proxy.$Proxy51
1060:             4             64  com.sun.proxy.$Proxy52
1061:             4             64  com.sun.proxy.$Proxy8
1062:             2             64  java.io.FileInputStream
1063:             2             64  java.io.PrintStream
1064:             2             64  java.lang.ClassValue$Entry
1065:             2             64  java.lang.StringCoding$StringDecoder
1066:             2             64  java.lang.VirtualMachineError
1067:             1             64  java.lang.invoke.InvokerBytecodeGenerator
1068:             2             64  java.lang.ref.ReferenceQueue$Null
1069:             2             64  java.security.BasicPermissionCollection
1070:             2             64  java.time.format.DateTimeFormatterBuilder$TextPrinterParser
1071:             2             64  java.time.temporal.IsoFields$Unit
1072:             4             64  java.util.Collections$SingletonSet
1073:             2             64  java.util.LinkedHashMap$LinkedValueIterator
1074:             4             64  java.util.Optional
1075:             2             64  java.util.Random
1076:             2             64  java.util.concurrent.CountDownLatch$Sync
1077:             1             64  java.util.stream.ReferencePipeline$2
1078:             1             64  org.apache.catalina.core.ApplicationContext
1079:             1             64  org.apache.catalina.loader.WebappLoader
1080:             1             64  org.apache.catalina.mapper.Mapper$ContextVersion
1081:             1             64  org.apache.catalina.servlets.DefaultServlet
1082:             1             64  org.apache.catalina.webresources.DirResourceSet
1083:             2             64  org.apache.logging.log4j.util.PropertiesUtil$Environment
1084:             1             64  org.springframework.aop.framework.ProxyFactory
1085:             4             64  org.springframework.beans.ExtendedBeanInfo$PropertyDescriptorComparator
1086:             1             64  org.springframework.boot.autoconfigure.template.TemplateAvailabilityProviders$1
1087:             1             64  org.springframework.boot.autoconfigure.web.servlet.WebMvcProperties
1088:             2             64  org.springframework.boot.context.properties.bind.Bindable
1089:             1             64  org.springframework.context.annotation.CommonAnnotationBeanPostProcessor
1090:             2             64  org.springframework.context.annotation.ConditionEvaluator$ConditionContextImpl
1091:             1             64  org.springframework.context.annotation.ConfigurationClassPostProcessor
1092:             4             64  org.springframework.core.convert.support.CollectionToArrayConverter
1093:             4             64  org.springframework.core.convert.support.CollectionToStringConverter
1094:             1             64  org.springframework.core.type.classreading.CachingMetadataReaderFactory$LocalResourceCache
1095:             2             64  org.springframework.core.type.filter.AnnotationTypeFilter
1096:             2             64  org.springframework.expression.spel.SpelParserConfiguration
1097:             4             64  org.springframework.format.datetime.DateFormatterRegistrar$CalendarToDateConverter
1098:             4             64  org.springframework.format.datetime.DateFormatterRegistrar$CalendarToLongConverter
1099:             4             64  org.springframework.format.datetime.DateFormatterRegistrar$DateToCalendarConverter
1100:             4             64  org.springframework.format.datetime.DateFormatterRegistrar$DateToLongConverter
1101:             4             64  org.springframework.format.datetime.DateFormatterRegistrar$LongToCalendarConverter
1102:             4             64  org.springframework.format.datetime.DateFormatterRegistrar$LongToDateConverter
1103:             2             64  org.springframework.http.converter.support.AllEncompassingFormHttpMessageConverter
1104:             2             64  org.springframework.web.context.support.StandardServletEnvironment
1105:             4             64  org.springframework.web.method.annotation.ModelMethodProcessor
1106:             4             64  org.springframework.web.servlet.mvc.condition.ConsumesRequestCondition
1107:             4             64  org.springframework.web.servlet.mvc.condition.HeadersRequestCondition
1108:             4             64  org.springframework.web.servlet.mvc.condition.RequestMethodsRequestCondition
1109:             1             64  org.springframework.web.servlet.view.AbstractCachingViewResolver$2
1110:             1             56  [Lcom.fasterxml.jackson.annotation.JsonFormat$Shape;
1111:             1             56  [Lcom.sun.org.apache.xalan.internal.utils.XMLSecurityManager$Limit;
1112:             1             56  [Lcom.sun.org.apache.xerces.internal.impl.XMLScanner$NameType;
1113:             1             56  [Lcom.sun.org.apache.xerces.internal.utils.XMLSecurityManager$Limit;
1114:             1             56  [Ljava.lang.Runnable;
1115:             1             56  [Ljava.text.Format;
1116:             1             56  [Ljava.util.Map;
1117:             3             56  [Lorg.springframework.context.annotation.ComponentScan$Filter;
1118:             1             56  [Lorg.yaml.snakeyaml.events.Event$ID;
1119:             1             56  [Lsun.util.logging.PlatformLogger$Level;
1120:             1             56  [[I
1121:             1             56  ch.qos.logback.classic.encoder.PatternLayoutEncoder
1122:             1             56  com.fasterxml.classmate.types.ResolvedObjectType
1123:             1             56  com.fasterxml.jackson.datatype.jsr310.ser.ZonedDateTimeSerializer
1124:             1             56  com.sun.org.apache.xerces.internal.jaxp.SAXParserImpl
1125:             1             56  java.util.logging.LogManager
1126:             1             56  java.util.stream.ReferencePipeline$Head
1127:             1             56  org.apache.catalina.valves.ErrorReportValve
1128:             1             56  org.apache.catalina.webresources.Cache
1129:             1             56  org.apache.coyote.RequestGroupInfo
1130:             1             56  org.apache.tomcat.util.net.NioSelectorPool
1131:             1             56  org.apache.tomcat.util.scan.StandardJarScanFilter
1132:             1             56  org.apache.tomcat.util.threads.TaskQueue
1133:             1             56  org.hibernate.validator.internal.engine.ValidatorFactoryImpl
1134:             1             56  org.hibernate.validator.internal.xml.config.BootstrapConfigurationImpl
1135:             1             56  org.springframework.boot.autoconfigure.jackson.JacksonProperties
1136:             1             56  org.springframework.boot.autoconfigure.web.ResourceProperties$Cache$Cachecontrol
1137:             1             56  org.springframework.boot.autoconfigure.web.servlet.DispatcherServletRegistrationBean
1138:             1             56  org.springframework.boot.autoconfigure.web.servlet.WebMvcAutoConfiguration$WebMvcAutoConfigurationAdapter$$EnhancerBySpringCGLIB$$b86cea7f
1139:             1             56  org.springframework.boot.web.client.RestTemplateBuilder
1140:             1             56  org.springframework.expression.spel.support.StandardEvaluationContext
1141:             1             56  org.springframework.http.CacheControl
1142:             1             56  org.springframework.util.StopWatch
1143:             1             56  org.springframework.validation.beanvalidation.LocalValidatorFactoryBean
1144:             1             56  org.springframework.validation.beanvalidation.MethodValidationPostProcessor
1145:             1             56  org.springframework.web.servlet.view.ContentNegotiatingViewResolver
1146:             1             56  sun.nio.cs.ext.DoubleByte$Decoder
1147:             3             48  [Lcom.fasterxml.classmate.ResolvedType;
1148:             1             48  [Lcom.fasterxml.jackson.annotation.JsonInclude$Include;
1149:             3             48  [Lcom.fasterxml.jackson.databind.JavaType;
1150:             1             48  [Lcom.sun.beans.util.Cache$CacheEntry;
1151:             1             48  [Lcom.sun.management.VMOption$Origin;
1152:             1             48  [Ljava.beans.WeakIdentityMap$Entry;
1153:             1             48  [Ljava.lang.invoke.MethodHandleImpl$Intrinsic;
1154:             1             48  [Ljava.math.RoundingMode;
1155:             1             48  [Ljava.util.concurrent.TimeUnit;
1156:             2             48  [Lorg.apache.catalina.connector.Connector;
1157:             3             48  [Lorg.apache.catalina.mapper.Mapper$MappedWrapper;
1158:             2             48  [Lorg.hibernate.validator.internal.util.ConcurrentReferenceHashMap$Option;
1159:             1             48  [Lorg.springframework.cglib.proxy.CallbackInfo;
1160:             1             48  [[Ljava.lang.Object;
1161:             1             48  ch.qos.logback.classic.pattern.DateConverter
1162:             3             48  ch.qos.logback.core.spi.LogbackLock
1163:             2             48  ch.qos.logback.core.subst.Node$Type
1164:             1             48  com.fasterxml.jackson.databind.cfg.ConfigOverride$Empty
1165:             2             48  com.fasterxml.jackson.databind.introspect.AnnotationIntrospectorPair
1166:             2             48  com.fasterxml.jackson.databind.ser.std.BooleanSerializer
1167:             1             48  com.fasterxml.jackson.databind.util.StdDateFormat
1168:             1             48  com.fasterxml.jackson.datatype.jsr310.ser.InstantSerializer
1169:             1             48  com.fasterxml.jackson.datatype.jsr310.ser.OffsetDateTimeSerializer
1170:             2             48  com.sun.jmx.mbeanserver.ClassLoaderRepositorySupport$LoaderEntry
1171:             1             48  com.sun.jmx.mbeanserver.DefaultMXBeanMappingFactory$Mappings
1172:             1             48  com.sun.jmx.mbeanserver.MBeanIntrospector$MBeanInfoMap
1173:             1             48  com.sun.jmx.mbeanserver.MBeanIntrospector$PerInterfaceMap
1174:             2             48  com.sun.jmx.mbeanserver.WeakIdentityHashMap
1175:             2             48  com.sun.org.apache.xerces.internal.impl.dtd.DTDGrammarBucket
1176:             2             48  com.sun.org.apache.xerces.internal.impl.dtd.XMLAttributeDecl
1177:             3             48  com.sun.org.apache.xerces.internal.impl.dv.dtd.ListDatatypeValidator
1178:             1             48  com.sun.org.apache.xerces.internal.util.XMLAttributesImpl
1179:             3             48  com.sun.proxy.$Proxy42
1180:             2             48  java.io.BufferedOutputStream
1181:             1             48  java.io.Console
1182:             1             48  java.io.Console$3
1183:             1             48  java.io.Console$LineReader
1184:             2             48  java.io.File$PathStatus
1185:             2             48  java.io.OutputStreamWriter
1186:             1             48  java.lang.ProcessEnvironment
1187:             1             48  java.lang.invoke.BoundMethodHandle$Species_L4
1188:             2             48  java.lang.reflect.ReflectPermission
1189:             2             48  java.net.InetAddress$Cache
1190:             2             48  java.net.InetAddress$Cache$Type
1191:             2             48  java.net.InetAddress$CacheEntry
1192:             2             48  java.net.StandardProtocolFamily
1193:             3             48  java.nio.channels.spi.AbstractSelector$1
1194:             2             48  java.nio.charset.CoderResult
1195:             3             48  java.nio.charset.CodingErrorAction
1196:             3             48  java.text.AttributedCharacterIterator$Attribute
1197:             2             48  java.time.format.DateTimeFormatterBuilder$1
1198:             3             48  java.time.format.DateTimeFormatterBuilder$StringLiteralPrinterParser
1199:             2             48  java.time.format.DateTimeFormatterBuilder$ZoneIdPrinterParser
1200:             2             48  java.time.format.DateTimeTextProvider$LocaleStore
1201:             3             48  java.util.Collections$UnmodifiableMap$UnmodifiableEntrySet
1202:             3             48  java.util.Hashtable$KeySet
1203:             3             48  java.util.concurrent.ConcurrentHashMap$ValuesView
1204:             1             48  java.util.concurrent.ConcurrentSkipListMap
1205:             1             48  java.util.concurrent.locks.ReentrantReadWriteLock$FairSync
1206:             2             48  java.util.logging.Logger$LoggerBundle
1207:             2             48  java.util.stream.ReferencePipeline$3$1
1208:             2             48  javax.el.ExpressionFactory$CacheValue
1209:             2             48  javax.el.Util$CacheValue
1210:             2             48  javax.validation.constraintvalidation.ValidationTarget
1211:             1             48  org.apache.catalina.core.DefaultInstanceManager
1212:             1             48  org.apache.catalina.core.StandardContextValve
1213:             1             48  org.apache.catalina.core.StandardEngineValve
1214:             1             48  org.apache.catalina.core.StandardHostValve
1215:             2             48  org.apache.catalina.core.StandardWrapperFacade
1216:             1             48  org.apache.catalina.mapper.MapperListener
1217:             3             48  org.apache.catalina.realm.RealmBase$AllRolesMode
1218:             1             48  org.apache.catalina.startup.Tomcat
1219:             1             48  org.apache.catalina.util.StandardSessionIdGenerator
1220:             2             48  org.apache.catalina.util.URLEncoder
1221:             1             48  org.apache.logging.log4j.simple.SimpleLogger
1222:             1             48  org.apache.logging.log4j.status.StatusLogger
1223:             1             48  org.apache.logging.slf4j.SLF4JProvider
1224:             1             48  org.apache.tomcat.util.digester.CallMethodRule
1225:             1             48  org.hibernate.validator.internal.engine.ValidatorFactoryImpl$ValidatorFactoryScopedContext
1226:             1             48  org.hibernate.validator.internal.engine.ValidatorImpl
1227:             1             48  org.hibernate.validator.internal.metadata.BeanMetaDataManager
1228:             2             48  org.hibernate.validator.internal.metadata.descriptor.ConstraintDescriptorImpl$ConstraintType
1229:             1             48  org.hibernate.validator.messageinterpolation.ResourceBundleMessageInterpolator
1230:             1             48  org.springframework.beans.factory.annotation.AutowiredAnnotationBeanPostProcessor
1231:             3             48  org.springframework.boot.autoconfigure.cache.CacheCondition
1232:             2             48  org.springframework.boot.autoconfigure.condition.OnResourceCondition
1233:             2             48  org.springframework.boot.autoconfigure.http.HttpEncodingProperties$Type
1234:             1             48  org.springframework.boot.autoconfigure.web.ServerProperties$Jetty$Accesslog
1235:             1             48  org.springframework.boot.autoconfigure.web.ServerProperties$Undertow
1236:             1             48  org.springframework.boot.autoconfigure.web.servlet.DispatcherServletAutoConfiguration$DispatcherServletRegistrationConfiguration$$EnhancerBySpringCGLIB$$5d82f38a
1237:             2             48  org.springframework.boot.autoconfigure.web.servlet.HttpEncodingAutoConfiguration$$EnhancerBySpringCGLIB$$7ed085bc$$FastClassBySpringCGLIB$$3cd58e14
1238:             2             48  org.springframework.boot.autoconfigure.web.servlet.HttpEncodingAutoConfiguration$$FastClassBySpringCGLIB$$8e591c9d
1239:             2             48  org.springframework.boot.autoconfigure.web.servlet.MultipartAutoConfiguration$$EnhancerBySpringCGLIB$$edc10dc9$$FastClassBySpringCGLIB$$8fc2dd66
1240:             2             48  org.springframework.boot.autoconfigure.web.servlet.MultipartAutoConfiguration$$FastClassBySpringCGLIB$$e81ad00a
1241:             2             48  org.springframework.boot.autoconfigure.web.servlet.ServletWebServerFactoryAutoConfiguration$$EnhancerBySpringCGLIB$$9b34f67d$$FastClassBySpringCGLIB$$710c3c2
1242:             2             48  org.springframework.boot.autoconfigure.web.servlet.ServletWebServerFactoryAutoConfiguration$$FastClassBySpringCGLIB$$36b2d63e
1243:             2             48  org.springframework.boot.autoconfigure.web.servlet.WebMvcAutoConfiguration$$EnhancerBySpringCGLIB$$dfbe0d91$$FastClassBySpringCGLIB$$df0f39b8
1244:             2             48  org.springframework.boot.autoconfigure.web.servlet.WebMvcAutoConfiguration$$FastClassBySpringCGLIB$$1a49ed2
1245:             2             48  org.springframework.boot.autoconfigure.web.servlet.WebMvcAutoConfiguration$WebMvcAutoConfigurationAdapter$FaviconConfiguration$$EnhancerBySpringCGLIB$$74a9f2c5$$FastClassBySpringCGLIB$$8ed8ea46
1246:             2             48  org.springframework.boot.autoconfigure.web.servlet.WebMvcAutoConfiguration$WebMvcAutoConfigurationAdapter$FaviconConfiguration$$FastClassBySpringCGLIB$$63819186
1247:             2             48  org.springframework.boot.autoconfigure.web.servlet.WebMvcProperties$LocaleResolver
1248:             1             48  org.springframework.boot.autoconfigure.web.servlet.error.ErrorMvcAutoConfiguration$$EnhancerBySpringCGLIB$$d727d49f
1249:             2             48  org.springframework.boot.autoconfigure.web.servlet.error.ErrorMvcAutoConfiguration$WhitelabelErrorViewConfiguration$$EnhancerBySpringCGLIB$$b65bbb17$$FastClassBySpringCGLIB$$e60c968
1250:             2             48  org.springframework.boot.autoconfigure.web.servlet.error.ErrorMvcAutoConfiguration$WhitelabelErrorViewConfiguration$$FastClassBySpringCGLIB$$aa49e198
1251:             2             48  org.springframework.boot.context.properties.source.ConfigurationPropertyName$Form
1252:             2             48  org.springframework.boot.context.properties.source.DefaultPropertyMapper$LastMapping
1253:             2             48  org.springframework.boot.context.properties.source.SpringConfigurationPropertySource
1254:             2             48  org.springframework.boot.context.properties.source.SpringConfigurationPropertySources
1255:             1             48  org.springframework.boot.logging.logback.ExtendedWhitespaceThrowableProxyConverter
1256:             2             48  org.springframework.boot.origin.OriginTrackedValue$OriginTrackedCharSequence
1257:             1             48  org.springframework.boot.web.embedded.tomcat.LazySessionIdGenerator
1258:             1             48  org.springframework.boot.web.servlet.filter.OrderedCharacterEncodingFilter
1259:             1             48  org.springframework.boot.web.servlet.filter.OrderedHiddenHttpMethodFilter
1260:             1             48  org.springframework.boot.web.servlet.filter.OrderedHttpPutFormContentFilter
1261:             1             48  org.springframework.boot.web.servlet.filter.OrderedRequestContextFilter
1262:             3             48  org.springframework.cglib.core.AbstractClassGenerator$Source
1263:             3             48  org.springframework.context.annotation.AnnotationBeanNameGenerator
1264:             2             48  org.springframework.context.annotation.ConfigurationCondition$ConfigurationPhase
1265:             2             48  org.springframework.context.support.ApplicationListenerDetector
1266:             2             48  org.springframework.core.Constants
1267:             2             48  org.springframework.core.ResolvableType$SyntheticParameterizedType
1268:             2             48  org.springframework.core.ResolvableType$TypeVariablesVariableResolver
1269:             2             48  org.springframework.core.ResolvableType$WildcardBounds$Kind
1270:             2             48  org.springframework.core.convert.support.ArrayToArrayConverter
1271:             2             48  org.springframework.core.convert.support.GenericConversionService$Converters
1272:             2             48  org.springframework.core.io.UrlResource
1273:             1             48  org.springframework.core.task.SimpleAsyncTaskExecutor
1274:             2             48  org.springframework.core.type.classreading.CachingMetadataReaderFactory
1275:             2             48  org.springframework.core.type.classreading.SimpleMetadataReader
1276:             2             48  org.springframework.expression.TypedValue
1277:             2             48  org.springframework.util.ConcurrentReferenceHashMap$ReferenceType
1278:             2             48  org.springframework.util.ConcurrentReferenceHashMap$Restructure
1279:             1             48  org.springframework.web.accept.ContentNegotiationManagerFactoryBean
1280:             2             48  org.springframework.web.context.support.ServletContextResource
1281:             2             48  org.springframework.web.method.annotation.ExpressionValueMethodArgumentResolver
1282:             3             48  org.springframework.web.method.annotation.MapMethodProcessor
1283:             2             48  org.springframework.web.method.support.HandlerMethodReturnValueHandlerComposite
1284:             3             48  org.springframework.web.servlet.mvc.condition.ParamsRequestCondition
1285:             2             48  org.springframework.web.servlet.mvc.condition.ProducesRequestCondition$ProduceMediaTypeExpression
1286:             3             48  org.springframework.web.servlet.mvc.condition.RequestConditionHolder
1287:             2             48  org.springframework.web.servlet.mvc.method.annotation.MatrixVariableMethodArgumentResolver
1288:             2             48  org.springframework.web.servlet.mvc.method.annotation.PathVariableMethodArgumentResolver
1289:             2             48  org.springframework.web.servlet.mvc.method.annotation.ServletModelAttributeMethodProcessor
1290:             3             48  org.springframework.web.servlet.mvc.method.annotation.ServletRequestMethodArgumentResolver
1291:             3             48  org.springframework.web.servlet.mvc.method.annotation.ServletResponseMethodArgumentResolver
1292:             2             48  sun.management.ManagementFactoryHelper$1
1293:             2             48  sun.misc.NativeSignalHandler
1294:             2             48  sun.misc.Signal
1295:             3             48  sun.net.www.protocol.file.Handler
1296:             3             48  sun.net.www.protocol.jar.Handler
1297:             3             48  sun.nio.ch.PipeImpl$Initializer$LoopbackConnector
1298:             3             48  sun.nio.ch.Util$3
1299:             1             48  sun.nio.cs.StreamDecoder
1300:             2             48  sun.nio.cs.ext.EUC_KR
1301:             2             48  sun.nio.cs.ext.JIS_X_0208_MS5022X
1302:             2             48  sun.nio.cs.ext.JIS_X_0212_MS5022X
1303:             2             48  sun.security.jca.GetInstance$Instance
1304:             2             48  sun.security.jca.ProviderList
1305:             2             48  sun.security.jca.ProviderList$3
1306:             1             48  sun.text.normalizer.IntTrie
1307:             3             48  sun.text.normalizer.NormalizerBase$QuickCheckResult
1308:             1             48  sun.text.resources.FormatData
1309:             1             48  sun.text.resources.en.FormatData_en
1310:             1             48  sun.text.resources.en.FormatData_en_US
1311:             1             48  sun.text.resources.zh.FormatData_zh
1312:             1             48  sun.text.resources.zh.FormatData_zh_CN
1313:             1             48  sun.util.resources.CalendarData
1314:             1             48  sun.util.resources.CurrencyNames
1315:             1             48  sun.util.resources.TimeZoneNames
1316:             1             48  sun.util.resources.en.CalendarData_en
1317:             1             48  sun.util.resources.en.CurrencyNames_en_US
1318:             1             48  sun.util.resources.en.TimeZoneNames_en
1319:             1             48  sun.util.resources.zh.CalendarData_zh
1320:             1             48  sun.util.resources.zh.CurrencyNames_zh_CN
1321:             1             40  [Lch.qos.logback.core.pattern.parser.TokenStream$TokenizerState;
1322:             1             40  [Lch.qos.logback.core.subst.Token$Type;
1323:             1             40  [Lcom.fasterxml.jackson.annotation.JsonAutoDetect$Visibility;
1324:             1             40  [Lcom.fasterxml.jackson.annotation.Nulls;
1325:             1             40  [Lcom.fasterxml.jackson.core.JsonParser$NumberType;
1326:             2             40  [Lcom.sun.jmx.mbeanserver.ClassLoaderRepositorySupport$LoaderEntry;
1327:             1             40  [Lcom.sun.org.apache.xerces.internal.util.Status;
1328:             2             40  [Ljava.beans.PropertyChangeListener;
1329:             1             40  [Ljava.lang.management.MemoryPoolMXBean;
1330:             1             40  [Ljava.time.format.SignStyle;
1331:             1             40  [Ljava.time.format.TextStyle;
1332:             1             40  [Ljava.util.stream.StreamOpFlag;
1333:             1             40  [Lorg.apache.tomcat.util.descriptor.web.FilterMap;
1334:             1             40  [Lorg.hibernate.validator.internal.metadata.raw.ConstrainedElement$ConstrainedElementKind;
1335:             1             40  [Lorg.jboss.logging.Logger$Level;
1336:             1             40  [Lorg.springframework.boot.ansi.AnsiStyle;
1337:             1             40  [Lorg.springframework.boot.web.servlet.DispatcherType;
1338:             2             40  [Lorg.springframework.core.annotation.AnnotationAttributes;
1339:             1             40  [Lorg.yaml.snakeyaml.DumperOptions$ScalarStyle;
1340:             1             40  [Lsun.nio.fs.WindowsPathType;
1341:             1             40  [Lsun.security.util.DisabledAlgorithmConstraints$Constraint$Operator;
1342:             1             40  [Lsun.util.locale.provider.LocaleProviderAdapter$Type;
1343:             1             40  [[Ljava.lang.invoke.LambdaForm$Name;
1344:             1             40  ch.qos.logback.classic.pattern.LoggerConverter
1345:             1             40  ch.qos.logback.core.BasicStatusManager
1346:             1             40  ch.qos.logback.core.status.WarnStatus
1347:             1             40  com.fasterxml.jackson.annotation.JsonFormat$Value
1348:             1             40  com.sun.beans.finder.MethodFinder$1
1349:             1             40  com.sun.jmx.interceptor.DefaultMBeanServerInterceptor
1350:             1             40  com.sun.jmx.mbeanserver.JmxMBeanServer
1351:             1             40  com.sun.jmx.mbeanserver.MBeanServerDelegateImpl
1352:             1             40  com.sun.org.apache.xerces.internal.impl.XMLEntityManager$CharacterBufferPool
1353:             1             40  com.sun.org.apache.xerces.internal.impl.XMLErrorReporter
1354:             1             40  com.sun.org.apache.xerces.internal.impl.XMLVersionDetector
1355:             1             40  com.sun.org.apache.xerces.internal.util.SymbolTable
1356:             1             40  com.sun.org.apache.xerces.internal.utils.XMLLimitAnalyzer
1357:             1             40  com.sun.org.apache.xerces.internal.utils.XMLSecurityManager
1358:             1             40  com.sun.xml.internal.stream.XMLEntityStorage
1359:             1             40  java.beans.WeakIdentityMap$Entry
1360:             1             40  java.io.BufferedInputStream
1361:             1             40  java.text.MessageFormat
1362:             1             40  java.time.format.DateTimeFormatterBuilder
1363:             1             40  java.time.zone.ZoneRules
1364:             1             40  java.util.ResourceBundle$1
1365:             1             40  java.util.regex.Pattern$LazyLoop
1366:             1             40  javax.servlet.MultipartConfigElement
1367:             1             40  org.apache.catalina.core.ApplicationSessionCookieConfig
1368:             1             40  org.apache.catalina.mbeans.ConnectorMBean
1369:             1             40  org.apache.catalina.mbeans.ServiceMBean
1370:             1             40  org.apache.catalina.realm.MessageDigestCredentialHandler
1371:             1             40  org.apache.coyote.AbstractProtocol$RecycledProcessors
1372:             1             40  org.apache.tomcat.util.modeler.Registry
1373:             1             40  org.hibernate.validator.internal.engine.ValidationContext$ValidatorScopedContext
1374:             1             40  org.hibernate.validator.internal.engine.constraintvalidation.ConstraintValidatorManager
1375:             1             40  org.slf4j.bridge.SLF4JBridgeHandler
1376:             1             40  org.springframework.boot.autoconfigure.http.HttpMessageConvertersAutoConfiguration$$EnhancerBySpringCGLIB$$c5af9aae
1377:             1             40  org.springframework.boot.autoconfigure.http.HttpMessageConvertersAutoConfiguration$StringHttpMessageConverterConfiguration$$EnhancerBySpringCGLIB$$f8bd614e
1378:             1             40  org.springframework.boot.autoconfigure.info.ProjectInfoAutoConfiguration$$EnhancerBySpringCGLIB$$e775dc33
1379:             1             40  org.springframework.boot.autoconfigure.jackson.JacksonAutoConfiguration$JacksonObjectMapperBuilderConfiguration$$EnhancerBySpringCGLIB$$b95c10c4
1380:             1             40  org.springframework.boot.autoconfigure.jmx.JmxAutoConfiguration$$EnhancerBySpringCGLIB$$2ae73e36
1381:             1             40  org.springframework.boot.autoconfigure.web.ServerProperties$Servlet
1382:             1             40  org.springframework.boot.autoconfigure.web.ServerProperties$Tomcat$Accesslog
1383:             1             40  org.springframework.boot.autoconfigure.web.client.RestTemplateAutoConfiguration$$EnhancerBySpringCGLIB$$4691c89b
1384:             1             40  org.springframework.boot.autoconfigure.web.format.WebConversionService
1385:             1             40  org.springframework.boot.autoconfigure.web.servlet.DispatcherServletAutoConfiguration$DispatcherServletConfiguration$$EnhancerBySpringCGLIB$$fb7b5ee3
1386:             1             40  org.springframework.boot.autoconfigure.web.servlet.HttpEncodingAutoConfiguration$$EnhancerBySpringCGLIB$$7ed085bc
1387:             1             40  org.springframework.boot.autoconfigure.web.servlet.MultipartAutoConfiguration$$EnhancerBySpringCGLIB$$edc10dc9
1388:             1             40  org.springframework.boot.autoconfigure.web.servlet.WebMvcAutoConfiguration$WebMvcAutoConfigurationAdapter$FaviconConfiguration$$EnhancerBySpringCGLIB$$74a9f2c5
1389:             1             40  org.springframework.boot.autoconfigure.web.servlet.error.ErrorMvcAutoConfiguration$DefaultErrorViewResolverConfiguration$$EnhancerBySpringCGLIB$$ebbca93f
1390:             1             40  org.springframework.boot.autoconfigure.web.servlet.error.ErrorMvcAutoConfiguration$WhitelabelErrorViewConfiguration$$EnhancerBySpringCGLIB$$b65bbb17
1391:             1             40  org.springframework.boot.context.properties.ConfigurationPropertiesBinder
1392:             1             40  org.springframework.boot.web.servlet.server.Session
1393:             1             40  org.springframework.boot.web.servlet.server.Session$Cookie
1394:             1             40  org.springframework.context.annotation.ConfigurationClassBeanDefinitionReader
1395:             1             40  org.springframework.context.expression.StandardBeanExpressionResolver
1396:             1             40  org.springframework.core.convert.Property
1397:             1             40  org.springframework.expression.spel.support.ReflectivePropertyAccessor
1398:             1             40  org.springframework.jndi.support.SimpleJndiBeanFactory
1399:             1             40  org.springframework.ui.context.support.ResourceBundleThemeSource
1400:             1             40  org.springframework.util.ConcurrentReferenceHashMap$EntryIterator
1401:             1             40  org.springframework.web.bind.support.ConfigurableWebBindingInitializer
1402:             1             40  org.springframework.web.cors.CorsConfiguration
1403:             1             40  org.springframework.web.servlet.handler.AbstractHandlerMethodMapping$MappingRegistry
1404:             1             40  org.springframework.web.servlet.mvc.annotation.ResponseStatusExceptionResolver
1405:             1             40  org.springframework.web.servlet.mvc.support.DefaultHandlerExceptionResolver
1406:             1             40  sun.management.DiagnosticCommandImpl
1407:             1             40  sun.nio.cs.StandardCharsets$Aliases
1408:             1             40  sun.nio.cs.StandardCharsets$Cache
1409:             1             40  sun.nio.cs.StandardCharsets$Classes
1410:             1             40  sun.nio.cs.ext.ExtendedCharsets
1411:             1             32  [Lch.qos.logback.core.spi.FilterReply;
1412:             1             32  [Lch.qos.logback.core.subst.Tokenizer$TokenizerState;
1413:             1             32  [Lcom.fasterxml.jackson.annotation.JsonCreator$Mode;
1414:             1             32  [Lcom.fasterxml.jackson.core.JsonFactory$Feature;
1415:             1             32  [Lcom.sun.beans.util.Cache$Kind;
1416:             1             32  [Lcom.sun.org.apache.xalan.internal.utils.XMLSecurityManager$NameMap;
1417:             1             32  [Lcom.sun.org.apache.xerces.internal.utils.XMLSecurityManager$NameMap;
1418:             2             32  [Ljava.lang.Enum;
1419:             1             32  [Ljava.lang.OutOfMemoryError;
1420:             2             32  [Ljava.lang.StackTraceElement;
1421:             1             32  [Ljava.lang.ThreadGroup;
1422:             1             32  [Ljava.lang.management.MemoryManagerMXBean;
1423:             1             32  [Ljava.text.Normalizer$Form;
1424:             1             32  [Ljava.time.format.DateTimeFormatterBuilder$SettingsParser;
1425:             1             32  [Ljava.time.format.FormatStyle;
1426:             1             32  [Ljava.time.format.ResolverStyle;
1427:             1             32  [Ljava.time.temporal.IsoFields$Field;
1428:             1             32  [Ljava.util.stream.MatchOps$MatchKind;
1429:             1             32  [Ljava.util.stream.StreamShape;
1430:             1             32  [Lorg.apache.commons.logging.LogFactory$LogApi;
1431:             1             32  [Lorg.apache.tomcat.util.net.AbstractEndpoint$Acceptor$AcceptorState;
1432:             1             32  [Lorg.apache.tomcat.util.net.AbstractEndpoint$BindState;
1433:             1             32  [Lorg.hibernate.validator.internal.metadata.raw.ConfigurationSource;
1434:             1             32  [Lorg.hibernate.validator.internal.util.ConcurrentReferenceHashMap$ReferenceType;
1435:             1             32  [Lorg.springframework.beans.factory.config.YamlProcessor$ResolutionMethod;
1436:             1             32  [Lorg.springframework.boot.Banner$Mode;
1437:             1             32  [Lorg.springframework.boot.WebApplicationType;
1438:             1             32  [Lorg.springframework.boot.ansi.AnsiOutput$Enabled;
1439:             1             32  [Lorg.springframework.boot.autoconfigure.web.ErrorProperties$IncludeStacktrace;
1440:             1             32  [Lorg.springframework.boot.cloud.CloudPlatform;
1441:             1             32  [Lorg.springframework.boot.context.properties.source.ConfigurationPropertyState;
1442:             1             32  [Lorg.springframework.boot.loader.jar.JarFile$JarFileType;
1443:             1             32  [Lorg.springframework.boot.web.servlet.ServletContextInitializer;
1444:             1             32  [Lorg.springframework.cglib.proxy.Callback;
1445:             1             32  [Lorg.springframework.expression.spel.SpelCompilerMode;
1446:             1             32  [Lorg.springframework.jmx.support.RegistrationPolicy;
1447:             1             32  [Lorg.yaml.snakeyaml.DumperOptions$FlowStyle;
1448:             1             32  [Lorg.yaml.snakeyaml.DumperOptions$LineBreak;
1449:             1             32  [Lorg.yaml.snakeyaml.introspector.BeanAccess;
1450:             1             32  [Lsun.nio.fs.NativeBuffer;
1451:             2             32  [Lsun.reflect.annotation.TypeAnnotation;
1452:             1             32  ch.qos.logback.classic.jul.LevelChangePropagator
1453:             1             32  ch.qos.logback.classic.pattern.LevelConverter
1454:             1             32  ch.qos.logback.classic.pattern.LineSeparatorConverter
1455:             1             32  ch.qos.logback.classic.pattern.MessageConverter
1456:             1             32  ch.qos.logback.classic.pattern.ThreadConverter
1457:             1             32  ch.qos.logback.classic.spi.LoggerContextVO
1458:             1             32  ch.qos.logback.core.helpers.CyclicBuffer
1459:             1             32  com.fasterxml.classmate.TypeBindings
1460:             1             32  com.fasterxml.jackson.annotation.JsonInclude$Value
1461:             1             32  com.fasterxml.jackson.databind.introspect.VisibilityChecker$Std
1462:             2             32  com.fasterxml.jackson.databind.node.JsonNodeFactory
1463:             1             32  com.fasterxml.jackson.databind.ser.std.CalendarSerializer
1464:             1             32  com.fasterxml.jackson.databind.ser.std.DateSerializer
1465:             1             32  com.fasterxml.jackson.databind.ser.std.NumberSerializers$FloatSerializer
1466:             1             32  com.fasterxml.jackson.databind.ser.std.NumberSerializers$IntLikeSerializer
1467:             1             32  com.fasterxml.jackson.databind.ser.std.NumberSerializers$ShortSerializer
1468:             1             32  com.fasterxml.jackson.databind.type.TypeBindings
1469:             1             32  com.fasterxml.jackson.datatype.jsr310.ser.DurationSerializer
1470:             1             32  com.fasterxml.jackson.datatype.jsr310.ser.LocalDateSerializer
1471:             1             32  com.fasterxml.jackson.datatype.jsr310.ser.LocalDateTimeSerializer
1472:             1             32  com.fasterxml.jackson.datatype.jsr310.ser.LocalTimeSerializer
1473:             1             32  com.fasterxml.jackson.datatype.jsr310.ser.MonthDaySerializer
1474:             1             32  com.fasterxml.jackson.datatype.jsr310.ser.OffsetTimeSerializer
1475:             1             32  com.fasterxml.jackson.datatype.jsr310.ser.YearMonthSerializer
1476:             1             32  com.fasterxml.jackson.datatype.jsr310.ser.YearSerializer
1477:             2             32  com.sun.beans.WeakCache
1478:             1             32  com.sun.beans.finder.BeanInfoFinder
1479:             1             32  com.sun.jmx.mbeanserver.Repository
1480:             1             32  com.sun.org.apache.xalan.internal.utils.FeatureManager$Feature
1481:             2             32  com.sun.org.apache.xerces.internal.impl.XMLDocumentScannerImpl$PrologDriver
1482:             2             32  com.sun.org.apache.xerces.internal.impl.XMLDocumentScannerImpl$TrailingMiscDriver
1483:             2             32  com.sun.org.apache.xerces.internal.impl.XMLDocumentScannerImpl$XMLDeclDriver
1484:             1             32  com.sun.org.apache.xerces.internal.impl.XMLEntityScanner$1
1485:             2             32  com.sun.org.apache.xerces.internal.impl.dv.dtd.ENTITYDatatypeValidator
1486:             1             32  com.sun.org.apache.xerces.internal.jaxp.SAXParserFactoryImpl
1487:             1             32  com.sun.org.apache.xerces.internal.util.NamespaceSupport
1488:             2             32  com.sun.proxy.$Proxy16
1489:             2             32  com.sun.proxy.$Proxy19
1490:             2             32  com.sun.proxy.$Proxy27
1491:             2             32  com.sun.proxy.$Proxy28
1492:             2             32  com.sun.proxy.$Proxy45
1493:             2             32  com.sun.proxy.$Proxy55
1494:             1             32  io.github.kimmking.gateway.server.ApiServerApplication$$EnhancerBySpringCGLIB$$5518fe9d
1495:             1             32  java.beans.PropertyChangeEvent
1496:             1             32  java.beans.ThreadGroupContext
1497:             1             32  java.beans.ThreadGroupContext$1
1498:             1             32  java.io.FileNotFoundException
1499:             1             32  java.io.RandomAccessFile
1500:             1             32  java.io.WinNTFileSystem
1501:             1             32  java.lang.ArithmeticException
1502:             1             32  java.lang.ArrayIndexOutOfBoundsException
1503:             1             32  java.lang.ClassCastException
1504:             1             32  java.lang.IllegalStateException
1505:             1             32  java.lang.NullPointerException
1506:             2             32  java.lang.Shutdown$Lock
1507:             1             32  java.lang.StringCoding$StringEncoder
1508:             2             32  java.lang.invoke.$Proxy62
1509:             1             32  java.lang.reflect.WeakCache
1510:             2             32  java.nio.ByteOrder
1511:             1             32  java.nio.DirectByteBuffer$Deallocator
1512:             2             32  java.security.AllPermission
1513:             1             32  java.security.ProtectionDomain$WeakProtectionDomainKey
1514:             1             32  java.text.DontCareFieldPosition
1515:             1             32  java.time.format.DateTimeFormatterBuilder$FractionPrinterParser
1516:             2             32  java.util.AbstractMap$1
1517:             1             32  java.util.Formatter
1518:             1             32  java.util.Spliterators$ArraySpliterator
1519:             1             32  java.util.StringJoiner
1520:             1             32  java.util.TreeMap$ValueIterator
1521:             1             32  java.util.concurrent.ConcurrentSkipListMap$HeadIndex
1522:             2             32  java.util.concurrent.CountDownLatch
1523:             1             32  java.util.concurrent.ThreadLocalRandom
1524:             1             32  java.util.concurrent.atomic.AtomicReferenceFieldUpdater$AtomicReferenceFieldUpdaterImpl
1525:             1             32  java.util.logging.LogManager$SystemLoggerContext
1526:             1             32  java.util.regex.Pattern$BnM
1527:             2             32  java.util.regex.Pattern$Dot
1528:             1             32  java.util.stream.Collectors$CollectorImpl
1529:             1             32  java.util.stream.ReduceOps$3
1530:             1             32  java.util.stream.ReduceOps$3ReducingSink
1531:             1             32  javax.management.MBeanConstructorInfo
1532:             1             32  org.apache.catalina.mapper.Mapper
1533:             1             32  org.apache.catalina.mapper.Mapper$MappedHost
1534:             1             32  org.apache.catalina.util.ConcurrentDateFormat
1535:             1             32  org.apache.coyote.AbstractProtocol$ConnectionHandler
1536:             1             32  org.apache.coyote.CompressionConfig
1537:             1             32  org.apache.logging.log4j.status.StatusLogger$BoundedQueue
1538:             2             32  org.apache.logging.log4j.util.EnvironmentPropertySource
1539:             2             32  org.apache.logging.log4j.util.PropertiesUtil
1540:             2             32  org.apache.logging.log4j.util.PropertyFilePropertySource
1541:             2             32  org.apache.logging.log4j.util.PropertySource$Comparator
1542:             2             32  org.apache.logging.log4j.util.SystemPropertiesPropertySource
1543:             1             32  org.apache.tomcat.util.collections.ManagedConcurrentWeakHashMap
1544:             1             32  org.apache.tomcat.util.descriptor.web.LoginConfig
1545:             1             32  org.apache.tomcat.util.digester.RulesBase
1546:             1             32  org.apache.tomcat.util.scan.StandardJarScanner
1547:             1             32  org.apache.tomcat.util.threads.LimitLatch
1548:             1             32  org.apache.tomcat.util.threads.LimitLatch$Sync
1549:             1             32  org.apache.tomcat.util.threads.TaskThreadFactory
1550:             1             32  org.apache.tomcat.websocket.server.WsWriteTimeout
1551:             1             32  org.hibernate.validator.internal.cfg.context.DefaultConstraintMapping
1552:             1             32  org.hibernate.validator.internal.engine.ValidatorFactoryImpl$BeanMetaDataManagerKey
1553:             1             32  org.hibernate.validator.internal.engine.constraintvalidation.HibernateConstraintValidatorInitializationContextImpl
1554:             1             32  org.hibernate.validator.internal.engine.scripting.DefaultScriptEvaluatorFactory
1555:             1             32  org.hibernate.validator.internal.engine.valueextraction.ValueExtractorResolver
1556:             1             32  org.hibernate.validator.internal.metadata.core.ConstraintHelper
1557:             1             32  org.hibernate.validator.internal.metadata.provider.AnnotationMetaDataProvider
1558:             1             32  org.hibernate.validator.internal.metadata.raw.BeanConfiguration
1559:             1             32  org.springframework.beans.factory.annotation.RequiredAnnotationBeanPostProcessor
1560:             1             32  org.springframework.beans.factory.support.BeanDefinitionDefaults
1561:             1             32  org.springframework.boot.DefaultApplicationArguments$Source
1562:             1             32  org.springframework.boot.autoconfigure.condition.ConditionEvaluationReport
1563:             1             32  org.springframework.boot.autoconfigure.context.ConfigurationPropertiesAutoConfiguration$$EnhancerBySpringCGLIB$$9b055a68
1564:             1             32  org.springframework.boot.autoconfigure.context.PropertyPlaceholderAutoConfiguration$$EnhancerBySpringCGLIB$$ac324153
1565:             1             32  org.springframework.boot.autoconfigure.http.HttpEncodingProperties
1566:             1             32  org.springframework.boot.autoconfigure.http.JacksonHttpMessageConvertersConfiguration$$EnhancerBySpringCGLIB$$290690dc
1567:             1             32  org.springframework.boot.autoconfigure.http.JacksonHttpMessageConvertersConfiguration$MappingJackson2HttpMessageConverterConfiguration$$EnhancerBySpringCGLIB$$32935d4e
1568:             1             32  org.springframework.boot.autoconfigure.http.codec.CodecsAutoConfiguration$$EnhancerBySpringCGLIB$$1e236217
1569:             1             32  org.springframework.boot.autoconfigure.http.codec.CodecsAutoConfiguration$JacksonCodecConfiguration$$EnhancerBySpringCGLIB$$1355ea66
1570:             1             32  org.springframework.boot.autoconfigure.jackson.JacksonAutoConfiguration$$EnhancerBySpringCGLIB$$e91aec3a
1571:             1             32  org.springframework.boot.autoconfigure.jackson.JacksonAutoConfiguration$Jackson2ObjectMapperBuilderCustomizerConfiguration$$EnhancerBySpringCGLIB$$7472f6b3
1572:             1             32  org.springframework.boot.autoconfigure.jackson.JacksonAutoConfiguration$JacksonObjectMapperConfiguration$$EnhancerBySpringCGLIB$$70f4eab
1573:             1             32  org.springframework.boot.autoconfigure.jackson.JacksonAutoConfiguration$ParameterNamesModuleConfiguration$$EnhancerBySpringCGLIB$$9b3e6de1
1574:             1             32  org.springframework.boot.autoconfigure.jmx.ParentAwareNamingStrategy
1575:             1             32  org.springframework.boot.autoconfigure.security.SecurityProperties$User
1576:             1             32  org.springframework.boot.autoconfigure.security.reactive.ReactiveSecurityAutoConfiguration$$EnhancerBySpringCGLIB$$dd9ad9a
1577:             1             32  org.springframework.boot.autoconfigure.validation.ValidationAutoConfiguration$$EnhancerBySpringCGLIB$$1c7b5fa4
1578:             1             32  org.springframework.boot.autoconfigure.web.ErrorProperties
1579:             1             32  org.springframework.boot.autoconfigure.web.ResourceProperties
1580:             1             32  org.springframework.boot.autoconfigure.web.ServerProperties$Jetty
1581:             1             32  org.springframework.boot.autoconfigure.web.ServerProperties$Undertow$Accesslog
1582:             1             32  org.springframework.boot.autoconfigure.web.embedded.EmbeddedWebServerFactoryCustomizerAutoConfiguration$$EnhancerBySpringCGLIB$$c0e3cefc
1583:             1             32  org.springframework.boot.autoconfigure.web.servlet.DispatcherServletAutoConfiguration$$EnhancerBySpringCGLIB$$99de23d7
1584:             1             32  org.springframework.boot.autoconfigure.web.servlet.MultipartProperties
1585:             1             32  org.springframework.boot.autoconfigure.web.servlet.ServletWebServerFactoryAutoConfiguration$$EnhancerBySpringCGLIB$$9b34f67d
1586:             1             32  org.springframework.boot.autoconfigure.web.servlet.ServletWebServerFactoryConfiguration$EmbeddedTomcat$$EnhancerBySpringCGLIB$$15fe4104
1587:             1             32  org.springframework.boot.autoconfigure.web.servlet.WebMvcAutoConfiguration$$EnhancerBySpringCGLIB$$dfbe0d91
1588:             1             32  org.springframework.boot.autoconfigure.web.servlet.error.DefaultErrorViewResolver
1589:             1             32  org.springframework.boot.autoconfigure.web.servlet.error.NonRecursivePropertyPlaceholderHelper
1590:             1             32  org.springframework.boot.autoconfigure.websocket.servlet.WebSocketServletAutoConfiguration$$EnhancerBySpringCGLIB$$6c6ab8ec
1591:             1             32  org.springframework.boot.autoconfigure.websocket.servlet.WebSocketServletAutoConfiguration$TomcatWebSocketConfiguration$$EnhancerBySpringCGLIB$$2415e409
1592:             1             32  org.springframework.boot.context.config.ConfigFileApplicationListener
1593:             1             32  org.springframework.boot.context.event.ApplicationReadyEvent
1594:             1             32  org.springframework.boot.context.event.ApplicationStartedEvent
1595:             1             32  org.springframework.boot.context.logging.LoggingApplicationListener
1596:             1             32  org.springframework.boot.context.properties.bind.Binder
1597:             1             32  org.springframework.boot.convert.ApplicationConversionService
1598:             2             32  org.springframework.boot.convert.CollectionToDelimitedStringConverter
1599:             2             32  org.springframework.boot.convert.StringToDurationConverter
1600:             1             32  org.springframework.boot.logging.logback.LogbackLoggingSystem$1
1601:             1             32  org.springframework.boot.web.embedded.tomcat.TomcatWebServer
1602:             1             32  org.springframework.boot.web.server.Compression
1603:             2             32  org.springframework.boot.web.server.MimeMappings
1604:             1             32  org.springframework.boot.web.servlet.context.ServletWebServerInitializedEvent
1605:             1             32  org.springframework.cglib.core.AbstractClassGenerator$ClassLoaderData
1606:             1             32  org.springframework.cglib.core.ClassNameReader$EarlyExitException
1607:             2             32  org.springframework.cglib.proxy.DispatcherGenerator
1608:             1             32  org.springframework.context.annotation.AnnotatedBeanDefinitionReader
1609:             2             32  org.springframework.context.annotation.ConditionEvaluator
1610:             1             32  org.springframework.context.annotation.ConfigurationClassParser$ImportStack
1611:             1             32  org.springframework.context.annotation.ContextAnnotationAutowireCandidateResolver$1
1612:             1             32  org.springframework.context.event.EventListenerMethodProcessor
1613:             1             32  org.springframework.context.support.DefaultLifecycleProcessor
1614:             1             32  org.springframework.context.support.DelegatingMessageSource
1615:             1             32  org.springframework.context.support.PropertySourcesPlaceholderConfigurer$1
1616:             2             32  org.springframework.core.convert.support.ArrayToCollectionConverter
1617:             2             32  org.springframework.core.convert.support.ArrayToObjectConverter
1618:             2             32  org.springframework.core.convert.support.ArrayToStringConverter
1619:             2             32  org.springframework.core.convert.support.ByteBufferConverter
1620:             2             32  org.springframework.core.convert.support.CharacterToNumberFactory
1621:             2             32  org.springframework.core.convert.support.CollectionToCollectionConverter
1622:             2             32  org.springframework.core.convert.support.CollectionToObjectConverter
1623:             2             32  org.springframework.core.convert.support.EnumToIntegerConverter
1624:             2             32  org.springframework.core.convert.support.EnumToStringConverter
1625:             2             32  org.springframework.core.convert.support.FallbackObjectToStringConverter
1626:             2             32  org.springframework.core.convert.support.GenericConversionService$NoOpConverter
1627:             2             32  org.springframework.core.convert.support.IdToEntityConverter
1628:             2             32  org.springframework.core.convert.support.IntegerToEnumConverterFactory
1629:             2             32  org.springframework.core.convert.support.MapToMapConverter
1630:             2             32  org.springframework.core.convert.support.NumberToCharacterConverter
1631:             2             32  org.springframework.core.convert.support.NumberToNumberConverterFactory
1632:             2             32  org.springframework.core.convert.support.ObjectToArrayConverter
1633:             2             32  org.springframework.core.convert.support.ObjectToCollectionConverter
1634:             2             32  org.springframework.core.convert.support.ObjectToObjectConverter
1635:             2             32  org.springframework.core.convert.support.ObjectToOptionalConverter
1636:             2             32  org.springframework.core.convert.support.PropertiesToStringConverter
1637:             2             32  org.springframework.core.convert.support.StreamConverter
1638:             2             32  org.springframework.core.convert.support.StringToArrayConverter
1639:             2             32  org.springframework.core.convert.support.StringToBooleanConverter
1640:             2             32  org.springframework.core.convert.support.StringToCharacterConverter
1641:             2             32  org.springframework.core.convert.support.StringToCharsetConverter
1642:             2             32  org.springframework.core.convert.support.StringToCollectionConverter
1643:             2             32  org.springframework.core.convert.support.StringToCurrencyConverter
1644:             2             32  org.springframework.core.convert.support.StringToEnumConverterFactory
1645:             2             32  org.springframework.core.convert.support.StringToLocaleConverter
1646:             2             32  org.springframework.core.convert.support.StringToNumberConverterFactory
1647:             2             32  org.springframework.core.convert.support.StringToPropertiesConverter
1648:             2             32  org.springframework.core.convert.support.StringToTimeZoneConverter
1649:             2             32  org.springframework.core.convert.support.StringToUUIDConverter
1650:             2             32  org.springframework.core.convert.support.ZoneIdToTimeZoneConverter
1651:             2             32  org.springframework.core.convert.support.ZonedDateTimeToCalendarConverter
1652:             1             32  org.springframework.core.task.SimpleAsyncTaskExecutor$ConcurrencyThrottleAdapter
1653:             2             32  org.springframework.expression.spel.standard.SpelExpressionParser
1654:             2             32  org.springframework.format.datetime.DateTimeFormatAnnotationFormatterFactory
1655:             2             32  org.springframework.format.datetime.standard.DateTimeConverters$CalendarToInstantConverter
1656:             2             32  org.springframework.format.datetime.standard.DateTimeConverters$CalendarToLocalDateConverter
1657:             2             32  org.springframework.format.datetime.standard.DateTimeConverters$CalendarToLocalDateTimeConverter
1658:             2             32  org.springframework.format.datetime.standard.DateTimeConverters$CalendarToLocalTimeConverter
1659:             2             32  org.springframework.format.datetime.standard.DateTimeConverters$CalendarToOffsetDateTimeConverter
1660:             2             32  org.springframework.format.datetime.standard.DateTimeConverters$CalendarToZonedDateTimeConverter
1661:             2             32  org.springframework.format.datetime.standard.DateTimeConverters$InstantToLongConverter
1662:             2             32  org.springframework.format.datetime.standard.DateTimeConverters$LocalDateTimeToLocalDateConverter
1663:             2             32  org.springframework.format.datetime.standard.DateTimeConverters$LocalDateTimeToLocalTimeConverter
1664:             2             32  org.springframework.format.datetime.standard.DateTimeConverters$LongToInstantConverter
1665:             2             32  org.springframework.format.datetime.standard.DateTimeConverters$OffsetDateTimeToInstantConverter
1666:             2             32  org.springframework.format.datetime.standard.DateTimeConverters$OffsetDateTimeToLocalDateConverter
1667:             2             32  org.springframework.format.datetime.standard.DateTimeConverters$OffsetDateTimeToLocalDateTimeConverter
1668:             2             32  org.springframework.format.datetime.standard.DateTimeConverters$OffsetDateTimeToLocalTimeConverter
1669:             2             32  org.springframework.format.datetime.standard.DateTimeConverters$OffsetDateTimeToZonedDateTimeConverter
1670:             2             32  org.springframework.format.datetime.standard.DateTimeConverters$ZonedDateTimeToInstantConverter
1671:             2             32  org.springframework.format.datetime.standard.DateTimeConverters$ZonedDateTimeToLocalDateConverter
1672:             2             32  org.springframework.format.datetime.standard.DateTimeConverters$ZonedDateTimeToLocalDateTimeConverter
1673:             2             32  org.springframework.format.datetime.standard.DateTimeConverters$ZonedDateTimeToLocalTimeConverter
1674:             2             32  org.springframework.format.datetime.standard.DateTimeConverters$ZonedDateTimeToOffsetDateTimeConverter
1675:             2             32  org.springframework.format.datetime.standard.DurationFormatter
1676:             2             32  org.springframework.format.datetime.standard.InstantFormatter
1677:             2             32  org.springframework.format.datetime.standard.Jsr310DateTimeFormatAnnotationFormatterFactory
1678:             2             32  org.springframework.format.datetime.standard.MonthDayFormatter
1679:             2             32  org.springframework.format.datetime.standard.MonthFormatter
1680:             2             32  org.springframework.format.datetime.standard.PeriodFormatter
1681:             2             32  org.springframework.format.datetime.standard.YearFormatter
1682:             2             32  org.springframework.format.datetime.standard.YearMonthFormatter
1683:             2             32  org.springframework.format.number.NumberFormatAnnotationFormatterFactory
1684:             2             32  org.springframework.jmx.export.annotation.AnnotationJmxAttributeSource
1685:             1             32  org.springframework.jmx.export.assembler.MetadataMBeanInfoAssembler
1686:             2             32  org.springframework.web.method.annotation.RequestParamMapMethodArgumentResolver
1687:             1             32  org.springframework.web.servlet.config.annotation.PathMatchConfigurer
1688:             1             32  org.springframework.web.servlet.mvc.method.RequestMappingInfo$BuilderConfiguration
1689:             2             32  org.springframework.web.servlet.mvc.method.annotation.JsonViewResponseBodyAdvice
1690:             2             32  org.springframework.web.servlet.mvc.method.annotation.MatrixVariableMapMethodArgumentResolver
1691:             2             32  org.springframework.web.servlet.mvc.method.annotation.ModelAndViewMethodReturnValueHandler
1692:             2             32  org.springframework.web.servlet.mvc.method.annotation.PathVariableMapMethodArgumentResolver
1693:             1             32  org.springframework.web.servlet.mvc.method.annotation.ReactiveTypeHandler
1694:             2             32  org.springframework.web.servlet.mvc.method.annotation.RedirectAttributesMethodArgumentResolver
1695:             1             32  org.springframework.web.servlet.mvc.method.annotation.RequestPartMethodArgumentResolver
1696:             1             32  org.springframework.web.servlet.mvc.method.annotation.ServletCookieValueMethodArgumentResolver
1697:             2             32  org.springframework.web.servlet.mvc.method.annotation.ViewMethodReturnValueHandler
1698:             2             32  org.springframework.web.servlet.mvc.method.annotation.ViewNameMethodReturnValueHandler
1699:             1             32  org.springframework.web.servlet.resource.ResourceUrlProvider
1700:             1             32  org.springframework.web.servlet.view.BeanNameViewResolver
1701:             2             32  sun.nio.ch.SocketDispatcher
1702:             1             32  sun.nio.cs.StandardCharsets
1703:             1             32  sun.nio.fs.NativeBuffer
1704:             1             32  sun.nio.fs.WindowsFileSystem
1705:             1             32  sun.reflect.annotation.AnnotatedTypeFactory$AnnotatedTypeBaseImpl
1706:             1             32  sun.security.provider.PolicyFile
1707:             1             32  sun.security.provider.PolicyFile$PolicyInfo
1708:             1             32  sun.security.util.DisabledAlgorithmConstraints$KeySizeConstraint
1709:             2             32  sun.text.normalizer.CharTrie$FriendAgent
1710:             1             24  [Lch.qos.logback.core.joran.spi.ConsoleTarget;
1711:             1             24  [Lch.qos.logback.core.subst.Node$Type;
1712:             1             24  [Lcom.fasterxml.jackson.databind.Module;
1713:             1             24  [Lcom.sun.org.apache.xalan.internal.utils.FeatureManager$Feature;
1714:             1             24  [Lcom.sun.org.apache.xalan.internal.utils.XMLSecurityPropertyManager$Property;
1715:             1             24  [Lcom.sun.org.apache.xerces.internal.utils.XMLSecurityPropertyManager$Property;
1716:             1             24  [Ljava.io.File$PathStatus;
1717:             1             24  [Ljava.lang.ClassValue$Entry;
1718:             1             24  [Ljava.net.InetAddress$Cache$Type;
1719:             1             24  [Ljava.net.StandardProtocolFamily;
1720:             1             24  [Ljava.time.temporal.IsoFields$Unit;
1721:             1             24  [Ljava.util.Locale$Category;
1722:             1             24  [Ljava.util.concurrent.ConcurrentHashMap$CounterCell;
1723:             1             24  [Ljdk.internal.org.objectweb.asm.Type;
1724:             1             24  [Lorg.apache.catalina.Service;
1725:             1             24  [Lorg.apache.catalina.WebResource;
1726:             1             24  [Lorg.apache.catalina.mapper.Mapper$ContextVersion;
1727:             1             24  [Lorg.apache.catalina.mapper.Mapper$MappedContext;
1728:             1             24  [Lorg.apache.catalina.mapper.Mapper$MappedHost;
1729:             1             24  [Lorg.apache.tomcat.util.IntrospectionUtils$PropertySource;
1730:             1             24  [Lorg.apache.tomcat.util.net.AbstractEndpoint$Acceptor;
1731:             1             24  [Lorg.apache.tomcat.util.net.NioEndpoint$Poller;
1732:             1             24  [Lorg.hibernate.validator.internal.metadata.descriptor.ConstraintDescriptorImpl$ConstraintType;
1733:             1             24  [Lorg.springframework.boot.autoconfigure.condition.ConditionMessage$Style;
1734:             1             24  [Lorg.springframework.boot.autoconfigure.condition.OnClassCondition$MatchType;
1735:             1             24  [Lorg.springframework.boot.autoconfigure.http.HttpEncodingProperties$Type;
1736:             1             24  [Lorg.springframework.boot.autoconfigure.web.servlet.WebMvcProperties$LocaleResolver;
1737:             1             24  [Lorg.springframework.boot.context.ConfigurationWarningsApplicationContextInitializer$Check;
1738:             1             24  [Lorg.springframework.boot.context.properties.source.ConfigurationPropertyName$Form;
1739:             1             24  [Lorg.springframework.context.annotation.ConfigurationCondition$ConfigurationPhase;
1740:             1             24  [Lorg.springframework.context.annotation.MBeanExportConfiguration$SpecificPlatform;
1741:             1             24  [Lorg.springframework.core.ResolvableType$WildcardBounds$Kind;
1742:             1             24  [Lorg.springframework.core.env.PropertySources;
1743:             1             24  [Lorg.springframework.util.ConcurrentReferenceHashMap$ReferenceType;
1744:             1             24  [Lorg.springframework.util.ConcurrentReferenceHashMap$Restructure;
1745:             1             24  [Lsun.launcher.LauncherHelper;
1746:             1             24  [Lsun.misc.JavaSecurityProtectionDomainAccess$ProtectionDomainCache;
1747:             1             24  ch.qos.logback.classic.BasicConfigurator
1748:             1             24  ch.qos.logback.classic.spi.TurboFilterList
1749:             1             24  ch.qos.logback.classic.util.ContextSelectorStaticBinder
1750:             1             24  com.fasterxml.jackson.annotation.JsonFormat$Features
1751:             1             24  com.fasterxml.jackson.annotation.JsonSetter$Value
1752:             1             24  com.fasterxml.jackson.core.util.Separators
1753:             1             24  com.fasterxml.jackson.databind.cfg.ContextAttributes$Impl
1754:             1             24  com.fasterxml.jackson.databind.introspect.AnnotatedClass$Creators
1755:             1             24  com.fasterxml.jackson.databind.introspect.JacksonAnnotationIntrospector
1756:             1             24  com.fasterxml.jackson.databind.ser.impl.FailingSerializer
1757:             1             24  com.fasterxml.jackson.datatype.jsr310.deser.LocalDateDeserializer
1758:             1             24  com.fasterxml.jackson.datatype.jsr310.deser.LocalDateTimeDeserializer
1759:             1             24  com.fasterxml.jackson.datatype.jsr310.deser.LocalTimeDeserializer
1760:             1             24  com.fasterxml.jackson.datatype.jsr310.deser.MonthDayDeserializer
1761:             1             24  com.fasterxml.jackson.datatype.jsr310.deser.OffsetTimeDeserializer
1762:             1             24  com.fasterxml.jackson.datatype.jsr310.deser.YearDeserializer
1763:             1             24  com.fasterxml.jackson.datatype.jsr310.deser.YearMonthDeserializer
1764:             1             24  com.fasterxml.jackson.module.paramnames.ParameterNamesAnnotationIntrospector
1765:             1             24  com.sun.beans.util.Cache$Kind$1
1766:             1             24  com.sun.beans.util.Cache$Kind$2
1767:             1             24  com.sun.beans.util.Cache$Kind$3
1768:             1             24  com.sun.jmx.mbeanserver.ClassLoaderRepositorySupport
1769:             1             24  com.sun.jmx.mbeanserver.MXBeanLookup
1770:             1             24  com.sun.jmx.remote.util.ClassLogger
1771:             1             24  com.sun.org.apache.xerces.internal.impl.Constants$ArrayEnumeration
1772:             1             24  com.sun.org.apache.xerces.internal.impl.XMLDocumentScannerImpl$ContentDriver
1773:             1             24  com.sun.org.apache.xerces.internal.impl.XMLNSDocumentScannerImpl$NSContentDriver
1774:             1             24  com.sun.org.apache.xerces.internal.impl.msg.XMLMessageFormatter
1775:             1             24  com.sun.org.apache.xerces.internal.impl.validation.ValidationManager
1776:             1             24  com.sun.org.apache.xerces.internal.parsers.AbstractSAXParser$LocatorProxy
1777:             1             24  com.sun.org.apache.xerces.internal.utils.XMLSecurityPropertyManager
1778:             1             24  java.lang.ClassValue$Version
1779:             1             24  java.lang.Double
1780:             1             24  java.lang.invoke.MethodHandleImpl$4
1781:             1             24  java.lang.invoke.MethodType$ConcurrentWeakInternSet
1782:             1             24  java.net.Inet6AddressImpl
1783:             1             24  java.net.SocketPermissionCollection
1784:             1             24  java.security.AllPermissionCollection
1785:             1             24  java.security.Policy$PolicyInfo
1786:             1             24  java.security.Policy$UnsupportedEmptyCollection
1787:             1             24  java.security.ProtectionDomain$PDCache
1788:             1             24  java.time.format.DecimalStyle
1789:             1             24  java.time.temporal.IsoFields$Field$1
1790:             1             24  java.time.temporal.IsoFields$Field$2
1791:             1             24  java.time.temporal.IsoFields$Field$3
1792:             1             24  java.time.temporal.IsoFields$Field$4
1793:             1             24  java.time.zone.TzdbZoneRulesProvider
1794:             1             24  java.util.AbstractMap$1$1
1795:             1             24  java.util.Collections$EmptyMap
1796:             1             24  java.util.Collections$SynchronizedRandomAccessList
1797:             1             24  java.util.Locale$Cache
1798:             1             24  java.util.PropertyPermissionCollection
1799:             1             24  java.util.ResourceBundle$Control$CandidateListCache
1800:             1             24  java.util.concurrent.ConcurrentSkipListMap$Node
1801:             1             24  java.util.concurrent.TimeUnit$1
1802:             1             24  java.util.concurrent.TimeUnit$2
1803:             1             24  java.util.concurrent.TimeUnit$3
1804:             1             24  java.util.concurrent.TimeUnit$4
1805:             1             24  java.util.concurrent.TimeUnit$5
1806:             1             24  java.util.concurrent.TimeUnit$6
1807:             1             24  java.util.concurrent.TimeUnit$7
1808:             1             24  java.util.logging.LogManager$LoggerContext
1809:             1             24  java.util.logging.LoggingPermission
1810:             1             24  java.util.stream.Collectors$$Lambda$325/1989184704
1811:             1             24  java.util.stream.ReferencePipeline$2$1
1812:             1             24  javax.el.ExpressionFactory$CacheKey
1813:             1             24  javax.el.Util$CacheKey
1814:             1             24  javax.websocket.CloseReason
1815:             1             24  org.apache.catalina.ContainerEvent
1816:             1             24  org.apache.catalina.core.ApplicationContextFacade
1817:             1             24  org.apache.catalina.core.StandardContext$ContextFilterMaps
1818:             1             24  org.apache.catalina.mapper.Mapper$ContextList
1819:             1             24  org.apache.catalina.mapper.Mapper$MappedContext
1820:             1             24  org.apache.catalina.mapper.Mapper$MappedWrapper
1821:             1             24  org.apache.catalina.webresources.TomcatURLStreamHandlerFactory
1822:             1             24  org.apache.coyote.AbstractProtocol$AsyncTimeout
1823:             1             24  org.apache.logging.log4j.spi.LoggerRegistry
1824:             1             24  org.apache.naming.StringManager
1825:             1             24  org.apache.tomcat.util.descriptor.web.ErrorPage
1826:             1             24  org.apache.tomcat.util.net.NioBlockingSelector
1827:             1             24  org.apache.tomcat.util.net.NioEndpoint$Acceptor
1828:             1             24  org.apache.tomcat.websocket.WsExtension
1829:             1             24  org.hibernate.validator.internal.engine.MethodValidationConfiguration
1830:             1             24  org.hibernate.validator.internal.engine.valueextraction.ValueExtractorManager
1831:             1             24  org.hibernate.validator.internal.metadata.provider.ProgrammaticMetaDataProvider
1832:             1             24  org.hibernate.validator.internal.util.ConcurrentReferenceHashMap$Option
1833:             1             24  org.slf4j.helpers.SubstituteLoggerFactory
1834:             1             24  org.slf4j.impl.StaticLoggerBinder
1835:             1             24  org.springframework.aop.framework.JdkDynamicAopProxy
1836:             1             24  org.springframework.aop.support.DefaultPointcutAdvisor
1837:             1             24  org.springframework.aop.support.annotation.AnnotationClassFilter
1838:             1             24  org.springframework.aop.support.annotation.AnnotationMatchingPointcut
1839:             1             24  org.springframework.aop.target.EmptyTargetSource
1840:             1             24  org.springframework.beans.AbstractNestablePropertyAccessor$PropertyTokenHolder
1841:             1             24  org.springframework.beans.factory.annotation.InitDestroyAnnotationBeanPostProcessor$LifecycleElement
1842:             1             24  org.springframework.beans.factory.config.RuntimeBeanReference
1843:             1             24  org.springframework.beans.support.ResourceEditorRegistrar
1844:             1             24  org.springframework.boot.DefaultApplicationArguments
1845:             1             24  org.springframework.boot.SpringApplicationBannerPrinter$PrintedBanner
1846:             1             24  org.springframework.boot.SpringApplicationRunListeners
1847:             1             24  org.springframework.boot.autoconfigure.AutoConfigurationPackages$BasePackages
1848:             1             24  org.springframework.boot.autoconfigure.condition.BeanTypeRegistry
1849:             1             24  org.springframework.boot.autoconfigure.condition.ConditionMessage$Style$1
1850:             1             24  org.springframework.boot.autoconfigure.condition.ConditionMessage$Style$2
1851:             1             24  org.springframework.boot.autoconfigure.condition.OnClassCondition$MatchType$1
1852:             1             24  org.springframework.boot.autoconfigure.condition.OnClassCondition$MatchType$2
1853:             1             24  org.springframework.boot.autoconfigure.diagnostics.analyzer.NoSuchBeanDefinitionFailureAnalyzer
1854:             1             24  org.springframework.boot.autoconfigure.freemarker.FreeMarkerTemplateAvailabilityProvider
1855:             1             24  org.springframework.boot.autoconfigure.groovy.template.GroovyTemplateAvailabilityProvider
1856:             1             24  org.springframework.boot.autoconfigure.http.HttpMessageConvertersAutoConfiguration$$EnhancerBySpringCGLIB$$c5af9aae$$FastClassBySpringCGLIB$$bec8628d
1857:             1             24  org.springframework.boot.autoconfigure.http.HttpMessageConvertersAutoConfiguration$$FastClassBySpringCGLIB$$ba15c54f
1858:             1             24  org.springframework.boot.autoconfigure.http.HttpMessageConvertersAutoConfiguration$StringHttpMessageConverterConfiguration$$EnhancerBySpringCGLIB$$f8bd614e$$FastClassBySpringCGLIB$$2cca6f2a
1859:             1             24  org.springframework.boot.autoconfigure.http.HttpMessageConvertersAutoConfiguration$StringHttpMessageConverterConfiguration$$FastClassBySpringCGLIB$$a19557ef
1860:             1             24  org.springframework.boot.autoconfigure.http.JacksonHttpMessageConvertersConfiguration$MappingJackson2HttpMessageConverterConfiguration$$EnhancerBySpringCGLIB$$32935d4e$$FastClassBySpringCGLIB$$478d3923
1861:             1             24  org.springframework.boot.autoconfigure.http.JacksonHttpMessageConvertersConfiguration$MappingJackson2HttpMessageConverterConfiguration$$FastClassBySpringCGLIB$$cc27d3ef
1862:             1             24  org.springframework.boot.autoconfigure.http.codec.CodecsAutoConfiguration$JacksonCodecConfiguration$$EnhancerBySpringCGLIB$$1355ea66$$FastClassBySpringCGLIB$$e0954eb0
1863:             1             24  org.springframework.boot.autoconfigure.http.codec.CodecsAutoConfiguration$JacksonCodecConfiguration$$FastClassBySpringCGLIB$$b3c4d607
1864:             1             24  org.springframework.boot.autoconfigure.info.ProjectInfoAutoConfiguration$GitResourceAvailableCondition
1865:             1             24  org.springframework.boot.autoconfigure.info.ProjectInfoProperties
1866:             1             24  org.springframework.boot.autoconfigure.jackson.JacksonAutoConfiguration$$EnhancerBySpringCGLIB$$e91aec3a$$FastClassBySpringCGLIB$$46f91dae
1867:             1             24  org.springframework.boot.autoconfigure.jackson.JacksonAutoConfiguration$$FastClassBySpringCGLIB$$ee97f15b
1868:             1             24  org.springframework.boot.autoconfigure.jackson.JacksonAutoConfiguration$Jackson2ObjectMapperBuilderCustomizerConfiguration$$EnhancerBySpringCGLIB$$7472f6b3$$FastClassBySpringCGLIB$$efa9541e
1869:             1             24  org.springframework.boot.autoconfigure.jackson.JacksonAutoConfiguration$Jackson2ObjectMapperBuilderCustomizerConfiguration$$FastClassBySpringCGLIB$$a7cec5b4
1870:             1             24  org.springframework.boot.autoconfigure.jackson.JacksonAutoConfiguration$Jackson2ObjectMapperBuilderCustomizerConfiguration$StandardJackson2ObjectMapperBuilderCustomizer
1871:             1             24  org.springframework.boot.autoconfigure.jackson.JacksonAutoConfiguration$JacksonObjectMapperBuilderConfiguration$$EnhancerBySpringCGLIB$$b95c10c4$$FastClassBySpringCGLIB$$dfbf69
1872:             1             24  org.springframework.boot.autoconfigure.jackson.JacksonAutoConfiguration$JacksonObjectMapperBuilderConfiguration$$FastClassBySpringCGLIB$$28b34ea5
1873:             1             24  org.springframework.boot.autoconfigure.jackson.JacksonAutoConfiguration$JacksonObjectMapperConfiguration$$EnhancerBySpringCGLIB$$70f4eab$$FastClassBySpringCGLIB$$a84d4c12
1874:             1             24  org.springframework.boot.autoconfigure.jackson.JacksonAutoConfiguration$JacksonObjectMapperConfiguration$$FastClassBySpringCGLIB$$596316ac
1875:             1             24  org.springframework.boot.autoconfigure.jackson.JacksonAutoConfiguration$ParameterNamesModuleConfiguration$$EnhancerBySpringCGLIB$$9b3e6de1$$FastClassBySpringCGLIB$$2826214c
1876:             1             24  org.springframework.boot.autoconfigure.jackson.JacksonAutoConfiguration$ParameterNamesModuleConfiguration$$FastClassBySpringCGLIB$$f1cb4522
1877:             1             24  org.springframework.boot.autoconfigure.logging.ConditionEvaluationReportLoggingListener
1878:             1             24  org.springframework.boot.autoconfigure.security.SecurityProperties
1879:             1             24  org.springframework.boot.autoconfigure.security.SecurityProperties$Filter
1880:             1             24  org.springframework.boot.autoconfigure.template.TemplateAvailabilityProviders
1881:             1             24  org.springframework.boot.autoconfigure.validation.ValidatorAdapter
1882:             1             24  org.springframework.boot.autoconfigure.web.ResourceProperties$Cache
1883:             1             24  org.springframework.boot.autoconfigure.web.ResourceProperties$Chain
1884:             1             24  org.springframework.boot.autoconfigure.web.ResourceProperties$Content
1885:             1             24  org.springframework.boot.autoconfigure.web.ResourceProperties$Fixed
1886:             1             24  org.springframework.boot.autoconfigure.web.ResourceProperties$Strategy
1887:             1             24  org.springframework.boot.autoconfigure.web.client.RestTemplateAutoConfiguration$$EnhancerBySpringCGLIB$$4691c89b$$FastClassBySpringCGLIB$$f1fe4375
1888:             1             24  org.springframework.boot.autoconfigure.web.client.RestTemplateAutoConfiguration$$FastClassBySpringCGLIB$$79a6429c
1889:             1             24  org.springframework.boot.autoconfigure.web.embedded.TomcatWebServerFactoryCustomizer
1890:             1             24  org.springframework.boot.autoconfigure.web.servlet.DispatcherServletAutoConfiguration$DispatcherServletConfiguration$$EnhancerBySpringCGLIB$$fb7b5ee3$$FastClassBySpringCGLIB$$857b7d5a
1891:             1             24  org.springframework.boot.autoconfigure.web.servlet.DispatcherServletAutoConfiguration$DispatcherServletConfiguration$$FastClassBySpringCGLIB$$c3057e4
1892:             1             24  org.springframework.boot.autoconfigure.web.servlet.DispatcherServletAutoConfiguration$DispatcherServletRegistrationConfiguration$$EnhancerBySpringCGLIB$$5d82f38a$$FastClassBySpringCGLIB$$eb1680ed
1893:             1             24  org.springframework.boot.autoconfigure.web.servlet.DispatcherServletAutoConfiguration$DispatcherServletRegistrationConfiguration$$FastClassBySpringCGLIB$$20b85eab
1894:             1             24  org.springframework.boot.autoconfigure.web.servlet.ServletWebServerFactoryConfiguration$EmbeddedTomcat$$EnhancerBySpringCGLIB$$15fe4104$$FastClassBySpringCGLIB$$55d1db98
1895:             1             24  org.springframework.boot.autoconfigure.web.servlet.ServletWebServerFactoryConfiguration$EmbeddedTomcat$$FastClassBySpringCGLIB$$57e7b6e5
1896:             1             24  org.springframework.boot.autoconfigure.web.servlet.WebMvcProperties$Contentnegotiation
1897:             1             24  org.springframework.boot.autoconfigure.web.servlet.WebMvcProperties$View
1898:             1             24  org.springframework.boot.autoconfigure.web.servlet.error.BasicErrorController
1899:             1             24  org.springframework.boot.autoconfigure.web.servlet.error.ErrorMvcAutoConfiguration$DefaultErrorViewResolverConfiguration$$EnhancerBySpringCGLIB$$ebbca93f$$FastClassBySpringCGLIB$$509810a2
1900:             1             24  org.springframework.boot.autoconfigure.web.servlet.error.ErrorMvcAutoConfiguration$DefaultErrorViewResolverConfiguration$$FastClassBySpringCGLIB$$696432c0
1901:             1             24  org.springframework.boot.autoconfigure.web.servlet.error.ErrorMvcAutoConfiguration$ErrorPageCustomizer
1902:             1             24  org.springframework.boot.autoconfigure.web.servlet.error.ErrorMvcAutoConfiguration$SpelView
1903:             1             24  org.springframework.boot.autoconfigure.websocket.servlet.WebSocketServletAutoConfiguration$TomcatWebSocketConfiguration$$EnhancerBySpringCGLIB$$2415e409$$FastClassBySpringCGLIB$$8973b6cd
1904:             1             24  org.springframework.boot.autoconfigure.websocket.servlet.WebSocketServletAutoConfiguration$TomcatWebSocketConfiguration$$FastClassBySpringCGLIB$$f1131e4a
1905:             1             24  org.springframework.boot.builder.ParentContextCloserApplicationListener
1906:             1             24  org.springframework.boot.cloud.CloudPlatform$1
1907:             1             24  org.springframework.boot.cloud.CloudPlatform$2
1908:             1             24  org.springframework.boot.cloud.CloudPlatform$3
1909:             1             24  org.springframework.boot.context.ContextIdApplicationContextInitializer$ContextId
1910:             1             24  org.springframework.boot.context.config.ConfigFileApplicationListener$PropertySourceOrderingPostProcessor
1911:             1             24  org.springframework.boot.context.config.DelegatingApplicationListener
1912:             1             24  org.springframework.boot.context.event.EventPublishingRunListener
1913:             1             24  org.springframework.boot.context.properties.ConfigurationBeanFactoryMetadata
1914:             1             24  org.springframework.boot.context.properties.ConfigurationPropertiesBindingPostProcessor
1915:             1             24  org.springframework.boot.context.properties.FilteredPropertySources
1916:             1             24  org.springframework.boot.context.properties.PropertyMapper
1917:             1             24  org.springframework.boot.context.properties.bind.JavaBeanBinder$Bean
1918:             1             24  org.springframework.boot.context.properties.bind.PropertySourcesPlaceholdersResolver
1919:             1             24  org.springframework.boot.context.properties.source.ConfigurationPropertySourcesPropertySource
1920:             1             24  org.springframework.boot.context.properties.source.DefaultPropertyMapper
1921:             1             24  org.springframework.boot.diagnostics.FailureAnalyzers
1922:             1             24  org.springframework.boot.env.OriginTrackedMapPropertySource
1923:             1             24  org.springframework.boot.env.RandomValuePropertySource
1924:             1             24  org.springframework.boot.env.SystemEnvironmentPropertySourceEnvironmentPostProcessor$OriginAwareSystemEnvironmentPropertySource
1925:             1             24  org.springframework.boot.loader.MainMethodRunner
1926:             1             24  org.springframework.boot.loader.archive.JarFileArchive
1927:             1             24  org.springframework.boot.loader.data.RandomAccessDataFile$FileAccess
1928:             1             24  org.springframework.boot.logging.AbstractLoggingSystem$LogLevels
1929:             1             24  org.springframework.boot.origin.OriginTrackedValue
1930:             1             24  org.springframework.boot.type.classreading.ConcurrentReferenceCachingMetadataReaderFactory
1931:             1             24  org.springframework.boot.web.embedded.tomcat.TomcatServletWebServerFactory$StaticResourceConfigurer
1932:             1             24  org.springframework.boot.web.embedded.tomcat.TomcatStarter
1933:             1             24  org.springframework.boot.web.embedded.tomcat.TomcatWebServer$$Lambda$272/195615004
1934:             1             24  org.springframework.boot.web.server.ErrorPage
1935:             1             24  org.springframework.boot.web.server.ErrorPageRegistrarBeanPostProcessor
1936:             1             24  org.springframework.boot.web.server.WebServerFactoryCustomizerBeanPostProcessor
1937:             1             24  org.springframework.boot.web.servlet.context.WebApplicationContextServletContextAwareProcessor
1938:             1             24  org.springframework.boot.web.servlet.server.DocumentRoot
1939:             1             24  org.springframework.boot.web.servlet.server.Jsp
1940:             1             24  org.springframework.cglib.core.EmitUtils$ArrayDelimiters
1941:             1             24  org.springframework.cglib.core.MethodWrapper$MethodWrapperKey$$KeyFactoryByCGLIB$$552be97a
1942:             1             24  org.springframework.cglib.core.internal.LoadingCache
1943:             1             24  org.springframework.context.annotation.ConfigurationClassEnhancer$ConditionalCallbackFilter
1944:             1             24  org.springframework.context.annotation.ContextAnnotationAutowireCandidateResolver
1945:             1             24  org.springframework.context.annotation.MBeanExportConfiguration$SpecificPlatform$1
1946:             1             24  org.springframework.context.annotation.MBeanExportConfiguration$SpecificPlatform$2
1947:             1             24  org.springframework.context.event.EventExpressionEvaluator
1948:             1             24  org.springframework.context.support.ApplicationContextAwareProcessor
1949:             1             24  org.springframework.context.support.PostProcessorRegistrationDelegate$BeanPostProcessorChecker
1950:             1             24  org.springframework.context.support.PropertySourcesPlaceholderConfigurer$$Lambda$173/511473681
1951:             1             24  org.springframework.core.OrderComparator$$Lambda$268/876926621
1952:             1             24  org.springframework.core.ReactiveAdapterRegistry
1953:             1             24  org.springframework.core.env.CommandLineArgs
1954:             1             24  org.springframework.core.env.PropertiesPropertySource
1955:             1             24  org.springframework.core.env.PropertySource$ComparisonPropertySource
1956:             1             24  org.springframework.core.env.SystemEnvironmentPropertySource
1957:             1             24  org.springframework.expression.spel.support.StandardTypeLocator
1958:             1             24  org.springframework.jmx.export.naming.MetadataNamingStrategy
1959:             1             24  org.springframework.jndi.JndiTemplate
1960:             1             24  org.springframework.objenesis.SpringObjenesis
1961:             1             24  org.springframework.util.AntPathMatcher$AntPathStringMatcher
1962:             1             24  org.springframework.util.StopWatch$TaskInfo
1963:             1             24  org.springframework.validation.beanvalidation.LocalValidatorFactoryBean$1
1964:             1             24  org.springframework.web.context.support.ServletContextPropertySource
1965:             1             24  org.springframework.web.context.support.ServletContextResourcePatternResolver
1966:             1             24  org.springframework.web.context.support.ServletContextScope
1967:             1             24  org.springframework.web.method.annotation.RequestHeaderMethodArgumentResolver
1968:             1             24  org.springframework.web.method.support.CompositeUriComponentsContributor
1969:             1             24  org.springframework.web.servlet.handler.HandlerExceptionResolverComposite
1970:             1             24  org.springframework.web.servlet.mvc.method.annotation.ResponseBodyEmitterReturnValueHandler
1971:             1             24  org.springframework.web.servlet.view.ViewResolverComposite
1972:             1             24  org.yaml.snakeyaml.external.com.google.gdata.util.common.base.PercentEscaper
1973:             1             24  sun.launcher.LauncherHelper
1974:             1             24  sun.management.CompilationImpl
1975:             1             24  sun.management.MemoryImpl
1976:             1             24  sun.management.OperatingSystemImpl
1977:             1             24  sun.management.RuntimeImpl
1978:             1             24  sun.management.ThreadImpl
1979:             1             24  sun.management.VMManagementImpl
1980:             1             24  sun.misc.JarIndex
1981:             1             24  sun.nio.ch.Util$BufferCache
1982:             1             24  sun.nio.cs.CESU_8
1983:             1             24  sun.nio.cs.IBM437
1984:             1             24  sun.nio.cs.IBM737
1985:             1             24  sun.nio.cs.IBM775
1986:             1             24  sun.nio.cs.IBM850
1987:             1             24  sun.nio.cs.IBM852
1988:             1             24  sun.nio.cs.IBM855
1989:             1             24  sun.nio.cs.IBM857
1990:             1             24  sun.nio.cs.IBM858
1991:             1             24  sun.nio.cs.IBM862
1992:             1             24  sun.nio.cs.IBM866
1993:             1             24  sun.nio.cs.IBM874
1994:             1             24  sun.nio.cs.ISO_8859_1
1995:             1             24  sun.nio.cs.ISO_8859_13
1996:             1             24  sun.nio.cs.ISO_8859_15
1997:             1             24  sun.nio.cs.ISO_8859_2
1998:             1             24  sun.nio.cs.ISO_8859_4
1999:             1             24  sun.nio.cs.ISO_8859_5
2000:             1             24  sun.nio.cs.ISO_8859_7
2001:             1             24  sun.nio.cs.ISO_8859_9
2002:             1             24  sun.nio.cs.KOI8_R
2003:             1             24  sun.nio.cs.KOI8_U
2004:             1             24  sun.nio.cs.MS1250
2005:             1             24  sun.nio.cs.MS1251
2006:             1             24  sun.nio.cs.MS1252
2007:             1             24  sun.nio.cs.MS1253
2008:             1             24  sun.nio.cs.MS1254
2009:             1             24  sun.nio.cs.MS1257
2010:             1             24  sun.nio.cs.ThreadLocalCoders$1
2011:             1             24  sun.nio.cs.ThreadLocalCoders$2
2012:             1             24  sun.nio.cs.US_ASCII
2013:             1             24  sun.nio.cs.UTF_16
2014:             1             24  sun.nio.cs.UTF_16BE
2015:             1             24  sun.nio.cs.UTF_16LE
2016:             1             24  sun.nio.cs.UTF_16LE_BOM
2017:             1             24  sun.nio.cs.UTF_32
2018:             1             24  sun.nio.cs.UTF_32BE
2019:             1             24  sun.nio.cs.UTF_32BE_BOM
2020:             1             24  sun.nio.cs.UTF_32LE
2021:             1             24  sun.nio.cs.UTF_32LE_BOM
2022:             1             24  sun.nio.cs.UTF_8
2023:             1             24  sun.nio.cs.ext.Big5
2024:             1             24  sun.nio.cs.ext.Big5_HKSCS
2025:             1             24  sun.nio.cs.ext.Big5_HKSCS_2001
2026:             1             24  sun.nio.cs.ext.Big5_Solaris
2027:             1             24  sun.nio.cs.ext.EUC_CN
2028:             1             24  sun.nio.cs.ext.EUC_JP
2029:             1             24  sun.nio.cs.ext.EUC_JP_LINUX
2030:             1             24  sun.nio.cs.ext.EUC_JP_Open
2031:             1             24  sun.nio.cs.ext.EUC_TW
2032:             1             24  sun.nio.cs.ext.GB18030
2033:             1             24  sun.nio.cs.ext.GBK
2034:             1             24  sun.nio.cs.ext.IBM037
2035:             1             24  sun.nio.cs.ext.IBM1006
2036:             1             24  sun.nio.cs.ext.IBM1025
2037:             1             24  sun.nio.cs.ext.IBM1026
2038:             1             24  sun.nio.cs.ext.IBM1046
2039:             1             24  sun.nio.cs.ext.IBM1047
2040:             1             24  sun.nio.cs.ext.IBM1097
2041:             1             24  sun.nio.cs.ext.IBM1098
2042:             1             24  sun.nio.cs.ext.IBM1112
2043:             1             24  sun.nio.cs.ext.IBM1122
2044:             1             24  sun.nio.cs.ext.IBM1123
2045:             1             24  sun.nio.cs.ext.IBM1124
2046:             1             24  sun.nio.cs.ext.IBM1140
2047:             1             24  sun.nio.cs.ext.IBM1141
2048:             1             24  sun.nio.cs.ext.IBM1142
2049:             1             24  sun.nio.cs.ext.IBM1143
2050:             1             24  sun.nio.cs.ext.IBM1144
2051:             1             24  sun.nio.cs.ext.IBM1145
2052:             1             24  sun.nio.cs.ext.IBM1146
2053:             1             24  sun.nio.cs.ext.IBM1147
2054:             1             24  sun.nio.cs.ext.IBM1148
2055:             1             24  sun.nio.cs.ext.IBM1149
2056:             1             24  sun.nio.cs.ext.IBM1166
2057:             1             24  sun.nio.cs.ext.IBM1364
2058:             1             24  sun.nio.cs.ext.IBM1381
2059:             1             24  sun.nio.cs.ext.IBM1383
2060:             1             24  sun.nio.cs.ext.IBM273
2061:             1             24  sun.nio.cs.ext.IBM277
2062:             1             24  sun.nio.cs.ext.IBM278
2063:             1             24  sun.nio.cs.ext.IBM280
2064:             1             24  sun.nio.cs.ext.IBM284
2065:             1             24  sun.nio.cs.ext.IBM285
2066:             1             24  sun.nio.cs.ext.IBM290
2067:             1             24  sun.nio.cs.ext.IBM297
2068:             1             24  sun.nio.cs.ext.IBM300
2069:             1             24  sun.nio.cs.ext.IBM33722
2070:             1             24  sun.nio.cs.ext.IBM420
2071:             1             24  sun.nio.cs.ext.IBM424
2072:             1             24  sun.nio.cs.ext.IBM500
2073:             1             24  sun.nio.cs.ext.IBM833
2074:             1             24  sun.nio.cs.ext.IBM834
2075:             1             24  sun.nio.cs.ext.IBM838
2076:             1             24  sun.nio.cs.ext.IBM856
2077:             1             24  sun.nio.cs.ext.IBM860
2078:             1             24  sun.nio.cs.ext.IBM861
2079:             1             24  sun.nio.cs.ext.IBM863
2080:             1             24  sun.nio.cs.ext.IBM864
2081:             1             24  sun.nio.cs.ext.IBM865
2082:             1             24  sun.nio.cs.ext.IBM868
2083:             1             24  sun.nio.cs.ext.IBM869
2084:             1             24  sun.nio.cs.ext.IBM870
2085:             1             24  sun.nio.cs.ext.IBM871
2086:             1             24  sun.nio.cs.ext.IBM875
2087:             1             24  sun.nio.cs.ext.IBM918
2088:             1             24  sun.nio.cs.ext.IBM921
2089:             1             24  sun.nio.cs.ext.IBM922
2090:             1             24  sun.nio.cs.ext.IBM930
2091:             1             24  sun.nio.cs.ext.IBM933
2092:             1             24  sun.nio.cs.ext.IBM935
2093:             1             24  sun.nio.cs.ext.IBM937
2094:             1             24  sun.nio.cs.ext.IBM939
2095:             1             24  sun.nio.cs.ext.IBM942
2096:             1             24  sun.nio.cs.ext.IBM942C
2097:             1             24  sun.nio.cs.ext.IBM943
2098:             1             24  sun.nio.cs.ext.IBM943C
2099:             1             24  sun.nio.cs.ext.IBM948
2100:             1             24  sun.nio.cs.ext.IBM949
2101:             1             24  sun.nio.cs.ext.IBM949C
2102:             1             24  sun.nio.cs.ext.IBM950
2103:             1             24  sun.nio.cs.ext.IBM964
2104:             1             24  sun.nio.cs.ext.IBM970
2105:             1             24  sun.nio.cs.ext.ISCII91
2106:             1             24  sun.nio.cs.ext.ISO2022_CN
2107:             1             24  sun.nio.cs.ext.ISO2022_CN_CNS
2108:             1             24  sun.nio.cs.ext.ISO2022_CN_GB
2109:             1             24  sun.nio.cs.ext.ISO2022_JP
2110:             1             24  sun.nio.cs.ext.ISO2022_JP_2
2111:             1             24  sun.nio.cs.ext.ISO2022_KR
2112:             1             24  sun.nio.cs.ext.ISO_8859_11
2113:             1             24  sun.nio.cs.ext.ISO_8859_3
2114:             1             24  sun.nio.cs.ext.ISO_8859_6
2115:             1             24  sun.nio.cs.ext.ISO_8859_8
2116:             1             24  sun.nio.cs.ext.JISAutoDetect
2117:             1             24  sun.nio.cs.ext.JIS_X_0201
2118:             1             24  sun.nio.cs.ext.JIS_X_0208
2119:             1             24  sun.nio.cs.ext.JIS_X_0212
2120:             1             24  sun.nio.cs.ext.Johab
2121:             1             24  sun.nio.cs.ext.MS1255
2122:             1             24  sun.nio.cs.ext.MS1256
2123:             1             24  sun.nio.cs.ext.MS1258
2124:             1             24  sun.nio.cs.ext.MS50220
2125:             1             24  sun.nio.cs.ext.MS50221
2126:             1             24  sun.nio.cs.ext.MS874
2127:             1             24  sun.nio.cs.ext.MS932
2128:             1             24  sun.nio.cs.ext.MS932_0213
2129:             1             24  sun.nio.cs.ext.MS936
2130:             1             24  sun.nio.cs.ext.MS949
2131:             1             24  sun.nio.cs.ext.MS950
2132:             1             24  sun.nio.cs.ext.MS950_HKSCS
2133:             1             24  sun.nio.cs.ext.MS950_HKSCS_XP
2134:             1             24  sun.nio.cs.ext.MSISO2022JP
2135:             1             24  sun.nio.cs.ext.MacArabic
2136:             1             24  sun.nio.cs.ext.MacCentralEurope
2137:             1             24  sun.nio.cs.ext.MacCroatian
2138:             1             24  sun.nio.cs.ext.MacCyrillic
2139:             1             24  sun.nio.cs.ext.MacDingbat
2140:             1             24  sun.nio.cs.ext.MacGreek
2141:             1             24  sun.nio.cs.ext.MacHebrew
2142:             1             24  sun.nio.cs.ext.MacIceland
2143:             1             24  sun.nio.cs.ext.MacRoman
2144:             1             24  sun.nio.cs.ext.MacRomania
2145:             1             24  sun.nio.cs.ext.MacSymbol
2146:             1             24  sun.nio.cs.ext.MacThai
2147:             1             24  sun.nio.cs.ext.MacTurkish
2148:             1             24  sun.nio.cs.ext.MacUkraine
2149:             1             24  sun.nio.cs.ext.PCK
2150:             1             24  sun.nio.cs.ext.SJIS
2151:             1             24  sun.nio.cs.ext.SJIS_0213
2152:             1             24  sun.nio.cs.ext.TIS_620
2153:             1             24  sun.nio.fs.NativeBuffer$Deallocator
2154:             1             24  sun.reflect.annotation.TypeAnnotation$LocationInfo
2155:             1             24  sun.security.util.DisabledAlgorithmConstraints
2156:             1             24  sun.util.locale.BaseLocale$Cache
2157:             1             24  sun.util.locale.provider.CalendarDataProviderImpl
2158:             1             24  sun.util.locale.provider.CalendarProviderImpl
2159:             1             24  sun.util.locale.provider.CurrencyNameProviderImpl
2160:             1             24  sun.util.locale.provider.DateFormatSymbolsProviderImpl
2161:             1             24  sun.util.locale.provider.DecimalFormatSymbolsProviderImpl
2162:             1             24  sun.util.locale.provider.NumberFormatProviderImpl
2163:             1             24  sun.util.locale.provider.TimeZoneNameProviderImpl
2164:             1             16  [Lch.qos.logback.core.Appender;
2165:             1             16  [Lch.qos.logback.core.filter.Filter;
2166:             1             16  [Lcom.fasterxml.classmate.members.RawConstructor;
2167:             1             16  [Lcom.fasterxml.classmate.members.RawField;
2168:             1             16  [Lcom.fasterxml.classmate.members.RawMethod;
2169:             1             16  [Lcom.fasterxml.jackson.databind.AbstractTypeResolver;
2170:             1             16  [Lcom.fasterxml.jackson.databind.deser.BeanDeserializerModifier;
2171:             1             16  [Lcom.fasterxml.jackson.databind.ser.BeanSerializerModifier;
2172:             1             16  [Lcom.fasterxml.jackson.databind.util.ClassUtil$Ctor;
2173:             1             16  [Ljava.beans.EventSetDescriptor;
2174:             1             16  [Ljava.lang.Throwable;
2175:             1             16  [Ljava.lang.reflect.AnnotatedType;
2176:             1             16  [Ljava.nio.file.attribute.FileAttribute;
2177:             1             16  [Ljava.security.Provider;
2178:             1             16  [Ljava.security.cert.Certificate;
2179:             1             16  [Ljava.text.FieldPosition;
2180:             1             16  [Ljava.time.zone.ZoneOffsetTransitionRule;
2181:             1             16  [Ljava.util.logging.Handler;
2182:             1             16  [Lorg.apache.catalina.core.DefaultInstanceManager$AnnotationCacheEntry;
2183:             1             16  [Lorg.apache.catalina.servlets.DefaultServlet$CompressionFormat;
2184:             1             16  [Lorg.apache.tomcat.util.descriptor.web.ApplicationParameter;
2185:             1             16  [Lorg.apache.tomcat.util.descriptor.web.SecurityConstraint;
2186:             1             16  [Lorg.springframework.aop.Advisor;
2187:             1             16  [Lorg.springframework.util.MimeType;
2188:             1             16  [Lorg.springframework.web.context.request.async.CallableProcessingInterceptor;
2189:             1             16  [Lorg.springframework.web.context.request.async.DeferredResultProcessingInterceptor;
2190:             1             16  [Lsun.reflect.annotation.TypeAnnotation$LocationInfo$Location;
2191:             1             16  ch.qos.logback.classic.pattern.EnsureExceptionHandling
2192:             1             16  ch.qos.logback.classic.pattern.TargetLengthBasedClassNameAbbreviator
2193:             1             16  ch.qos.logback.classic.selector.DefaultContextSelector
2194:             1             16  ch.qos.logback.core.LifeCycleManager
2195:             1             16  ch.qos.logback.core.joran.spi.ConsoleTarget$1
2196:             1             16  ch.qos.logback.core.joran.spi.ConsoleTarget$2
2197:             1             16  ch.qos.logback.core.spi.AppenderAttachableImpl
2198:             1             16  ch.qos.logback.core.spi.FilterAttachableImpl
2199:             1             16  com.fasterxml.classmate.TypeResolver
2200:             1             16  com.fasterxml.classmate.util.ResolvedTypeCache
2201:             1             16  com.fasterxml.jackson.core.util.DefaultPrettyPrinter$FixedSpaceIndenter
2202:             1             16  com.fasterxml.jackson.core.util.DefaultPrettyPrinter$NopIndenter
2203:             1             16  com.fasterxml.jackson.databind.deser.std.StdKeyDeserializers
2204:             1             16  com.fasterxml.jackson.databind.ext.Java7SupportImpl
2205:             1             16  com.fasterxml.jackson.databind.introspect.AnnotationCollector$NoAnnotations
2206:             1             16  com.fasterxml.jackson.databind.introspect.NopAnnotationIntrospector$1
2207:             1             16  com.fasterxml.jackson.databind.ser.impl.UnknownSerializer
2208:             1             16  com.fasterxml.jackson.databind.ser.std.NullSerializer
2209:             1             16  com.fasterxml.jackson.databind.ser.std.StringSerializer
2210:             1             16  com.fasterxml.jackson.databind.ser.std.UUIDSerializer
2211:             1             16  com.fasterxml.jackson.datatype.jsr310.deser.DurationDeserializer
2212:             1             16  com.fasterxml.jackson.datatype.jsr310.deser.InstantDeserializer$$Lambda$122/1992261995
2213:             1             16  com.fasterxml.jackson.datatype.jsr310.deser.InstantDeserializer$$Lambda$123/927880547
2214:             1             16  com.fasterxml.jackson.datatype.jsr310.deser.InstantDeserializer$$Lambda$124/1993936680
2215:             1             16  com.fasterxml.jackson.datatype.jsr310.deser.InstantDeserializer$$Lambda$125/963092401
2216:             1             16  com.fasterxml.jackson.datatype.jsr310.deser.InstantDeserializer$$Lambda$126/125401082
2217:             1             16  com.fasterxml.jackson.datatype.jsr310.deser.InstantDeserializer$$Lambda$127/362197712
2218:             1             16  com.fasterxml.jackson.datatype.jsr310.deser.InstantDeserializer$$Lambda$128/1192815790
2219:             1             16  com.fasterxml.jackson.datatype.jsr310.deser.InstantDeserializer$$Lambda$129/1116170731
2220:             1             16  com.fasterxml.jackson.datatype.jsr310.deser.InstantDeserializer$$Lambda$130/235733222
2221:             1             16  com.fasterxml.jackson.datatype.jsr310.deser.InstantDeserializer$$Lambda$131/774714309
2222:             1             16  com.fasterxml.jackson.datatype.jsr310.deser.InstantDeserializer$$Lambda$132/785438514
2223:             1             16  com.fasterxml.jackson.datatype.jsr310.deser.InstantDeserializer$$Lambda$133/822942472
2224:             1             16  com.fasterxml.jackson.datatype.jsr310.deser.key.DurationKeyDeserializer
2225:             1             16  com.fasterxml.jackson.datatype.jsr310.deser.key.InstantKeyDeserializer
2226:             1             16  com.fasterxml.jackson.datatype.jsr310.deser.key.LocalDateKeyDeserializer
2227:             1             16  com.fasterxml.jackson.datatype.jsr310.deser.key.LocalDateTimeKeyDeserializer
2228:             1             16  com.fasterxml.jackson.datatype.jsr310.deser.key.LocalTimeKeyDeserializer
2229:             1             16  com.fasterxml.jackson.datatype.jsr310.deser.key.MonthDayKeyDeserializer
2230:             1             16  com.fasterxml.jackson.datatype.jsr310.deser.key.OffsetDateTimeKeyDeserializer
2231:             1             16  com.fasterxml.jackson.datatype.jsr310.deser.key.OffsetTimeKeyDeserializer
2232:             1             16  com.fasterxml.jackson.datatype.jsr310.deser.key.PeriodKeyDeserializer
2233:             1             16  com.fasterxml.jackson.datatype.jsr310.deser.key.YearKeyDeserializer
2234:             1             16  com.fasterxml.jackson.datatype.jsr310.deser.key.YearMothKeyDeserializer
2235:             1             16  com.fasterxml.jackson.datatype.jsr310.deser.key.ZoneIdKeyDeserializer
2236:             1             16  com.fasterxml.jackson.datatype.jsr310.deser.key.ZoneOffsetKeyDeserializer
2237:             1             16  com.fasterxml.jackson.datatype.jsr310.deser.key.ZonedDateTimeKeyDeserializer
2238:             1             16  com.fasterxml.jackson.datatype.jsr310.ser.InstantSerializer$$Lambda$134/14589203
2239:             1             16  com.fasterxml.jackson.datatype.jsr310.ser.InstantSerializer$$Lambda$135/1506939739
2240:             1             16  com.fasterxml.jackson.datatype.jsr310.ser.InstantSerializer$$Lambda$136/2016915692
2241:             1             16  com.fasterxml.jackson.datatype.jsr310.ser.OffsetDateTimeSerializer$$Lambda$137/1506520668
2242:             1             16  com.fasterxml.jackson.datatype.jsr310.ser.OffsetDateTimeSerializer$$Lambda$138/473875801
2243:             1             16  com.fasterxml.jackson.datatype.jsr310.ser.OffsetDateTimeSerializer$$Lambda$139/1015851102
2244:             1             16  com.fasterxml.jackson.datatype.jsr310.ser.ZonedDateTimeSerializer$$Lambda$140/1574424204
2245:             1             16  com.fasterxml.jackson.datatype.jsr310.ser.ZonedDateTimeSerializer$$Lambda$141/1849580673
2246:             1             16  com.fasterxml.jackson.datatype.jsr310.ser.ZonedDateTimeSerializer$$Lambda$142/1724449887
2247:             1             16  com.fasterxml.jackson.datatype.jsr310.ser.key.ZonedDateTimeKeySerializer
2248:             1             16  com.fasterxml.jackson.module.paramnames.ParameterExtractor
2249:             1             16  com.sun.jmx.interceptor.DefaultMBeanServerInterceptor$ResourceContext$1
2250:             1             16  com.sun.jmx.mbeanserver.DefaultMXBeanMappingFactory
2251:             1             16  com.sun.jmx.mbeanserver.DescriptorCache
2252:             1             16  com.sun.jmx.mbeanserver.MBeanAnalyzer$MethodOrder
2253:             1             16  com.sun.jmx.mbeanserver.MBeanInstantiator
2254:             1             16  com.sun.jmx.mbeanserver.MXBeanIntrospector
2255:             1             16  com.sun.jmx.mbeanserver.SecureClassLoaderRepository
2256:             1             16  com.sun.naming.internal.VersionHelper12
2257:             1             16  com.sun.org.apache.xalan.internal.utils.SecuritySupport
2258:             1             16  com.sun.org.apache.xerces.internal.impl.dv.dtd.DTDDVFactoryImpl
2259:             1             16  com.sun.org.apache.xerces.internal.impl.dv.dtd.IDDatatypeValidator
2260:             1             16  com.sun.org.apache.xerces.internal.impl.dv.dtd.IDREFDatatypeValidator
2261:             1             16  com.sun.org.apache.xerces.internal.impl.dv.dtd.NMTOKENDatatypeValidator
2262:             1             16  com.sun.org.apache.xerces.internal.impl.dv.dtd.NOTATIONDatatypeValidator
2263:             1             16  com.sun.org.apache.xerces.internal.impl.dv.dtd.StringDatatypeValidator
2264:             1             16  com.sun.org.apache.xerces.internal.parsers.AbstractSAXParser$AttributesProxy
2265:             1             16  com.sun.org.apache.xerces.internal.util.EntityResolver2Wrapper
2266:             1             16  com.sun.org.apache.xerces.internal.util.ErrorHandlerWrapper
2267:             1             16  com.sun.org.apache.xerces.internal.utils.SecuritySupport
2268:             1             16  com.sun.proxy.$Proxy10
2269:             1             16  com.sun.proxy.$Proxy11
2270:             1             16  com.sun.proxy.$Proxy13
2271:             1             16  com.sun.proxy.$Proxy14
2272:             1             16  com.sun.proxy.$Proxy15
2273:             1             16  com.sun.proxy.$Proxy17
2274:             1             16  com.sun.proxy.$Proxy20
2275:             1             16  com.sun.proxy.$Proxy22
2276:             1             16  com.sun.proxy.$Proxy31
2277:             1             16  com.sun.proxy.$Proxy39
2278:             1             16  com.sun.proxy.$Proxy46
2279:             1             16  com.sun.proxy.$Proxy53
2280:             1             16  com.sun.proxy.$Proxy57
2281:             1             16  com.sun.proxy.$Proxy58
2282:             1             16  com.sun.proxy.$Proxy60
2283:             1             16  io.github.kimmking.gateway.server.HelloController
2284:             1             16  java.io.Console$1
2285:             1             16  java.io.Console$2
2286:             1             16  java.io.DeleteOnExitHook$1
2287:             1             16  java.io.FileDescriptor$1
2288:             1             16  java.lang.ApplicationShutdownHooks$1
2289:             1             16  java.lang.CharacterData00
2290:             1             16  java.lang.CharacterDataLatin1
2291:             1             16  java.lang.ClassLoader$3
2292:             1             16  java.lang.ClassValue$Identity
2293:             1             16  java.lang.Float
2294:             1             16  java.lang.InheritableThreadLocal
2295:             1             16  java.lang.ProcessEnvironment$CheckedEntrySet
2296:             1             16  java.lang.ProcessEnvironment$CheckedKeySet
2297:             1             16  java.lang.ProcessEnvironment$EntryComparator
2298:             1             16  java.lang.ProcessEnvironment$NameComparator
2299:             1             16  java.lang.Runtime
2300:             1             16  java.lang.String$CaseInsensitiveComparator
2301:             1             16  java.lang.System$2
2302:             1             16  java.lang.Terminator$1
2303:             1             16  java.lang.invoke.MemberName$Factory
2304:             1             16  java.lang.invoke.MethodHandleImpl$2
2305:             1             16  java.lang.invoke.MethodHandleImpl$3
2306:             1             16  java.lang.management.PlatformComponent$1
2307:             1             16  java.lang.management.PlatformComponent$10
2308:             1             16  java.lang.management.PlatformComponent$11
2309:             1             16  java.lang.management.PlatformComponent$12
2310:             1             16  java.lang.management.PlatformComponent$13
2311:             1             16  java.lang.management.PlatformComponent$14
2312:             1             16  java.lang.management.PlatformComponent$15
2313:             1             16  java.lang.management.PlatformComponent$2
2314:             1             16  java.lang.management.PlatformComponent$3
2315:             1             16  java.lang.management.PlatformComponent$4
2316:             1             16  java.lang.management.PlatformComponent$5
2317:             1             16  java.lang.management.PlatformComponent$6
2318:             1             16  java.lang.management.PlatformComponent$7
2319:             1             16  java.lang.management.PlatformComponent$8
2320:             1             16  java.lang.management.PlatformComponent$9
2321:             1             16  java.lang.ref.Reference$1
2322:             1             16  java.lang.ref.Reference$Lock
2323:             1             16  java.lang.reflect.Proxy$KeyFactory
2324:             1             16  java.lang.reflect.Proxy$ProxyClassFactory
2325:             1             16  java.lang.reflect.ReflectAccess
2326:             1             16  java.net.InetAddress$2
2327:             1             16  java.net.URLClassLoader$7
2328:             1             16  java.nio.Bits$1
2329:             1             16  java.nio.Bits$1$1
2330:             1             16  java.nio.charset.CoderResult$1
2331:             1             16  java.nio.charset.CoderResult$2
2332:             1             16  java.nio.file.Files$AcceptAllFilter
2333:             1             16  java.security.ProtectionDomain$2
2334:             1             16  java.security.ProtectionDomain$JavaSecurityAccessImpl
2335:             1             16  java.text.DontCareFieldPosition$1
2336:             1             16  java.time.chrono.AbstractChronology$$Lambda$3/932172204
2337:             1             16  java.time.chrono.AbstractChronology$$Lambda$4/2121055098
2338:             1             16  java.time.chrono.AbstractChronology$$Lambda$5/1896277646
2339:             1             16  java.time.chrono.IsoChronology
2340:             1             16  java.time.format.DateTimeFormatter$$Lambda$40/1226866487
2341:             1             16  java.time.format.DateTimeFormatter$$Lambda$41/1067039197
2342:             1             16  java.time.format.DateTimeFormatterBuilder$$Lambda$39/2089644386
2343:             1             16  java.time.format.DateTimeFormatterBuilder$2
2344:             1             16  java.time.format.DateTimeFormatterBuilder$InstantPrinterParser
2345:             1             16  java.time.format.DateTimeTextProvider$1
2346:             1             16  java.util.Collections$EmptyEnumeration
2347:             1             16  java.util.Collections$EmptyIterator
2348:             1             16  java.util.Collections$EmptyList
2349:             1             16  java.util.Collections$EmptySet
2350:             1             16  java.util.Collections$ReverseComparator
2351:             1             16  java.util.Collections$UnmodifiableCollection
2352:             1             16  java.util.Currency$CurrencyNameGetter
2353:             1             16  java.util.EnumMap$1
2354:             1             16  java.util.IdentityHashMap$Values
2355:             1             16  java.util.ResourceBundle$Control
2356:             1             16  java.util.Spliterators$EmptySpliterator$OfDouble
2357:             1             16  java.util.Spliterators$EmptySpliterator$OfInt
2358:             1             16  java.util.Spliterators$EmptySpliterator$OfLong
2359:             1             16  java.util.Spliterators$EmptySpliterator$OfRef
2360:             1             16  java.util.TreeMap$Values
2361:             1             16  java.util.WeakHashMap$KeySet
2362:             1             16  java.util.concurrent.ConcurrentSkipListSet
2363:             1             16  java.util.concurrent.ThreadPoolExecutor$AbortPolicy
2364:             1             16  java.util.function.Function$$Lambda$52/1476011703
2365:             1             16  java.util.jar.JavaUtilJarAccessImpl
2366:             1             16  java.util.logging.ErrorManager
2367:             1             16  java.util.logging.LoggingProxyImpl
2368:             1             16  java.util.regex.Pattern$4
2369:             1             16  java.util.regex.Pattern$LastNode
2370:             1             16  java.util.regex.Pattern$Node
2371:             1             16  java.util.stream.Collectors$$Lambda$161/2114650936
2372:             1             16  java.util.stream.Collectors$$Lambda$162/1635756693
2373:             1             16  java.util.stream.Collectors$$Lambda$28/1130478920
2374:             1             16  java.util.stream.Collectors$$Lambda$29/604107971
2375:             1             16  java.util.stream.Collectors$$Lambda$30/1982791261
2376:             1             16  java.util.stream.Collectors$$Lambda$31/1562557367
2377:             1             16  java.util.stream.Collectors$$Lambda$326/611572016
2378:             1             16  java.util.stream.Collectors$$Lambda$327/889486595
2379:             1             16  java.util.stream.Collectors$$Lambda$328/77269878
2380:             1             16  java.util.stream.Collectors$$Lambda$64/2102934584
2381:             1             16  java.util.stream.Collectors$$Lambda$65/885976791
2382:             1             16  java.util.stream.Collectors$$Lambda$66/1981865657
2383:             1             16  java.util.stream.Collectors$$Lambda$97/1765095590
2384:             1             16  java.util.stream.FindOps$$Lambda$18/1607460018
2385:             1             16  java.util.stream.FindOps$$Lambda$19/1940447180
2386:             1             16  java.util.zip.ZipFile$1
2387:             1             16  javax.management.JMX
2388:             1             16  javax.management.MBeanServerBuilder
2389:             1             16  javax.management.NotificationBroadcasterSupport$1
2390:             1             16  javax.validation.Validation$GetValidationProviderListAction
2391:             1             16  javax.xml.parsers.SecuritySupport
2392:             1             16  javax.xml.transform.SecuritySupport
2393:             1             16  org.apache.catalina.authenticator.AuthenticatorBase$NoOpAuthConfigProvider
2394:             1             16  org.apache.catalina.connector.CoyoteAdapter
2395:             1             16  org.apache.catalina.connector.CoyoteAdapter$1
2396:             1             16  org.apache.catalina.core.AprLifecycleListener
2397:             1             16  org.apache.catalina.core.ContainerBase$ContainerBackgroundProcessor
2398:             1             16  org.apache.catalina.core.StandardContext$1
2399:             1             16  org.apache.catalina.core.StandardHost$MemoryLeakTrackingListener
2400:             1             16  org.apache.catalina.mbeans.MBeanFactory
2401:             1             16  org.apache.catalina.realm.X509SubjectDnRetriever
2402:             1             16  org.apache.catalina.startup.Tomcat$FixContextListener
2403:             1             16  org.apache.catalina.util.CharsetMapper
2404:             1             16  org.apache.el.ExpressionFactoryImpl
2405:             1             16  org.apache.juli.logging.LogFactory
2406:             1             16  org.apache.logging.log4j.message.ParameterizedNoReferenceMessageFactory
2407:             1             16  org.apache.logging.log4j.message.ReusableMessageFactory
2408:             1             16  org.apache.logging.log4j.spi.LoggerRegistry$ConcurrentMapFactory
2409:             1             16  org.apache.logging.log4j.util.LoaderUtil$ThreadContextClassLoaderGetter
2410:             1             16  org.apache.logging.log4j.util.ProviderUtil
2411:             1             16  org.apache.logging.slf4j.SLF4JLoggerContext
2412:             1             16  org.apache.logging.slf4j.SLF4JLoggerContextFactory
2413:             1             16  org.apache.tomcat.util.buf.StringCache
2414:             1             16  org.apache.tomcat.util.compat.Jre8Compat
2415:             1             16  org.apache.tomcat.util.digester.Digester$SystemPropertySource
2416:             1             16  org.apache.tomcat.util.http.CookieProcessorBase$1
2417:             1             16  org.apache.tomcat.util.http.Rfc6265CookieProcessor
2418:             1             16  org.apache.tomcat.util.threads.ThreadPoolExecutor$RejectHandler
2419:             1             16  org.apache.tomcat.websocket.server.WsContextListener
2420:             1             16  org.apache.tomcat.websocket.server.WsFilter
2421:             1             16  org.apache.tomcat.websocket.server.WsSessionListener
2422:             1             16  org.apache.tomcat.websocket.server.WsWriteTimeout$EndpointComparator
2423:             1             16  org.hibernate.validator.HibernateValidator
2424:             1             16  org.hibernate.validator.internal.engine.ConfigurationImpl$$Lambda$63/524037475
2425:             1             16  org.hibernate.validator.internal.engine.DefaultClockProvider
2426:             1             16  org.hibernate.validator.internal.engine.DefaultParameterNameProvider
2427:             1             16  org.hibernate.validator.internal.engine.constraintvalidation.ConstraintValidatorManager$1
2428:             1             16  org.hibernate.validator.internal.engine.groups.ValidationOrderGenerator
2429:             1             16  org.hibernate.validator.internal.engine.resolver.TraverseAllTraversableResolver
2430:             1             16  org.hibernate.validator.internal.engine.valueextraction.AnnotatedObject
2431:             1             16  org.hibernate.validator.internal.engine.valueextraction.BooleanArrayValueExtractor
2432:             1             16  org.hibernate.validator.internal.engine.valueextraction.ByteArrayValueExtractor
2433:             1             16  org.hibernate.validator.internal.engine.valueextraction.CharArrayValueExtractor
2434:             1             16  org.hibernate.validator.internal.engine.valueextraction.DoubleArrayValueExtractor
2435:             1             16  org.hibernate.validator.internal.engine.valueextraction.FloatArrayValueExtractor
2436:             1             16  org.hibernate.validator.internal.engine.valueextraction.IntArrayValueExtractor
2437:             1             16  org.hibernate.validator.internal.engine.valueextraction.IterableValueExtractor
2438:             1             16  org.hibernate.validator.internal.engine.valueextraction.ListPropertyValueExtractor
2439:             1             16  org.hibernate.validator.internal.engine.valueextraction.ListValueExtractor
2440:             1             16  org.hibernate.validator.internal.engine.valueextraction.LongArrayValueExtractor
2441:             1             16  org.hibernate.validator.internal.engine.valueextraction.MapKeyExtractor
2442:             1             16  org.hibernate.validator.internal.engine.valueextraction.MapPropertyKeyExtractor
2443:             1             16  org.hibernate.validator.internal.engine.valueextraction.MapPropertyValueExtractor
2444:             1             16  org.hibernate.validator.internal.engine.valueextraction.MapValueExtractor
2445:             1             16  org.hibernate.validator.internal.engine.valueextraction.ObjectArrayValueExtractor
2446:             1             16  org.hibernate.validator.internal.engine.valueextraction.ObservableValueValueExtractor
2447:             1             16  org.hibernate.validator.internal.engine.valueextraction.OptionalDoubleValueExtractor
2448:             1             16  org.hibernate.validator.internal.engine.valueextraction.OptionalIntValueExtractor
2449:             1             16  org.hibernate.validator.internal.engine.valueextraction.OptionalLongValueExtractor
2450:             1             16  org.hibernate.validator.internal.engine.valueextraction.OptionalValueExtractor
2451:             1             16  org.hibernate.validator.internal.engine.valueextraction.ReadOnlyListPropertyValueExtractor
2452:             1             16  org.hibernate.validator.internal.engine.valueextraction.ReadOnlyMapPropertyKeyExtractor
2453:             1             16  org.hibernate.validator.internal.engine.valueextraction.ReadOnlyMapPropertyValueExtractor
2454:             1             16  org.hibernate.validator.internal.engine.valueextraction.ReadOnlySetPropertyValueExtractor
2455:             1             16  org.hibernate.validator.internal.engine.valueextraction.SetPropertyValueExtractor
2456:             1             16  org.hibernate.validator.internal.engine.valueextraction.ShortArrayValueExtractor
2457:             1             16  org.hibernate.validator.internal.metadata.aggregated.rule.OverridingMethodMustNotAlterParameterConstraints
2458:             1             16  org.hibernate.validator.internal.metadata.aggregated.rule.ParallelMethodsMustNotDefineGroupConversionForCascadedReturnValue
2459:             1             16  org.hibernate.validator.internal.metadata.aggregated.rule.ParallelMethodsMustNotDefineParameterConstraints
2460:             1             16  org.hibernate.validator.internal.metadata.aggregated.rule.ReturnValueMayOnlyBeMarkedOnceAsCascadedPerHierarchyLine
2461:             1             16  org.hibernate.validator.internal.metadata.aggregated.rule.VoidMethodsMustNotBeReturnValueConstrained
2462:             1             16  org.hibernate.validator.internal.metadata.core.ConstraintHelper$ValidatorDescriptorMap
2463:             1             16  org.hibernate.validator.internal.metadata.provider.AnnotationMetaDataProvider$$Lambda$96/1650031822
2464:             1             16  org.hibernate.validator.internal.util.ExecutableHelper
2465:             1             16  org.hibernate.validator.internal.util.ExecutableParameterNameProvider
2466:             1             16  org.hibernate.validator.internal.util.TypeResolutionHelper
2467:             1             16  org.hibernate.validator.internal.util.logging.Messages_$bundle
2468:             1             16  org.hibernate.validator.resourceloading.PlatformResourceBundleLocator$AggregateResourceBundleControl
2469:             1             16  org.jboss.logging.Log4j2LoggerProvider
2470:             1             16  org.slf4j.helpers.NOPLoggerFactory
2471:             1             16  org.springframework.aop.Advisor$1
2472:             1             16  org.springframework.aop.TrueMethodMatcher
2473:             1             16  org.springframework.aop.TruePointcut
2474:             1             16  org.springframework.aop.framework.DefaultAdvisorChainFactory
2475:             1             16  org.springframework.aop.framework.DefaultAopProxyFactory
2476:             1             16  org.springframework.beans.CachedIntrospectionResults$$Lambda$329/1524960486
2477:             1             16  org.springframework.beans.CachedIntrospectionResults$$Lambda$330/117009527
2478:             1             16  org.springframework.beans.CachedIntrospectionResults$$Lambda$331/199640888
2479:             1             16  org.springframework.beans.ExtendedBeanInfo$$Lambda$286/64133603
2480:             1             16  org.springframework.beans.ExtendedBeanInfoFactory
2481:             1             16  org.springframework.beans.factory.parsing.FailFastProblemReporter
2482:             1             16  org.springframework.beans.factory.parsing.PassThroughSourceExtractor
2483:             1             16  org.springframework.beans.factory.support.AutowireUtils$$Lambda$157/540159270
2484:             1             16  org.springframework.beans.factory.support.AutowireUtils$$Lambda$171/1728790703
2485:             1             16  org.springframework.beans.factory.support.CglibSubclassingInstantiationStrategy
2486:             1             16  org.springframework.beans.factory.support.DefaultSingletonBeanRegistry$$Lambda$113/1802598046
2487:             1             16  org.springframework.beans.factory.support.DefaultSingletonBeanRegistry$$Lambda$114/659748578
2488:             1             16  org.springframework.boot.ClearCachesApplicationListener
2489:             1             16  org.springframework.boot.SpringBootBanner
2490:             1             16  org.springframework.boot.StartupInfoLogger
2491:             1             16  org.springframework.boot.autoconfigure.AutoConfigurationImportSelector$$Lambda$120/440434003
2492:             1             16  org.springframework.boot.autoconfigure.BackgroundPreinitializer
2493:             1             16  org.springframework.boot.autoconfigure.SharedMetadataReaderFactoryContextInitializer
2494:             1             16  org.springframework.boot.autoconfigure.SharedMetadataReaderFactoryContextInitializer$CachingMetadataReaderFactoryPostProcessor
2495:             1             16  org.springframework.boot.autoconfigure.SharedMetadataReaderFactoryContextInitializer$SharedMetadataReaderFactoryBean
2496:             1             16  org.springframework.boot.autoconfigure.condition.BeanTypeRegistry$$Lambda$159/280884709
2497:             1             16  org.springframework.boot.autoconfigure.condition.BeanTypeRegistry$$Lambda$160/1847509784
2498:             1             16  org.springframework.boot.autoconfigure.condition.ConditionEvaluationReport$AncestorsMatchedCondition
2499:             1             16  org.springframework.boot.autoconfigure.context.MessageSourceAutoConfiguration$ResourceBundleCondition
2500:             1             16  org.springframework.boot.autoconfigure.http.HttpMessageConverters
2501:             1             16  org.springframework.boot.autoconfigure.http.codec.CodecsAutoConfiguration$JacksonCodecConfiguration$$Lambda$314/1686100174
2502:             1             16  org.springframework.boot.autoconfigure.info.ProjectInfoProperties$Build
2503:             1             16  org.springframework.boot.autoconfigure.info.ProjectInfoProperties$Git
2504:             1             16  org.springframework.boot.autoconfigure.jdbc.DataSourceBeanCreationFailureAnalyzer
2505:             1             16  org.springframework.boot.autoconfigure.logging.ConditionEvaluationReportLoggingListener$ConditionEvaluationReportListener
2506:             1             16  org.springframework.boot.autoconfigure.mustache.MustacheTemplateAvailabilityProvider
2507:             1             16  org.springframework.boot.autoconfigure.session.NonUniqueSessionRepositoryFailureAnalyzer
2508:             1             16  org.springframework.boot.autoconfigure.template.TemplateAvailabilityProviders$NoTemplateAvailabilityProvider
2509:             1             16  org.springframework.boot.autoconfigure.thymeleaf.ThymeleafTemplateAvailabilityProvider
2510:             1             16  org.springframework.boot.autoconfigure.web.ErrorProperties$Whitelabel
2511:             1             16  org.springframework.boot.autoconfigure.web.OnEnabledResourceChainCondition
2512:             1             16  org.springframework.boot.autoconfigure.web.ServerProperties$Tomcat$Resource
2513:             1             16  org.springframework.boot.autoconfigure.web.embedded.EmbeddedWebServerFactoryCustomizerAutoConfiguration$TomcatWebServerFactoryCustomizerConfiguration
2514:             1             16  org.springframework.boot.autoconfigure.web.embedded.TomcatWebServerFactoryCustomizer$$Lambda$234/1157058691
2515:             1             16  org.springframework.boot.autoconfigure.web.embedded.TomcatWebServerFactoryCustomizer$$Lambda$238/1765250898
2516:             1             16  org.springframework.boot.autoconfigure.web.embedded.TomcatWebServerFactoryCustomizer$$Lambda$250/1586845078
2517:             1             16  org.springframework.boot.autoconfigure.web.embedded.TomcatWebServerFactoryCustomizer$$Lambda$253/336484883
2518:             1             16  org.springframework.boot.autoconfigure.web.embedded.TomcatWebServerFactoryCustomizer$$Lambda$265/708890004
2519:             1             16  org.springframework.boot.autoconfigure.web.servlet.DispatcherServletAutoConfiguration$DefaultDispatcherServletCondition
2520:             1             16  org.springframework.boot.autoconfigure.web.servlet.DispatcherServletAutoConfiguration$DispatcherServletRegistrationCondition
2521:             1             16  org.springframework.boot.autoconfigure.web.servlet.HttpEncodingAutoConfiguration$LocaleCharsetMappingsCustomizer
2522:             1             16  org.springframework.boot.autoconfigure.web.servlet.JspTemplateAvailabilityProvider
2523:             1             16  org.springframework.boot.autoconfigure.web.servlet.ServletWebServerFactoryCustomizer
2524:             1             16  org.springframework.boot.autoconfigure.web.servlet.TomcatServletWebServerFactoryCustomizer
2525:             1             16  org.springframework.boot.autoconfigure.web.servlet.WebMvcProperties$Async
2526:             1             16  org.springframework.boot.autoconfigure.web.servlet.WebMvcProperties$Pathmatch
2527:             1             16  org.springframework.boot.autoconfigure.web.servlet.WebMvcProperties$Servlet
2528:             1             16  org.springframework.boot.autoconfigure.web.servlet.error.ErrorMvcAutoConfiguration$ErrorTemplateMissingCondition
2529:             1             16  org.springframework.boot.autoconfigure.web.servlet.error.ErrorMvcAutoConfiguration$PreserveErrorControllerTargetClassPostProcessor
2530:             1             16  org.springframework.boot.autoconfigure.websocket.servlet.TomcatWebSocketServletWebServerCustomizer
2531:             1             16  org.springframework.boot.autoconfigure.websocket.servlet.TomcatWebSocketServletWebServerCustomizer$$Lambda$205/1256728724
2532:             1             16  org.springframework.boot.context.ConfigurationWarningsApplicationContextInitializer
2533:             1             16  org.springframework.boot.context.ConfigurationWarningsApplicationContextInitializer$ComponentScanPackageCheck
2534:             1             16  org.springframework.boot.context.ConfigurationWarningsApplicationContextInitializer$ConfigurationWarningsPostProcessor
2535:             1             16  org.springframework.boot.context.ContextIdApplicationContextInitializer
2536:             1             16  org.springframework.boot.context.FileEncodingApplicationListener
2537:             1             16  org.springframework.boot.context.config.AnsiOutputApplicationListener
2538:             1             16  org.springframework.boot.context.config.AnsiOutputApplicationListener$$Lambda$79/1818402158
2539:             1             16  org.springframework.boot.context.config.ConfigFileApplicationListener$Loader$$Lambda$25/2111991224
2540:             1             16  org.springframework.boot.context.config.ConfigFileApplicationListener$Loader$$Lambda$33/758529971
2541:             1             16  org.springframework.boot.context.config.ConfigFileApplicationListener$Loader$$Lambda$62/1830712962
2542:             1             16  org.springframework.boot.context.config.ConfigFileApplicationListener$Loader$$Lambda$68/142638629
2543:             1             16  org.springframework.boot.context.config.DelegatingApplicationContextInitializer
2544:             1             16  org.springframework.boot.context.logging.ClasspathLoggingApplicationListener
2545:             1             16  org.springframework.boot.context.logging.LoggingApplicationListener$$Lambda$91/1983747920
2546:             1             16  org.springframework.boot.context.properties.CompositePropertySources
2547:             1             16  org.springframework.boot.context.properties.CompositePropertySources$$Lambda$186/1920467934
2548:             1             16  org.springframework.boot.context.properties.ConfigurationPropertiesBinder$$Lambda$185/1282811396
2549:             1             16  org.springframework.boot.context.properties.EnableConfigurationPropertiesImportSelector$ConfigurationPropertiesBeanRegistrar$$Lambda$164/174573182
2550:             1             16  org.springframework.boot.context.properties.EnableConfigurationPropertiesImportSelector$ConfigurationPropertiesBeanRegistrar$$Lambda$165/858242339
2551:             1             16  org.springframework.boot.context.properties.EnableConfigurationPropertiesImportSelector$ConfigurationPropertiesBeanRegistrar$$Lambda$166/1310540333
2552:             1             16  org.springframework.boot.context.properties.PropertyMapper$$Lambda$206/1832580921
2553:             1             16  org.springframework.boot.context.properties.PropertyMapper$Source$$Lambda$209/1902260856
2554:             1             16  org.springframework.boot.context.properties.bind.BindHandler$1
2555:             1             16  org.springframework.boot.context.properties.bind.BindResult
2556:             1             16  org.springframework.boot.context.properties.bind.Binder$$Lambda$192/1545087375
2557:             1             16  org.springframework.boot.context.properties.bind.Binder$$Lambda$49/1971489295
2558:             1             16  org.springframework.boot.context.properties.bind.JavaBeanBinder
2559:             1             16  org.springframework.boot.context.properties.bind.JavaBeanBinder$Bean$$Lambda$194/1338841523
2560:             1             16  org.springframework.boot.context.properties.bind.JavaBeanBinder$Bean$$Lambda$196/1561408618
2561:             1             16  org.springframework.boot.context.properties.bind.JavaBeanBinder$Bean$$Lambda$197/2050404090
2562:             1             16  org.springframework.boot.context.properties.source.ConfigurationPropertyName$$Lambda$54/1094834071
2563:             1             16  org.springframework.boot.context.properties.source.ConfigurationPropertyName$$Lambda$72/317983781
2564:             1             16  org.springframework.boot.context.properties.source.ConfigurationPropertyName$CharProcessor$$Lambda$55/1279149968
2565:             1             16  org.springframework.boot.context.properties.source.ConfigurationPropertyName$CharProcessor$$Lambda$56/59559151
2566:             1             16  org.springframework.boot.context.properties.source.SpringConfigurationPropertySource$$Lambda$47/1433867275
2567:             1             16  org.springframework.boot.context.properties.source.SpringConfigurationPropertySource$$Lambda$78/1749186397
2568:             1             16  org.springframework.boot.context.properties.source.SystemEnvironmentPropertyMapper
2569:             1             16  org.springframework.boot.context.properties.source.SystemEnvironmentPropertyMapper$$Lambda$75/783286238
2570:             1             16  org.springframework.boot.convert.ArrayToDelimitedStringConverter
2571:             1             16  org.springframework.boot.convert.CharArrayFormatter
2572:             1             16  org.springframework.boot.convert.DelimitedStringToArrayConverter
2573:             1             16  org.springframework.boot.convert.DelimitedStringToCollectionConverter
2574:             1             16  org.springframework.boot.convert.DurationToNumberConverter
2575:             1             16  org.springframework.boot.convert.DurationToStringConverter
2576:             1             16  org.springframework.boot.convert.InetAddressFormatter
2577:             1             16  org.springframework.boot.convert.IsoOffsetFormatter
2578:             1             16  org.springframework.boot.convert.NumberToDurationConverter
2579:             1             16  org.springframework.boot.convert.StringToEnumIgnoringCaseConverterFactory
2580:             1             16  org.springframework.boot.diagnostics.analyzer.BeanCurrentlyInCreationFailureAnalyzer
2581:             1             16  org.springframework.boot.diagnostics.analyzer.BeanNotOfRequiredTypeFailureAnalyzer
2582:             1             16  org.springframework.boot.diagnostics.analyzer.BindFailureAnalyzer
2583:             1             16  org.springframework.boot.diagnostics.analyzer.BindValidationFailureAnalyzer
2584:             1             16  org.springframework.boot.diagnostics.analyzer.ConnectorStartFailureAnalyzer
2585:             1             16  org.springframework.boot.diagnostics.analyzer.InvalidConfigurationPropertyNameFailureAnalyzer
2586:             1             16  org.springframework.boot.diagnostics.analyzer.InvalidConfigurationPropertyValueFailureAnalyzer
2587:             1             16  org.springframework.boot.diagnostics.analyzer.NoUniqueBeanDefinitionFailureAnalyzer
2588:             1             16  org.springframework.boot.diagnostics.analyzer.PortInUseFailureAnalyzer
2589:             1             16  org.springframework.boot.diagnostics.analyzer.UnboundConfigurationPropertyFailureAnalyzer
2590:             1             16  org.springframework.boot.diagnostics.analyzer.ValidationExceptionFailureAnalyzer
2591:             1             16  org.springframework.boot.env.OriginTrackedYamlLoader$OriginTrackingConstructor$$Lambda$42/2085857771
2592:             1             16  org.springframework.boot.env.SpringApplicationJsonEnvironmentPostProcessor$$Lambda$22/1023487453
2593:             1             16  org.springframework.boot.env.SpringApplicationJsonEnvironmentPostProcessor$$Lambda$23/515132998
2594:             1             16  org.springframework.boot.json.JacksonJsonParser$ListTypeReference
2595:             1             16  org.springframework.boot.json.JacksonJsonParser$MapTypeReference
2596:             1             16  org.springframework.boot.liquibase.LiquibaseServiceLocatorApplicationListener
2597:             1             16  org.springframework.boot.loader.JarLauncher
2598:             1             16  org.springframework.boot.loader.jar.JarFile$$Lambda$6/521645586
2599:             1             16  org.springframework.boot.loader.jar.JarURLConnection$1
2600:             1             16  org.springframework.boot.logging.DeferredLog
2601:             1             16  org.springframework.boot.logging.LoggerConfigurationComparator
2602:             1             16  org.springframework.boot.logging.LoggingSystem$$Lambda$21/914424520
2603:             1             16  org.springframework.boot.logging.logback.LogbackLoggingSystem
2604:             1             16  org.springframework.boot.util.LambdaSafe$InvocationResult
2605:             1             16  org.springframework.boot.web.context.ServerPortInfoApplicationContextInitializer
2606:             1             16  org.springframework.boot.web.embedded.tomcat.TomcatServletWebServerFactory$DisablePersistSessionListener
2607:             1             16  org.springframework.boot.web.embedded.tomcat.TomcatWebServer$$Lambda$322/581318631
2608:             1             16  org.springframework.boot.web.embedded.tomcat.TomcatWebServer$$Lambda$323/1877453512
2609:             1             16  org.springframework.boot.web.embedded.tomcat.TomcatWebServer$$Lambda$324/487694075
2610:             1             16  org.springframework.boot.web.server.Http2
2611:             1             16  org.springframework.boot.web.servlet.ServletContextInitializerBeans$$Lambda$275/427991457
2612:             1             16  org.springframework.boot.web.servlet.ServletContextInitializerBeans$$Lambda$276/77697737
2613:             1             16  org.springframework.boot.web.servlet.context.ServletWebServerApplicationContext$$Lambda$269/624271064
2614:             1             16  org.springframework.boot.web.servlet.error.DefaultErrorAttributes
2615:             1             16  org.springframework.boot.web.servlet.server.AbstractServletWebServerFactory$$Lambda$271/93314457
2616:             1             16  org.springframework.boot.web.servlet.server.AbstractServletWebServerFactory$SessionConfiguringInitializer
2617:             1             16  org.springframework.boot.web.servlet.server.SessionStoreDirectory
2618:             1             16  org.springframework.boot.web.servlet.server.StaticResourceJars
2619:             1             16  org.springframework.cglib.core.AbstractClassGenerator$ClassLoaderData$1
2620:             1             16  org.springframework.cglib.core.AbstractClassGenerator$ClassLoaderData$2
2621:             1             16  org.springframework.cglib.core.AbstractClassGenerator$ClassLoaderData$3
2622:             1             16  org.springframework.cglib.core.DefaultGeneratorStrategy
2623:             1             16  org.springframework.cglib.core.DefaultNamingPolicy
2624:             1             16  org.springframework.cglib.core.KeyFactory$1
2625:             1             16  org.springframework.cglib.core.KeyFactory$2
2626:             1             16  org.springframework.cglib.core.KeyFactory$3
2627:             1             16  org.springframework.cglib.core.KeyFactory$4
2628:             1             16  org.springframework.cglib.core.MethodInfoTransformer
2629:             1             16  org.springframework.cglib.core.SpringNamingPolicy
2630:             1             16  org.springframework.cglib.core.internal.LoadingCache$1
2631:             1             16  org.springframework.cglib.proxy.Enhancer$1
2632:             1             16  org.springframework.cglib.proxy.FixedValueGenerator
2633:             1             16  org.springframework.cglib.proxy.InvocationHandlerGenerator
2634:             1             16  org.springframework.cglib.proxy.LazyLoaderGenerator
2635:             1             16  org.springframework.cglib.proxy.MethodInterceptorGenerator
2636:             1             16  org.springframework.cglib.proxy.MethodInterceptorGenerator$1
2637:             1             16  org.springframework.cglib.proxy.NoOp$1
2638:             1             16  org.springframework.cglib.proxy.NoOpGenerator
2639:             1             16  org.springframework.context.annotation.ConfigurationClassEnhancer$BeanFactoryAwareMethodInterceptor
2640:             1             16  org.springframework.context.annotation.ConfigurationClassEnhancer$BeanMethodInterceptor
2641:             1             16  org.springframework.context.annotation.ConfigurationClassParser$$Lambda$117/1854778591
2642:             1             16  org.springframework.context.annotation.ConfigurationClassPostProcessor$$Lambda$116/1784662007
2643:             1             16  org.springframework.context.annotation.ConfigurationClassPostProcessor$1
2644:             1             16  org.springframework.context.annotation.ConfigurationClassPostProcessor$ImportAwareBeanPostProcessor
2645:             1             16  org.springframework.context.event.DefaultEventListenerFactory
2646:             1             16  org.springframework.context.event.EventListenerMethodProcessor$$Lambda$315/158199555
2647:             1             16  org.springframework.context.expression.BeanExpressionContextAccessor
2648:             1             16  org.springframework.context.expression.BeanFactoryAccessor
2649:             1             16  org.springframework.context.expression.BeanFactoryResolver
2650:             1             16  org.springframework.context.expression.EnvironmentAccessor
2651:             1             16  org.springframework.context.expression.MapAccessor
2652:             1             16  org.springframework.context.expression.StandardBeanExpressionResolver$1
2653:             1             16  org.springframework.context.index.CandidateComponentsIndexLoader$$Lambda$105/717356484
2654:             1             16  org.springframework.core.$Proxy54
2655:             1             16  org.springframework.core.$Proxy59
2656:             1             16  org.springframework.core.OrderComparator
2657:             1             16  org.springframework.core.ResolvableType$EmptyType
2658:             1             16  org.springframework.core.annotation.AnnotatedElementUtils$AlwaysTrueBooleanAnnotationProcessor
2659:             1             16  org.springframework.core.annotation.AnnotationAwareOrderComparator
2660:             1             16  org.springframework.core.io.DefaultResourceLoader$$Lambda$104/947679291
2661:             1             16  org.springframework.core.io.support.DefaultPropertySourceFactory
2662:             1             16  org.springframework.expression.spel.support.StandardOperatorOverloader
2663:             1             16  org.springframework.expression.spel.support.StandardTypeComparator
2664:             1             16  org.springframework.http.MediaType$$Lambda$103/452279866
2665:             1             16  org.springframework.http.MediaType$1
2666:             1             16  org.springframework.http.converter.json.SpringHandlerInstantiator
2667:             1             16  org.springframework.http.converter.xml.Jaxb2RootElementHttpMessageConverter$$Lambda$108/396689979
2668:             1             16  org.springframework.http.converter.xml.SourceHttpMessageConverter$$Lambda$106/202856244
2669:             1             16  org.springframework.http.converter.xml.SourceHttpMessageConverter$$Lambda$107/1299345358
2670:             1             16  org.springframework.objenesis.strategy.StdInstantiatorStrategy
2671:             1             16  org.springframework.util.ClassUtils$$Lambda$8/1401420256
2672:             1             16  org.springframework.util.ConcurrentReferenceHashMap$EntrySet
2673:             1             16  org.springframework.util.DefaultPropertiesPersister
2674:             1             16  org.springframework.util.LinkedMultiValueMap$$Lambda$13/1190035432
2675:             1             16  org.springframework.util.LinkedMultiValueMap$$Lambda$9/1174361318
2676:             1             16  org.springframework.util.MimeType$SpecificityComparator
2677:             1             16  org.springframework.util.ReflectionUtils$$Lambda$10/2007328737
2678:             1             16  org.springframework.util.ReflectionUtils$$Lambda$11/277630005
2679:             1             16  org.springframework.util.ReflectionUtils$$Lambda$12/1288354730
2680:             1             16  org.springframework.validation.beanvalidation.LocaleContextMessageInterpolator
2681:             1             16  org.springframework.validation.beanvalidation.MethodValidationInterceptor
2682:             1             16  org.springframework.validation.beanvalidation.SpringConstraintValidatorFactory
2683:             1             16  org.springframework.web.bind.support.DefaultSessionAttributeStore
2684:             1             16  org.springframework.web.context.request.SessionScope
2685:             1             16  org.springframework.web.context.support.WebApplicationContextUtils$RequestObjectFactory
2686:             1             16  org.springframework.web.context.support.WebApplicationContextUtils$ResponseObjectFactory
2687:             1             16  org.springframework.web.context.support.WebApplicationContextUtils$SessionObjectFactory
2688:             1             16  org.springframework.web.context.support.WebApplicationContextUtils$WebRequestObjectFactory
2689:             1             16  org.springframework.web.method.annotation.ErrorsMethodArgumentResolver
2690:             1             16  org.springframework.web.method.annotation.RequestHeaderMapMethodArgumentResolver
2691:             1             16  org.springframework.web.method.annotation.SessionStatusMethodArgumentResolver
2692:             1             16  org.springframework.web.multipart.support.StandardServletMultipartResolver
2693:             1             16  org.springframework.web.servlet.config.annotation.InterceptorRegistry$$Lambda$287/111156771
2694:             1             16  org.springframework.web.servlet.config.annotation.InterceptorRegistry$$Lambda$288/2143437117
2695:             1             16  org.springframework.web.servlet.config.annotation.WebMvcConfigurerComposite
2696:             1             16  org.springframework.web.servlet.handler.AbstractHandlerMethodMapping$EmptyHandler
2697:             1             16  org.springframework.web.servlet.handler.ConversionServiceExposingInterceptor
2698:             1             16  org.springframework.web.servlet.mvc.HttpRequestHandlerAdapter
2699:             1             16  org.springframework.web.servlet.mvc.SimpleControllerHandlerAdapter
2700:             1             16  org.springframework.web.servlet.mvc.method.RequestMappingInfoHandlerMethodMappingNamingStrategy
2701:             1             16  org.springframework.web.servlet.mvc.method.annotation.AsyncTaskMethodReturnValueHandler
2702:             1             16  org.springframework.web.servlet.mvc.method.annotation.CallableMethodReturnValueHandler
2703:             1             16  org.springframework.web.servlet.mvc.method.annotation.DeferredResultMethodReturnValueHandler
2704:             1             16  org.springframework.web.servlet.mvc.method.annotation.HttpHeadersReturnValueHandler
2705:             1             16  org.springframework.web.servlet.mvc.method.annotation.JsonViewRequestBodyAdvice
2706:             1             16  org.springframework.web.servlet.mvc.method.annotation.RequestMappingHandlerAdapter$$Lambda$281/1527430292
2707:             1             16  org.springframework.web.servlet.mvc.method.annotation.RequestMappingHandlerAdapter$$Lambda$282/1975546571
2708:             1             16  org.springframework.web.servlet.mvc.method.annotation.StreamingResponseBodyReturnValueHandler
2709:             1             16  org.springframework.web.servlet.mvc.method.annotation.UriComponentsBuilderMethodArgumentResolver
2710:             1             16  org.springframework.web.servlet.resource.ResourceUrlProviderExposingInterceptor
2711:             1             16  org.springframework.web.servlet.view.AbstractCachingViewResolver$1
2712:             1             16  org.springframework.web.servlet.view.ContentNegotiatingViewResolver$1
2713:             1             16  org.yaml.snakeyaml.constructor.SafeConstructor$ConstructUndefined
2714:             1             16  org.yaml.snakeyaml.external.com.google.gdata.util.common.base.UnicodeEscaper$2
2715:             1             16  sun.management.ClassLoadingImpl
2716:             1             16  sun.management.HotSpotDiagnostic
2717:             1             16  sun.management.ManagementFactoryHelper$PlatformLoggingImpl
2718:             1             16  sun.misc.ASCIICaseInsensitiveComparator
2719:             1             16  sun.misc.FloatingDecimal$1
2720:             1             16  sun.misc.Launcher
2721:             1             16  sun.misc.Launcher$Factory
2722:             1             16  sun.misc.Perf
2723:             1             16  sun.misc.Unsafe
2724:             1             16  sun.net.ExtendedOptionsImpl$$Lambda$321/293907205
2725:             1             16  sun.net.www.protocol.jar.JarFileFactory
2726:             1             16  sun.nio.ch.ExtendedSocketOption$1
2727:             1             16  sun.nio.ch.FileChannelImpl$1
2728:             1             16  sun.nio.ch.Net$1
2729:             1             16  sun.nio.ch.Util$1
2730:             1             16  sun.nio.ch.WindowsSelectorProvider
2731:             1             16  sun.nio.cs.CharsetMapping$2
2732:             1             16  sun.nio.cs.CharsetMapping$3
2733:             1             16  sun.nio.cs.CharsetMapping$4
2734:             1             16  sun.nio.fs.WindowsFileSystemProvider
2735:             1             16  sun.reflect.GeneratedConstructorAccessor1
2736:             1             16  sun.reflect.GeneratedConstructorAccessor10
2737:             1             16  sun.reflect.GeneratedConstructorAccessor11
2738:             1             16  sun.reflect.GeneratedConstructorAccessor12
2739:             1             16  sun.reflect.GeneratedConstructorAccessor13
2740:             1             16  sun.reflect.GeneratedConstructorAccessor14
2741:             1             16  sun.reflect.GeneratedConstructorAccessor15
2742:             1             16  sun.reflect.GeneratedConstructorAccessor16
2743:             1             16  sun.reflect.GeneratedConstructorAccessor17
2744:             1             16  sun.reflect.GeneratedConstructorAccessor18
2745:             1             16  sun.reflect.GeneratedConstructorAccessor19
2746:             1             16  sun.reflect.GeneratedConstructorAccessor2
2747:             1             16  sun.reflect.GeneratedConstructorAccessor20
2748:             1             16  sun.reflect.GeneratedConstructorAccessor21
2749:             1             16  sun.reflect.GeneratedConstructorAccessor22
2750:             1             16  sun.reflect.GeneratedConstructorAccessor23
2751:             1             16  sun.reflect.GeneratedConstructorAccessor24
2752:             1             16  sun.reflect.GeneratedConstructorAccessor25
2753:             1             16  sun.reflect.GeneratedConstructorAccessor26
2754:             1             16  sun.reflect.GeneratedConstructorAccessor3
2755:             1             16  sun.reflect.GeneratedConstructorAccessor4
2756:             1             16  sun.reflect.GeneratedConstructorAccessor5
2757:             1             16  sun.reflect.GeneratedConstructorAccessor6
2758:             1             16  sun.reflect.GeneratedConstructorAccessor7
2759:             1             16  sun.reflect.GeneratedConstructorAccessor8
2760:             1             16  sun.reflect.GeneratedConstructorAccessor9
2761:             1             16  sun.reflect.GeneratedMethodAccessor1
2762:             1             16  sun.reflect.GeneratedMethodAccessor10
2763:             1             16  sun.reflect.GeneratedMethodAccessor11
2764:             1             16  sun.reflect.GeneratedMethodAccessor12
2765:             1             16  sun.reflect.GeneratedMethodAccessor13
2766:             1             16  sun.reflect.GeneratedMethodAccessor14
2767:             1             16  sun.reflect.GeneratedMethodAccessor15
2768:             1             16  sun.reflect.GeneratedMethodAccessor16
2769:             1             16  sun.reflect.GeneratedMethodAccessor17
2770:             1             16  sun.reflect.GeneratedMethodAccessor18
2771:             1             16  sun.reflect.GeneratedMethodAccessor19
2772:             1             16  sun.reflect.GeneratedMethodAccessor2
2773:             1             16  sun.reflect.GeneratedMethodAccessor20
2774:             1             16  sun.reflect.GeneratedMethodAccessor21
2775:             1             16  sun.reflect.GeneratedMethodAccessor22
2776:             1             16  sun.reflect.GeneratedMethodAccessor23
2777:             1             16  sun.reflect.GeneratedMethodAccessor24
2778:             1             16  sun.reflect.GeneratedMethodAccessor25
2779:             1             16  sun.reflect.GeneratedMethodAccessor26
2780:             1             16  sun.reflect.GeneratedMethodAccessor27
2781:             1             16  sun.reflect.GeneratedMethodAccessor3
2782:             1             16  sun.reflect.GeneratedMethodAccessor4
2783:             1             16  sun.reflect.GeneratedMethodAccessor5
2784:             1             16  sun.reflect.GeneratedMethodAccessor6
2785:             1             16  sun.reflect.GeneratedMethodAccessor7
2786:             1             16  sun.reflect.GeneratedMethodAccessor8
2787:             1             16  sun.reflect.GeneratedMethodAccessor9
2788:             1             16  sun.reflect.ReflectionFactory
2789:             1             16  sun.reflect.generics.tree.BooleanSignature
2790:             1             16  sun.reflect.generics.tree.BottomSignature
2791:             1             16  sun.reflect.generics.tree.ByteSignature
2792:             1             16  sun.reflect.generics.tree.CharSignature
2793:             1             16  sun.reflect.generics.tree.DoubleSignature
2794:             1             16  sun.reflect.generics.tree.FloatSignature
2795:             1             16  sun.reflect.generics.tree.IntSignature
2796:             1             16  sun.reflect.generics.tree.LongSignature
2797:             1             16  sun.reflect.generics.tree.ShortSignature
2798:             1             16  sun.reflect.generics.tree.VoidDescriptor
2799:             1             16  sun.security.provider.NativeSeedGenerator
2800:             1             16  sun.security.util.AlgorithmDecomposer
2801:             1             16  sun.security.util.DisabledAlgorithmConstraints$Constraints
2802:             1             16  sun.text.normalizer.NormalizerBase$Mode
2803:             1             16  sun.text.normalizer.NormalizerBase$NFCMode
2804:             1             16  sun.text.normalizer.NormalizerBase$NFDMode
2805:             1             16  sun.text.normalizer.NormalizerBase$NFKCMode
2806:             1             16  sun.text.normalizer.NormalizerBase$NFKDMode
2807:             1             16  sun.text.normalizer.NormalizerImpl
2808:             1             16  sun.text.normalizer.NormalizerImpl$AuxTrieImpl
2809:             1             16  sun.text.normalizer.NormalizerImpl$FCDTrieImpl
2810:             1             16  sun.text.normalizer.NormalizerImpl$NormTrieImpl
2811:             1             16  sun.util.calendar.Gregorian
2812:             1             16  sun.util.locale.provider.AuxLocaleProviderAdapter$NullProvider
2813:             1             16  sun.util.locale.provider.CalendarDataUtility$CalendarWeekParameterGetter
2814:             1             16  sun.util.locale.provider.SPILocaleProviderAdapter
2815:             1             16  sun.util.locale.provider.TimeZoneNameUtility$TimeZoneNameGetter
2816:             1             16  sun.util.resources.LocaleData
2817:             1             16  sun.util.resources.LocaleData$LocaleDataResourceBundleControl
Total        370367       34999400
